[2021-12-30T00:03:55.168+0530][0.011s] Heap region size: 1M
[2021-12-30T00:03:55.427+0530][0.270s] Using G1
[2021-12-30T00:03:55.427+0530][0.270s] Heap address: 0x00000000e0000000, size: 512 MB, Compressed Oops mode: 32-bit
[2021-12-30T00:03:55.469+0530][0.312s] Periodic GC disabled
[2021-12-30T00:03:56.800+0530][1.643s] GC(0) Pause Young (Normal) (G1 Evacuation Pause)
[2021-12-30T00:03:56.800+0530][1.643s] GC(0) Using 2 workers of 2 for evacuation
[2021-12-30T00:03:56.808+0530][1.651s] GC(0)   Pre Evacuate Collection Set: 0.1ms
[2021-12-30T00:03:56.808+0530][1.651s] GC(0)   Evacuate Collection Set: 6.8ms
[2021-12-30T00:03:56.808+0530][1.651s] GC(0)   Post Evacuate Collection Set: 0.6ms
[2021-12-30T00:03:56.808+0530][1.651s] GC(0)   Other: 0.4ms
[2021-12-30T00:03:56.808+0530][1.651s] GC(0) Eden regions: 25->0(22)
[2021-12-30T00:03:56.808+0530][1.651s] GC(0) Survivor regions: 0->3(4)
[2021-12-30T00:03:56.808+0530][1.651s] GC(0) Old regions: 0->0
[2021-12-30T00:03:56.808+0530][1.651s] GC(0) Archive regions: 0->0
[2021-12-30T00:03:56.808+0530][1.651s] GC(0) Humongous regions: 0->0
[2021-12-30T00:03:56.808+0530][1.651s] GC(0) Metaspace: 12652K->12652K(1060864K)
[2021-12-30T00:03:56.808+0530][1.651s] GC(0) Pause Young (Normal) (G1 Evacuation Pause) 25M->2M(512M) 8.059ms
[2021-12-30T00:03:56.808+0530][1.651s] GC(0) User=0.01s Sys=0.00s Real=0.01s
[2021-12-30T00:03:58.187+0530][3.030s] GC(1) Pause Young (Normal) (G1 Evacuation Pause)
[2021-12-30T00:03:58.188+0530][3.031s] GC(1) Using 2 workers of 2 for evacuation
[2021-12-30T00:03:58.216+0530][3.059s] GC(1)   Pre Evacuate Collection Set: 0.1ms
[2021-12-30T00:03:58.216+0530][3.059s] GC(1)   Evacuate Collection Set: 27.3ms
[2021-12-30T00:03:58.216+0530][3.059s] GC(1)   Post Evacuate Collection Set: 0.9ms
[2021-12-30T00:03:58.216+0530][3.059s] GC(1)   Other: 0.3ms
[2021-12-30T00:03:58.216+0530][3.059s] GC(1) Eden regions: 22->0(21)
[2021-12-30T00:03:58.216+0530][3.059s] GC(1) Survivor regions: 3->4(4)
[2021-12-30T00:03:58.216+0530][3.059s] GC(1) Old regions: 0->8
[2021-12-30T00:03:58.216+0530][3.059s] GC(1) Archive regions: 0->0
[2021-12-30T00:03:58.216+0530][3.059s] GC(1) Humongous regions: 4->4
[2021-12-30T00:03:58.216+0530][3.059s] GC(1) Metaspace: 19985K->19985K(1067008K)
[2021-12-30T00:03:58.216+0530][3.059s] GC(1) Pause Young (Normal) (G1 Evacuation Pause) 28M->15M(512M) 28.788ms
[2021-12-30T00:03:58.216+0530][3.059s] GC(1) User=0.04s Sys=0.00s Real=0.03s
[2021-12-30T00:03:58.295+0530][3.138s] GC(2) Pause Young (Concurrent Start) (Metadata GC Threshold)
[2021-12-30T00:03:58.295+0530][3.138s] GC(2) Using 2 workers of 2 for evacuation
[2021-12-30T00:03:58.303+0530][3.146s] GC(2)   Pre Evacuate Collection Set: 0.1ms
[2021-12-30T00:03:58.303+0530][3.146s] GC(2)   Evacuate Collection Set: 7.9ms
[2021-12-30T00:03:58.303+0530][3.146s] GC(2)   Post Evacuate Collection Set: 0.5ms
[2021-12-30T00:03:58.303+0530][3.147s] GC(2)   Other: 0.3ms
[2021-12-30T00:03:58.304+0530][3.147s] GC(2) Eden regions: 2->0(24)
[2021-12-30T00:03:58.304+0530][3.147s] GC(2) Survivor regions: 4->1(4)
[2021-12-30T00:03:58.304+0530][3.147s] GC(2) Old regions: 8->12
[2021-12-30T00:03:58.304+0530][3.147s] GC(2) Archive regions: 0->0
[2021-12-30T00:03:58.304+0530][3.147s] GC(2) Humongous regions: 4->4
[2021-12-30T00:03:58.304+0530][3.147s] GC(2) Metaspace: 20441K->20441K(1069056K)
[2021-12-30T00:03:58.304+0530][3.147s] GC(2) Pause Young (Concurrent Start) (Metadata GC Threshold) 16M->16M(512M) 9.020ms
[2021-12-30T00:03:58.304+0530][3.147s] GC(2) User=0.01s Sys=0.00s Real=0.01s
[2021-12-30T00:03:58.304+0530][3.147s] GC(3) Concurrent Cycle
[2021-12-30T00:03:58.304+0530][3.147s] GC(3) Concurrent Clear Claimed Marks
[2021-12-30T00:03:58.304+0530][3.147s] GC(3) Concurrent Clear Claimed Marks 0.047ms
[2021-12-30T00:03:58.304+0530][3.147s] GC(3) Concurrent Scan Root Regions
[2021-12-30T00:03:58.309+0530][3.152s] GC(3) Concurrent Scan Root Regions 5.293ms
[2021-12-30T00:03:58.309+0530][3.152s] GC(3) Concurrent Mark (3.152s)
[2021-12-30T00:03:58.309+0530][3.152s] GC(3) Concurrent Mark From Roots
[2021-12-30T00:03:58.309+0530][3.152s] GC(3) Using 1 workers of 1 for marking
[2021-12-30T00:03:58.336+0530][3.179s] GC(3) Concurrent Mark From Roots 26.895ms
[2021-12-30T00:03:58.336+0530][3.179s] GC(3) Concurrent Preclean
[2021-12-30T00:03:58.336+0530][3.180s] GC(3) Concurrent Preclean 0.154ms
[2021-12-30T00:03:58.337+0530][3.180s] GC(3) Concurrent Mark (3.152s, 3.180s) 27.171ms
[2021-12-30T00:03:58.337+0530][3.180s] GC(3) Pause Remark
[2021-12-30T00:03:58.339+0530][3.182s] GC(3) Pause Remark 17M->17M(512M) 2.300ms
[2021-12-30T00:03:58.339+0530][3.182s] GC(3) User=0.01s Sys=0.00s Real=0.00s
[2021-12-30T00:03:58.339+0530][3.182s] GC(3) Concurrent Rebuild Remembered Sets
[2021-12-30T00:03:58.354+0530][3.197s] GC(3) Concurrent Rebuild Remembered Sets 15.216ms
[2021-12-30T00:03:58.355+0530][3.198s] GC(3) Pause Cleanup
[2021-12-30T00:03:58.355+0530][3.198s] GC(3) Pause Cleanup 17M->17M(512M) 0.224ms
[2021-12-30T00:03:58.355+0530][3.198s] GC(3) User=0.00s Sys=0.00s Real=0.00s
[2021-12-30T00:03:58.355+0530][3.198s] GC(3) Concurrent Cleanup for Next Mark
[2021-12-30T00:03:58.358+0530][3.201s] GC(3) Concurrent Cleanup for Next Mark 2.656ms
[2021-12-30T00:03:58.358+0530][3.201s] GC(3) Concurrent Cycle 53.869ms
[2021-12-30T00:04:00.171+0530][5.014s] GC(4) Pause Young (Normal) (G1 Evacuation Pause)
[2021-12-30T00:04:00.171+0530][5.014s] GC(4) Using 2 workers of 2 for evacuation
[2021-12-30T00:04:00.181+0530][5.024s] GC(4)   Pre Evacuate Collection Set: 0.1ms
[2021-12-30T00:04:00.181+0530][5.024s] GC(4)   Evacuate Collection Set: 8.7ms
[2021-12-30T00:04:00.181+0530][5.024s] GC(4)   Post Evacuate Collection Set: 0.5ms
[2021-12-30T00:04:00.181+0530][5.024s] GC(4)   Other: 0.3ms
[2021-12-30T00:04:00.181+0530][5.024s] GC(4) Eden regions: 24->0(28)
[2021-12-30T00:04:00.181+0530][5.024s] GC(4) Survivor regions: 1->4(4)
[2021-12-30T00:04:00.181+0530][5.024s] GC(4) Old regions: 12->13
[2021-12-30T00:04:00.181+0530][5.024s] GC(4) Archive regions: 0->0
[2021-12-30T00:04:00.181+0530][5.024s] GC(4) Humongous regions: 4->4
[2021-12-30T00:04:00.181+0530][5.024s] GC(4) Metaspace: 23614K->23614K(1071104K)
[2021-12-30T00:04:00.181+0530][5.024s] GC(4) Pause Young (Normal) (G1 Evacuation Pause) 40M->20M(512M) 9.817ms
[2021-12-30T00:04:00.181+0530][5.024s] GC(4) User=0.01s Sys=0.00s Real=0.01s
[2021-12-30T00:04:01.310+0530][6.153s] GC(5) Pause Young (Normal) (G1 Evacuation Pause)
[2021-12-30T00:04:01.310+0530][6.153s] GC(5) Using 2 workers of 2 for evacuation
[2021-12-30T00:04:01.326+0530][6.169s] GC(5)   Pre Evacuate Collection Set: 0.1ms
[2021-12-30T00:04:01.326+0530][6.169s] GC(5)   Evacuate Collection Set: 13.1ms
[2021-12-30T00:04:01.326+0530][6.169s] GC(5)   Post Evacuate Collection Set: 2.2ms
[2021-12-30T00:04:01.326+0530][6.169s] GC(5)   Other: 0.3ms
[2021-12-30T00:04:01.326+0530][6.169s] GC(5) Eden regions: 28->0(34)
[2021-12-30T00:04:01.326+0530][6.169s] GC(5) Survivor regions: 4->3(4)
[2021-12-30T00:04:01.326+0530][6.169s] GC(5) Old regions: 13->17
[2021-12-30T00:04:01.326+0530][6.169s] GC(5) Archive regions: 0->0
[2021-12-30T00:04:01.326+0530][6.169s] GC(5) Humongous regions: 4->4
[2021-12-30T00:04:01.326+0530][6.169s] GC(5) Metaspace: 27192K->27192K(1075200K)
[2021-12-30T00:04:01.326+0530][6.169s] GC(5) Pause Young (Normal) (G1 Evacuation Pause) 48M->23M(512M) 15.897ms
[2021-12-30T00:04:01.326+0530][6.169s] GC(5) User=0.02s Sys=0.00s Real=0.01s
[2021-12-30T00:04:02.575+0530][7.418s] GC(6) Pause Young (Normal) (G1 Evacuation Pause)
[2021-12-30T00:04:02.575+0530][7.418s] GC(6) Using 2 workers of 2 for evacuation
[2021-12-30T00:04:02.585+0530][7.428s] GC(6)   Pre Evacuate Collection Set: 0.1ms
[2021-12-30T00:04:02.585+0530][7.428s] GC(6)   Evacuate Collection Set: 5.3ms
[2021-12-30T00:04:02.585+0530][7.428s] GC(6)   Post Evacuate Collection Set: 4.2ms
[2021-12-30T00:04:02.585+0530][7.428s] GC(6)   Other: 0.3ms
[2021-12-30T00:04:02.585+0530][7.428s] GC(6) Eden regions: 34->0(63)
[2021-12-30T00:04:02.585+0530][7.428s] GC(6) Survivor regions: 3->1(5)
[2021-12-30T00:04:02.585+0530][7.428s] GC(6) Old regions: 17->20
[2021-12-30T00:04:02.585+0530][7.428s] GC(6) Archive regions: 0->0
[2021-12-30T00:04:02.585+0530][7.428s] GC(6) Humongous regions: 4->4
[2021-12-30T00:04:02.585+0530][7.428s] GC(6) Metaspace: 28257K->28257K(1075200K)
[2021-12-30T00:04:02.585+0530][7.428s] GC(6) Pause Young (Normal) (G1 Evacuation Pause) 57M->23M(512M) 10.153ms
[2021-12-30T00:04:02.585+0530][7.428s] GC(6) User=0.00s Sys=0.00s Real=0.01s
[2021-12-30T00:04:05.621+0530][10.464s] GC(7) Pause Young (Concurrent Start) (Metadata GC Threshold)
[2021-12-30T00:04:05.621+0530][10.464s] GC(7) Using 2 workers of 2 for evacuation
[2021-12-30T00:04:05.628+0530][10.471s] GC(7)   Pre Evacuate Collection Set: 0.2ms
[2021-12-30T00:04:05.628+0530][10.471s] GC(7)   Evacuate Collection Set: 5.5ms
[2021-12-30T00:04:05.628+0530][10.471s] GC(7)   Post Evacuate Collection Set: 1.7ms
[2021-12-30T00:04:05.628+0530][10.471s] GC(7)   Other: 0.3ms
[2021-12-30T00:04:05.628+0530][10.471s] GC(7) Eden regions: 60->0(151)
[2021-12-30T00:04:05.628+0530][10.472s] GC(7) Survivor regions: 1->2(8)
[2021-12-30T00:04:05.628+0530][10.472s] GC(7) Old regions: 20->20
[2021-12-30T00:04:05.628+0530][10.472s] GC(7) Archive regions: 0->0
[2021-12-30T00:04:05.629+0530][10.472s] GC(7) Humongous regions: 4->4
[2021-12-30T00:04:05.629+0530][10.472s] GC(7) Metaspace: 35309K->35309K(1081344K)
[2021-12-30T00:04:05.629+0530][10.472s] GC(7) Pause Young (Concurrent Start) (Metadata GC Threshold) 83M->24M(512M) 7.942ms
[2021-12-30T00:04:05.629+0530][10.472s] GC(7) User=0.01s Sys=0.00s Real=0.01s
[2021-12-30T00:04:05.629+0530][10.472s] GC(8) Concurrent Cycle
[2021-12-30T00:04:05.629+0530][10.472s] GC(8) Concurrent Clear Claimed Marks
[2021-12-30T00:04:05.629+0530][10.472s] GC(8) Concurrent Clear Claimed Marks 0.066ms
[2021-12-30T00:04:05.629+0530][10.472s] GC(8) Concurrent Scan Root Regions
[2021-12-30T00:04:05.631+0530][10.474s] GC(8) Concurrent Scan Root Regions 1.871ms
[2021-12-30T00:04:05.631+0530][10.474s] GC(8) Concurrent Mark (10.474s)
[2021-12-30T00:04:05.631+0530][10.474s] GC(8) Concurrent Mark From Roots
[2021-12-30T00:04:05.631+0530][10.474s] GC(8) Using 1 workers of 1 for marking
[2021-12-30T00:04:05.722+0530][10.565s] GC(8) Concurrent Mark From Roots 90.900ms
[2021-12-30T00:04:05.722+0530][10.565s] GC(8) Concurrent Preclean
[2021-12-30T00:04:05.722+0530][10.565s] GC(8) Concurrent Preclean 0.164ms
[2021-12-30T00:04:05.722+0530][10.565s] GC(8) Concurrent Mark (10.474s, 10.565s) 91.186ms
[2021-12-30T00:04:05.734+0530][10.577s] GC(8) Pause Remark
[2021-12-30T00:04:05.737+0530][10.580s] GC(8) Pause Remark 26M->26M(512M) 2.937ms
[2021-12-30T00:04:05.737+0530][10.580s] GC(8) User=0.01s Sys=0.00s Real=0.00s
[2021-12-30T00:04:05.739+0530][10.583s] GC(8) Concurrent Rebuild Remembered Sets
[2021-12-30T00:04:05.763+0530][10.606s] GC(8) Concurrent Rebuild Remembered Sets 23.916ms
[2021-12-30T00:04:05.766+0530][10.609s] GC(8) Pause Cleanup
[2021-12-30T00:04:05.766+0530][10.609s] GC(8) Pause Cleanup 26M->26M(512M) 0.298ms
[2021-12-30T00:04:05.766+0530][10.609s] GC(8) User=0.00s Sys=0.00s Real=0.00s
[2021-12-30T00:04:05.766+0530][10.609s] GC(8) Concurrent Cleanup for Next Mark
[2021-12-30T00:04:05.771+0530][10.614s] GC(8) Concurrent Cleanup for Next Mark 5.012ms
[2021-12-30T00:04:05.771+0530][10.614s] GC(8) Concurrent Cycle 142.826ms
[2021-12-30T00:20:25.686+0530][990.529s] Heap
[2021-12-30T00:20:25.686+0530][990.529s]  garbage-first heap   total 524288K, used 117480K [0x00000000e0000000, 0x0000000100000000)
[2021-12-30T00:20:25.686+0530][990.529s]   region size 1024K, 93 young (95232K), 2 survivors (2048K)
[2021-12-30T00:20:25.686+0530][990.529s]  Metaspace       used 42883K, capacity 43744K, committed 43856K, reserved 1087488K
[2021-12-30T00:20:25.686+0530][990.529s]   class space    used 4649K, capacity 4976K, committed 4992K, reserved 1048576K
