[2021-12-26T17:11:16.848+0530][0.015s] Heap region size: 1M
[2021-12-26T17:11:17.112+0530][0.279s] Using G1
[2021-12-26T17:11:17.112+0530][0.279s] Heap address: 0x00000000e0000000, size: 512 MB, Compressed Oops mode: 32-bit
[2021-12-26T17:11:17.153+0530][0.320s] Periodic GC disabled
[2021-12-26T17:11:19.263+0530][2.430s] GC(0) Pause Young (Normal) (G1 Evacuation Pause)
[2021-12-26T17:11:19.263+0530][2.430s] GC(0) Using 2 workers of 2 for evacuation
[2021-12-26T17:11:19.269+0530][2.436s] GC(0)   Pre Evacuate Collection Set: 0.1ms
[2021-12-26T17:11:19.269+0530][2.436s] GC(0)   Evacuate Collection Set: 5.1ms
[2021-12-26T17:11:19.269+0530][2.436s] GC(0)   Post Evacuate Collection Set: 0.6ms
[2021-12-26T17:11:19.269+0530][2.436s] GC(0)   Other: 0.4ms
[2021-12-26T17:11:19.269+0530][2.436s] GC(0) Eden regions: 25->0(22)
[2021-12-26T17:11:19.269+0530][2.436s] GC(0) Survivor regions: 0->3(4)
[2021-12-26T17:11:19.269+0530][2.436s] GC(0) Old regions: 0->0
[2021-12-26T17:11:19.269+0530][2.436s] GC(0) Archive regions: 0->0
[2021-12-26T17:11:19.269+0530][2.436s] GC(0) Humongous regions: 0->0
[2021-12-26T17:11:19.269+0530][2.436s] GC(0) Metaspace: 12619K->12619K(1060864K)
[2021-12-26T17:11:19.269+0530][2.436s] GC(0) Pause Young (Normal) (G1 Evacuation Pause) 25M->2M(512M) 6.292ms
[2021-12-26T17:11:19.269+0530][2.436s] GC(0) User=0.01s Sys=0.00s Real=0.01s
[2021-12-26T17:11:20.884+0530][4.051s] GC(1) Pause Young (Normal) (G1 Evacuation Pause)
[2021-12-26T17:11:20.884+0530][4.051s] GC(1) Using 2 workers of 2 for evacuation
[2021-12-26T17:11:20.915+0530][4.082s] GC(1)   Pre Evacuate Collection Set: 0.1ms
[2021-12-26T17:11:20.915+0530][4.082s] GC(1)   Evacuate Collection Set: 29.8ms
[2021-12-26T17:11:20.915+0530][4.082s] GC(1)   Post Evacuate Collection Set: 0.7ms
[2021-12-26T17:11:20.915+0530][4.082s] GC(1)   Other: 0.3ms
[2021-12-26T17:11:20.915+0530][4.082s] GC(1) Eden regions: 22->0(21)
[2021-12-26T17:11:20.915+0530][4.082s] GC(1) Survivor regions: 3->4(4)
[2021-12-26T17:11:20.915+0530][4.082s] GC(1) Old regions: 0->8
[2021-12-26T17:11:20.915+0530][4.082s] GC(1) Archive regions: 0->0
[2021-12-26T17:11:20.915+0530][4.082s] GC(1) Humongous regions: 4->4
[2021-12-26T17:11:20.915+0530][4.082s] GC(1) Metaspace: 19939K->19939K(1067008K)
[2021-12-26T17:11:20.915+0530][4.082s] GC(1) Pause Young (Normal) (G1 Evacuation Pause) 28M->15M(512M) 31.027ms
[2021-12-26T17:11:20.915+0530][4.082s] GC(1) User=0.05s Sys=0.00s Real=0.04s
[2021-12-26T17:11:21.003+0530][4.169s] GC(2) Pause Young (Concurrent Start) (Metadata GC Threshold)
[2021-12-26T17:11:21.003+0530][4.170s] GC(2) Using 2 workers of 2 for evacuation
[2021-12-26T17:11:21.012+0530][4.179s] GC(2)   Pre Evacuate Collection Set: 0.1ms
[2021-12-26T17:11:21.012+0530][4.179s] GC(2)   Evacuate Collection Set: 8.7ms
[2021-12-26T17:11:21.012+0530][4.179s] GC(2)   Post Evacuate Collection Set: 0.4ms
[2021-12-26T17:11:21.012+0530][4.179s] GC(2)   Other: 0.3ms
[2021-12-26T17:11:21.012+0530][4.179s] GC(2) Eden regions: 2->0(24)
[2021-12-26T17:11:21.012+0530][4.179s] GC(2) Survivor regions: 4->1(4)
[2021-12-26T17:11:21.012+0530][4.179s] GC(2) Old regions: 8->12
[2021-12-26T17:11:21.012+0530][4.179s] GC(2) Archive regions: 0->0
[2021-12-26T17:11:21.012+0530][4.179s] GC(2) Humongous regions: 4->4
[2021-12-26T17:11:21.012+0530][4.179s] GC(2) Metaspace: 20669K->20669K(1069056K)
[2021-12-26T17:11:21.012+0530][4.179s] GC(2) Pause Young (Concurrent Start) (Metadata GC Threshold) 16M->16M(512M) 9.670ms
[2021-12-26T17:11:21.012+0530][4.179s] GC(2) User=0.02s Sys=0.00s Real=0.01s
[2021-12-26T17:11:21.012+0530][4.179s] GC(3) Concurrent Cycle
[2021-12-26T17:11:21.012+0530][4.179s] GC(3) Concurrent Clear Claimed Marks
[2021-12-26T17:11:21.012+0530][4.179s] GC(3) Concurrent Clear Claimed Marks 0.043ms
[2021-12-26T17:11:21.012+0530][4.179s] GC(3) Concurrent Scan Root Regions
[2021-12-26T17:11:21.016+0530][4.183s] GC(3) Concurrent Scan Root Regions 3.591ms
[2021-12-26T17:11:21.016+0530][4.183s] GC(3) Concurrent Mark (4.183s)
[2021-12-26T17:11:21.016+0530][4.183s] GC(3) Concurrent Mark From Roots
[2021-12-26T17:11:21.016+0530][4.183s] GC(3) Using 1 workers of 1 for marking
[2021-12-26T17:11:21.045+0530][4.212s] GC(3) Concurrent Mark From Roots 28.943ms
[2021-12-26T17:11:21.045+0530][4.212s] GC(3) Concurrent Preclean
[2021-12-26T17:11:21.045+0530][4.212s] GC(3) Concurrent Preclean 0.066ms
[2021-12-26T17:11:21.045+0530][4.212s] GC(3) Concurrent Mark (4.183s, 4.212s) 29.103ms
[2021-12-26T17:11:21.045+0530][4.212s] GC(3) Pause Remark
[2021-12-26T17:11:21.048+0530][4.215s] GC(3) Pause Remark 17M->17M(512M) 2.504ms
[2021-12-26T17:11:21.048+0530][4.215s] GC(3) User=0.00s Sys=0.00s Real=0.00s
[2021-12-26T17:11:21.048+0530][4.215s] GC(3) Concurrent Rebuild Remembered Sets
[2021-12-26T17:11:21.078+0530][4.244s] GC(3) Concurrent Rebuild Remembered Sets 29.547ms
[2021-12-26T17:11:21.078+0530][4.245s] GC(3) Pause Cleanup
[2021-12-26T17:11:21.078+0530][4.245s] GC(3) Pause Cleanup 18M->18M(512M) 0.290ms
[2021-12-26T17:11:21.078+0530][4.245s] GC(3) User=0.00s Sys=0.00s Real=0.00s
[2021-12-26T17:11:21.078+0530][4.245s] GC(3) Concurrent Cleanup for Next Mark
[2021-12-26T17:11:21.081+0530][4.247s] GC(3) Concurrent Cleanup for Next Mark 2.262ms
[2021-12-26T17:11:21.081+0530][4.248s] GC(3) Concurrent Cycle 68.407ms
[2021-12-26T17:11:22.608+0530][5.775s] GC(4) Pause Young (Normal) (G1 Evacuation Pause)
[2021-12-26T17:11:22.608+0530][5.775s] GC(4) Using 2 workers of 2 for evacuation
[2021-12-26T17:11:22.615+0530][5.782s] GC(4)   Pre Evacuate Collection Set: 0.1ms
[2021-12-26T17:11:22.615+0530][5.782s] GC(4)   Evacuate Collection Set: 5.4ms
[2021-12-26T17:11:22.615+0530][5.782s] GC(4)   Post Evacuate Collection Set: 1.2ms
[2021-12-26T17:11:22.615+0530][5.782s] GC(4)   Other: 0.3ms
[2021-12-26T17:11:22.615+0530][5.782s] GC(4) Eden regions: 24->0(28)
[2021-12-26T17:11:22.615+0530][5.782s] GC(4) Survivor regions: 1->4(4)
[2021-12-26T17:11:22.615+0530][5.782s] GC(4) Old regions: 12->13
[2021-12-26T17:11:22.615+0530][5.782s] GC(4) Archive regions: 0->0
[2021-12-26T17:11:22.615+0530][5.782s] GC(4) Humongous regions: 4->4
[2021-12-26T17:11:22.615+0530][5.782s] GC(4) Metaspace: 23613K->23613K(1071104K)
[2021-12-26T17:11:22.615+0530][5.782s] GC(4) Pause Young (Normal) (G1 Evacuation Pause) 40M->20M(512M) 7.191ms
[2021-12-26T17:11:22.615+0530][5.782s] GC(4) User=0.02s Sys=0.00s Real=0.01s
[2021-12-26T17:11:23.871+0530][7.038s] GC(5) Pause Young (Normal) (G1 Evacuation Pause)
[2021-12-26T17:11:23.871+0530][7.038s] GC(5) Using 2 workers of 2 for evacuation
[2021-12-26T17:11:23.880+0530][7.047s] GC(5)   Pre Evacuate Collection Set: 0.1ms
[2021-12-26T17:11:23.880+0530][7.047s] GC(5)   Evacuate Collection Set: 8.0ms
[2021-12-26T17:11:23.880+0530][7.047s] GC(5)   Post Evacuate Collection Set: 1.0ms
[2021-12-26T17:11:23.880+0530][7.047s] GC(5)   Other: 0.2ms
[2021-12-26T17:11:23.880+0530][7.047s] GC(5) Eden regions: 28->0(34)
[2021-12-26T17:11:23.880+0530][7.047s] GC(5) Survivor regions: 4->3(4)
[2021-12-26T17:11:23.880+0530][7.047s] GC(5) Old regions: 13->17
[2021-12-26T17:11:23.880+0530][7.047s] GC(5) Archive regions: 0->0
[2021-12-26T17:11:23.880+0530][7.047s] GC(5) Humongous regions: 4->4
[2021-12-26T17:11:23.880+0530][7.047s] GC(5) Metaspace: 27208K->27208K(1075200K)
[2021-12-26T17:11:23.880+0530][7.047s] GC(5) Pause Young (Normal) (G1 Evacuation Pause) 48M->23M(512M) 9.446ms
[2021-12-26T17:11:23.880+0530][7.047s] GC(5) User=0.01s Sys=0.00s Real=0.01s
[2021-12-26T17:11:24.997+0530][8.164s] GC(6) Pause Young (Normal) (G1 Evacuation Pause)
[2021-12-26T17:11:24.997+0530][8.164s] GC(6) Using 2 workers of 2 for evacuation
[2021-12-26T17:11:25.003+0530][8.170s] GC(6)   Pre Evacuate Collection Set: 0.1ms
[2021-12-26T17:11:25.003+0530][8.170s] GC(6)   Evacuate Collection Set: 5.1ms
[2021-12-26T17:11:25.003+0530][8.170s] GC(6)   Post Evacuate Collection Set: 0.4ms
[2021-12-26T17:11:25.003+0530][8.170s] GC(6)   Other: 0.2ms
[2021-12-26T17:11:25.003+0530][8.170s] GC(6) Eden regions: 34->0(78)
[2021-12-26T17:11:25.003+0530][8.170s] GC(6) Survivor regions: 3->1(5)
[2021-12-26T17:11:25.003+0530][8.170s] GC(6) Old regions: 17->20
[2021-12-26T17:11:25.003+0530][8.170s] GC(6) Archive regions: 0->0
[2021-12-26T17:11:25.003+0530][8.170s] GC(6) Humongous regions: 4->4
[2021-12-26T17:11:25.003+0530][8.170s] GC(6) Metaspace: 29621K->29621K(1077248K)
[2021-12-26T17:11:25.003+0530][8.170s] GC(6) Pause Young (Normal) (G1 Evacuation Pause) 57M->23M(512M) 6.076ms
[2021-12-26T17:11:25.003+0530][8.170s] GC(6) User=0.00s Sys=0.00s Real=0.00s
[2021-12-26T17:11:26.165+0530][9.332s] GC(7) Pause Young (Concurrent Start) (Metadata GC Threshold)
[2021-12-26T17:11:26.165+0530][9.332s] GC(7) Using 2 workers of 2 for evacuation
[2021-12-26T17:11:26.169+0530][9.336s] GC(7)   Pre Evacuate Collection Set: 0.1ms
[2021-12-26T17:11:26.169+0530][9.336s] GC(7)   Evacuate Collection Set: 3.7ms
[2021-12-26T17:11:26.169+0530][9.336s] GC(7)   Post Evacuate Collection Set: 0.6ms
[2021-12-26T17:11:26.169+0530][9.336s] GC(7)   Other: 0.2ms
[2021-12-26T17:11:26.169+0530][9.336s] GC(7) Eden regions: 30->0(95)
[2021-12-26T17:11:26.170+0530][9.336s] GC(7) Survivor regions: 1->2(10)
[2021-12-26T17:11:26.170+0530][9.336s] GC(7) Old regions: 20->20
[2021-12-26T17:11:26.170+0530][9.336s] GC(7) Archive regions: 0->0
[2021-12-26T17:11:26.170+0530][9.336s] GC(7) Humongous regions: 4->4
[2021-12-26T17:11:26.170+0530][9.336s] GC(7) Metaspace: 35055K->35055K(1081344K)
[2021-12-26T17:11:26.170+0530][9.336s] GC(7) Pause Young (Concurrent Start) (Metadata GC Threshold) 53M->24M(512M) 4.892ms
[2021-12-26T17:11:26.170+0530][9.336s] GC(7) User=0.01s Sys=0.00s Real=0.00s
[2021-12-26T17:11:26.170+0530][9.336s] GC(8) Concurrent Cycle
[2021-12-26T17:11:26.170+0530][9.336s] GC(8) Concurrent Clear Claimed Marks
[2021-12-26T17:11:26.170+0530][9.337s] GC(8) Concurrent Clear Claimed Marks 0.061ms
[2021-12-26T17:11:26.170+0530][9.337s] GC(8) Concurrent Scan Root Regions
[2021-12-26T17:11:26.171+0530][9.338s] GC(8) Concurrent Scan Root Regions 1.750ms
[2021-12-26T17:11:26.172+0530][9.338s] GC(8) Concurrent Mark (9.338s)
[2021-12-26T17:11:26.172+0530][9.338s] GC(8) Concurrent Mark From Roots
[2021-12-26T17:11:26.172+0530][9.338s] GC(8) Using 1 workers of 1 for marking
[2021-12-26T17:11:26.229+0530][9.396s] GC(8) Concurrent Mark From Roots 57.665ms
[2021-12-26T17:11:26.229+0530][9.396s] GC(8) Concurrent Preclean
[2021-12-26T17:11:26.229+0530][9.396s] GC(8) Concurrent Preclean 0.130ms
[2021-12-26T17:11:26.229+0530][9.396s] GC(8) Concurrent Mark (9.338s, 9.396s) 57.905ms
[2021-12-26T17:11:26.235+0530][9.402s] GC(8) Pause Remark
[2021-12-26T17:11:26.240+0530][9.407s] GC(8) Pause Remark 25M->25M(512M) 5.244ms
[2021-12-26T17:11:26.240+0530][9.407s] GC(8) User=0.01s Sys=0.00s Real=0.00s
[2021-12-26T17:11:26.240+0530][9.407s] GC(8) Concurrent Rebuild Remembered Sets
[2021-12-26T17:11:26.271+0530][9.438s] GC(8) Concurrent Rebuild Remembered Sets 30.388ms
[2021-12-26T17:11:26.271+0530][9.438s] GC(8) Pause Cleanup
[2021-12-26T17:11:26.271+0530][9.438s] GC(8) Pause Cleanup 25M->25M(512M) 0.294ms
[2021-12-26T17:11:26.272+0530][9.438s] GC(8) User=0.00s Sys=0.00s Real=0.00s
[2021-12-26T17:11:26.272+0530][9.438s] GC(8) Concurrent Cleanup for Next Mark
[2021-12-26T17:11:26.286+0530][9.453s] GC(8) Concurrent Cleanup for Next Mark 14.257ms
[2021-12-26T17:11:26.286+0530][9.453s] GC(8) Concurrent Cycle 116.317ms
[2021-12-26T17:12:19.834+0530][63.001s] GC(9) Pause Young (Concurrent Start) (G1 Evacuation Pause)
[2021-12-26T17:12:19.834+0530][63.001s] GC(9) Using 2 workers of 2 for evacuation
[2021-12-26T17:12:19.862+0530][63.029s] GC(9)   Pre Evacuate Collection Set: 0.1ms
[2021-12-26T17:12:19.862+0530][63.029s] GC(9)   Evacuate Collection Set: 26.4ms
[2021-12-26T17:12:19.862+0530][63.029s] GC(9)   Post Evacuate Collection Set: 1.1ms
[2021-12-26T17:12:19.862+0530][63.029s] GC(9)   Other: 0.4ms
[2021-12-26T17:12:19.862+0530][63.029s] GC(9) Eden regions: 101->0(144)
[2021-12-26T17:12:19.862+0530][63.029s] GC(9) Survivor regions: 2->6(13)
[2021-12-26T17:12:19.862+0530][63.029s] GC(9) Old regions: 20->20
[2021-12-26T17:12:19.862+0530][63.029s] GC(9) Archive regions: 0->0
[2021-12-26T17:12:19.862+0530][63.029s] GC(9) Humongous regions: 4->4
[2021-12-26T17:12:19.862+0530][63.029s] GC(9) Metaspace: 42025K->42025K(1087488K)
[2021-12-26T17:12:19.862+0530][63.029s] GC(9) Pause Young (Concurrent Start) (G1 Evacuation Pause) 125M->28M(512M) 28.176ms
[2021-12-26T17:12:19.862+0530][63.029s] GC(9) User=0.05s Sys=0.00s Real=0.02s
[2021-12-26T17:12:19.862+0530][63.029s] GC(10) Concurrent Cycle
[2021-12-26T17:12:19.862+0530][63.029s] GC(10) Concurrent Clear Claimed Marks
[2021-12-26T17:12:19.862+0530][63.029s] GC(10) Concurrent Clear Claimed Marks 0.087ms
[2021-12-26T17:12:19.862+0530][63.029s] GC(10) Concurrent Scan Root Regions
[2021-12-26T17:12:19.872+0530][63.039s] GC(10) Concurrent Scan Root Regions 10.209ms
[2021-12-26T17:12:19.873+0530][63.039s] GC(10) Concurrent Mark (63.039s)
[2021-12-26T17:12:19.873+0530][63.039s] GC(10) Concurrent Mark From Roots
[2021-12-26T17:12:19.873+0530][63.039s] GC(10) Using 1 workers of 1 for marking
[2021-12-26T17:12:19.950+0530][63.116s] GC(10) Concurrent Mark From Roots 77.076ms
[2021-12-26T17:12:19.950+0530][63.116s] GC(10) Concurrent Preclean
[2021-12-26T17:12:19.950+0530][63.117s] GC(10) Concurrent Preclean 0.115ms
[2021-12-26T17:12:19.950+0530][63.117s] GC(10) Concurrent Mark (63.039s, 63.117s) 77.290ms
[2021-12-26T17:12:19.950+0530][63.117s] GC(10) Pause Remark
[2021-12-26T17:12:19.954+0530][63.121s] GC(10) Pause Remark 32M->32M(512M) 4.366ms
[2021-12-26T17:12:19.954+0530][63.121s] GC(10) User=0.01s Sys=0.00s Real=0.01s
[2021-12-26T17:12:19.955+0530][63.121s] GC(10) Concurrent Rebuild Remembered Sets
[2021-12-26T17:12:19.977+0530][63.144s] GC(10) Concurrent Rebuild Remembered Sets 22.818ms
[2021-12-26T17:12:19.978+0530][63.145s] GC(10) Pause Cleanup
[2021-12-26T17:12:19.978+0530][63.145s] GC(10) Pause Cleanup 32M->32M(512M) 0.287ms
[2021-12-26T17:12:19.978+0530][63.145s] GC(10) User=0.00s Sys=0.00s Real=0.00s
[2021-12-26T17:12:19.978+0530][63.145s] GC(10) Concurrent Cleanup for Next Mark
[2021-12-26T17:12:19.982+0530][63.149s] GC(10) Concurrent Cleanup for Next Mark 3.615ms
[2021-12-26T17:12:19.982+0530][63.149s] GC(10) Concurrent Cycle 119.725ms
[2021-12-26T17:12:21.849+0530][65.016s] GC(11) Pause Young (Normal) (G1 Evacuation Pause)
[2021-12-26T17:12:21.849+0530][65.016s] GC(11) Using 2 workers of 2 for evacuation
[2021-12-26T17:12:21.865+0530][65.031s] GC(11)   Pre Evacuate Collection Set: 0.1ms
[2021-12-26T17:12:21.865+0530][65.031s] GC(11)   Evacuate Collection Set: 14.3ms
[2021-12-26T17:12:21.865+0530][65.031s] GC(11)   Post Evacuate Collection Set: 1.1ms
[2021-12-26T17:12:21.865+0530][65.031s] GC(11)   Other: 0.3ms
[2021-12-26T17:12:21.865+0530][65.031s] GC(11) Eden regions: 149->0(300)
[2021-12-26T17:12:21.865+0530][65.031s] GC(11) Survivor regions: 6->7(20)
[2021-12-26T17:12:21.865+0530][65.031s] GC(11) Old regions: 20->20
[2021-12-26T17:12:21.865+0530][65.031s] GC(11) Archive regions: 0->0
[2021-12-26T17:12:21.865+0530][65.031s] GC(11) Humongous regions: 4->4
[2021-12-26T17:12:21.865+0530][65.032s] GC(11) Metaspace: 48787K->48787K(1093632K)
[2021-12-26T17:12:21.865+0530][65.032s] GC(11) Pause Young (Normal) (G1 Evacuation Pause) 177M->30M(512M) 15.928ms
[2021-12-26T17:12:21.865+0530][65.032s] GC(11) User=0.02s Sys=0.00s Real=0.02s
[2021-12-26T17:33:37.792+0530][1340.959s] Heap
[2021-12-26T17:33:37.792+0530][1340.959s]  garbage-first heap   total 524288K, used 134477K [0x00000000e0000000, 0x0000000100000000)
[2021-12-26T17:33:37.792+0530][1340.959s]   region size 1024K, 109 young (111616K), 7 survivors (7168K)
[2021-12-26T17:33:37.792+0530][1340.959s]  Metaspace       used 53184K, capacity 54174K, committed 54556K, reserved 1097728K
[2021-12-26T17:33:37.792+0530][1340.959s]   class space    used 6045K, capacity 6431K, committed 6528K, reserved 1048576K
