[2021-12-30T01:43:49.303+0530][0.010s] Heap region size: 1M
[2021-12-30T01:43:49.534+0530][0.240s] Using G1
[2021-12-30T01:43:49.534+0530][0.240s] Heap address: 0x00000000e0000000, size: 512 MB, Compressed Oops mode: 32-bit
[2021-12-30T01:43:49.575+0530][0.282s] Periodic GC disabled
[2021-12-30T01:43:51.107+0530][1.814s] GC(0) Pause Young (Normal) (G1 Evacuation Pause)
[2021-12-30T01:43:51.107+0530][1.814s] GC(0) Using 2 workers of 2 for evacuation
[2021-12-30T01:43:51.113+0530][1.820s] GC(0)   Pre Evacuate Collection Set: 0.1ms
[2021-12-30T01:43:51.113+0530][1.820s] GC(0)   Evacuate Collection Set: 5.5ms
[2021-12-30T01:43:51.113+0530][1.820s] GC(0)   Post Evacuate Collection Set: 0.6ms
[2021-12-30T01:43:51.113+0530][1.820s] GC(0)   Other: 0.4ms
[2021-12-30T01:43:51.113+0530][1.820s] GC(0) Eden regions: 25->0(22)
[2021-12-30T01:43:51.113+0530][1.820s] GC(0) Survivor regions: 0->3(4)
[2021-12-30T01:43:51.113+0530][1.820s] GC(0) Old regions: 0->0
[2021-12-30T01:43:51.113+0530][1.820s] GC(0) Archive regions: 0->0
[2021-12-30T01:43:51.113+0530][1.820s] GC(0) Humongous regions: 0->0
[2021-12-30T01:43:51.113+0530][1.820s] GC(0) Metaspace: 12629K->12629K(1060864K)
[2021-12-30T01:43:51.113+0530][1.820s] GC(0) Pause Young (Normal) (G1 Evacuation Pause) 25M->2M(512M) 6.706ms
[2021-12-30T01:43:51.113+0530][1.820s] GC(0) User=0.01s Sys=0.00s Real=0.01s
[2021-12-30T01:43:52.274+0530][2.981s] GC(1) Pause Young (Normal) (G1 Evacuation Pause)
[2021-12-30T01:43:52.274+0530][2.981s] GC(1) Using 2 workers of 2 for evacuation
[2021-12-30T01:43:52.296+0530][3.003s] GC(1)   Pre Evacuate Collection Set: 0.1ms
[2021-12-30T01:43:52.296+0530][3.003s] GC(1)   Evacuate Collection Set: 20.5ms
[2021-12-30T01:43:52.296+0530][3.003s] GC(1)   Post Evacuate Collection Set: 0.9ms
[2021-12-30T01:43:52.296+0530][3.003s] GC(1)   Other: 0.2ms
[2021-12-30T01:43:52.296+0530][3.003s] GC(1) Eden regions: 22->0(21)
[2021-12-30T01:43:52.296+0530][3.003s] GC(1) Survivor regions: 3->4(4)
[2021-12-30T01:43:52.296+0530][3.003s] GC(1) Old regions: 0->8
[2021-12-30T01:43:52.296+0530][3.003s] GC(1) Archive regions: 0->0
[2021-12-30T01:43:52.296+0530][3.003s] GC(1) Humongous regions: 4->4
[2021-12-30T01:43:52.296+0530][3.003s] GC(1) Metaspace: 19882K->19882K(1067008K)
[2021-12-30T01:43:52.296+0530][3.003s] GC(1) Pause Young (Normal) (G1 Evacuation Pause) 28M->15M(512M) 21.899ms
[2021-12-30T01:43:52.296+0530][3.003s] GC(1) User=0.04s Sys=0.00s Real=0.02s
[2021-12-30T01:43:52.399+0530][3.106s] GC(2) Pause Young (Concurrent Start) (Metadata GC Threshold)
[2021-12-30T01:43:52.399+0530][3.106s] GC(2) Using 2 workers of 2 for evacuation
[2021-12-30T01:43:52.415+0530][3.122s] GC(2)   Pre Evacuate Collection Set: 0.1ms
[2021-12-30T01:43:52.415+0530][3.122s] GC(2)   Evacuate Collection Set: 15.5ms
[2021-12-30T01:43:52.415+0530][3.122s] GC(2)   Post Evacuate Collection Set: 0.5ms
[2021-12-30T01:43:52.415+0530][3.122s] GC(2)   Other: 0.3ms
[2021-12-30T01:43:52.415+0530][3.122s] GC(2) Eden regions: 2->0(24)
[2021-12-30T01:43:52.415+0530][3.122s] GC(2) Survivor regions: 4->1(4)
[2021-12-30T01:43:52.415+0530][3.122s] GC(2) Old regions: 8->12
[2021-12-30T01:43:52.415+0530][3.122s] GC(2) Archive regions: 0->0
[2021-12-30T01:43:52.415+0530][3.122s] GC(2) Humongous regions: 4->4
[2021-12-30T01:43:52.415+0530][3.122s] GC(2) Metaspace: 20645K->20645K(1069056K)
[2021-12-30T01:43:52.416+0530][3.122s] GC(2) Pause Young (Concurrent Start) (Metadata GC Threshold) 17M->16M(512M) 16.596ms
[2021-12-30T01:43:52.416+0530][3.122s] GC(2) User=0.03s Sys=0.00s Real=0.02s
[2021-12-30T01:43:52.416+0530][3.123s] GC(3) Concurrent Cycle
[2021-12-30T01:43:52.416+0530][3.123s] GC(3) Concurrent Clear Claimed Marks
[2021-12-30T01:43:52.416+0530][3.123s] GC(3) Concurrent Clear Claimed Marks 0.043ms
[2021-12-30T01:43:52.416+0530][3.123s] GC(3) Concurrent Scan Root Regions
[2021-12-30T01:43:52.420+0530][3.127s] GC(3) Concurrent Scan Root Regions 4.149ms
[2021-12-30T01:43:52.420+0530][3.127s] GC(3) Concurrent Mark (3.127s)
[2021-12-30T01:43:52.420+0530][3.127s] GC(3) Concurrent Mark From Roots
[2021-12-30T01:43:52.420+0530][3.127s] GC(3) Using 1 workers of 1 for marking
[2021-12-30T01:43:52.465+0530][3.172s] GC(3) Concurrent Mark From Roots 44.571ms
[2021-12-30T01:43:52.465+0530][3.172s] GC(3) Concurrent Preclean
[2021-12-30T01:43:52.465+0530][3.172s] GC(3) Concurrent Preclean 0.069ms
[2021-12-30T01:43:52.465+0530][3.172s] GC(3) Concurrent Mark (3.127s, 3.172s) 44.752ms
[2021-12-30T01:43:52.465+0530][3.172s] GC(3) Pause Remark
[2021-12-30T01:43:52.468+0530][3.175s] GC(3) Pause Remark 18M->18M(512M) 2.717ms
[2021-12-30T01:43:52.468+0530][3.175s] GC(3) User=0.00s Sys=0.00s Real=0.00s
[2021-12-30T01:43:52.468+0530][3.175s] GC(3) Concurrent Rebuild Remembered Sets
[2021-12-30T01:43:52.485+0530][3.192s] GC(3) Concurrent Rebuild Remembered Sets 17.255ms
[2021-12-30T01:43:52.486+0530][3.192s] GC(3) Pause Cleanup
[2021-12-30T01:43:52.486+0530][3.193s] GC(3) Pause Cleanup 18M->18M(512M) 0.232ms
[2021-12-30T01:43:52.486+0530][3.193s] GC(3) User=0.00s Sys=0.00s Real=0.00s
[2021-12-30T01:43:52.486+0530][3.193s] GC(3) Concurrent Cleanup for Next Mark
[2021-12-30T01:43:52.488+0530][3.195s] GC(3) Concurrent Cleanup for Next Mark 2.279ms
[2021-12-30T01:43:52.488+0530][3.195s] GC(3) Concurrent Cycle 72.370ms
[2021-12-30T01:43:53.899+0530][4.606s] GC(4) Pause Young (Normal) (G1 Evacuation Pause)
[2021-12-30T01:43:53.899+0530][4.606s] GC(4) Using 2 workers of 2 for evacuation
[2021-12-30T01:43:53.910+0530][4.617s] GC(4)   Pre Evacuate Collection Set: 0.1ms
[2021-12-30T01:43:53.910+0530][4.617s] GC(4)   Evacuate Collection Set: 9.4ms
[2021-12-30T01:43:53.910+0530][4.617s] GC(4)   Post Evacuate Collection Set: 0.7ms
[2021-12-30T01:43:53.910+0530][4.617s] GC(4)   Other: 0.3ms
[2021-12-30T01:43:53.910+0530][4.617s] GC(4) Eden regions: 24->0(28)
[2021-12-30T01:43:53.910+0530][4.617s] GC(4) Survivor regions: 1->4(4)
[2021-12-30T01:43:53.910+0530][4.617s] GC(4) Old regions: 12->13
[2021-12-30T01:43:53.910+0530][4.617s] GC(4) Archive regions: 0->0
[2021-12-30T01:43:53.910+0530][4.617s] GC(4) Humongous regions: 4->4
[2021-12-30T01:43:53.910+0530][4.617s] GC(4) Metaspace: 23643K->23643K(1071104K)
[2021-12-30T01:43:53.910+0530][4.617s] GC(4) Pause Young (Normal) (G1 Evacuation Pause) 40M->20M(512M) 10.802ms
[2021-12-30T01:43:53.910+0530][4.617s] GC(4) User=0.02s Sys=0.00s Real=0.02s
[2021-12-30T01:43:55.426+0530][6.133s] GC(5) Pause Young (Normal) (G1 Evacuation Pause)
[2021-12-30T01:43:55.427+0530][6.133s] GC(5) Using 2 workers of 2 for evacuation
[2021-12-30T01:43:55.439+0530][6.146s] GC(5)   Pre Evacuate Collection Set: 0.1ms
[2021-12-30T01:43:55.439+0530][6.146s] GC(5)   Evacuate Collection Set: 11.0ms
[2021-12-30T01:43:55.440+0530][6.146s] GC(5)   Post Evacuate Collection Set: 1.5ms
[2021-12-30T01:43:55.440+0530][6.146s] GC(5)   Other: 0.4ms
[2021-12-30T01:43:55.440+0530][6.146s] GC(5) Eden regions: 28->0(34)
[2021-12-30T01:43:55.440+0530][6.146s] GC(5) Survivor regions: 4->3(4)
[2021-12-30T01:43:55.440+0530][6.146s] GC(5) Old regions: 13->18
[2021-12-30T01:43:55.440+0530][6.147s] GC(5) Archive regions: 0->0
[2021-12-30T01:43:55.440+0530][6.147s] GC(5) Humongous regions: 4->4
[2021-12-30T01:43:55.440+0530][6.147s] GC(5) Metaspace: 27265K->27265K(1075200K)
[2021-12-30T01:43:55.440+0530][6.147s] GC(5) Pause Young (Normal) (G1 Evacuation Pause) 48M->23M(512M) 13.336ms
[2021-12-30T01:43:55.440+0530][6.147s] GC(5) User=0.02s Sys=0.00s Real=0.01s
[2021-12-30T01:43:56.467+0530][7.174s] GC(6) Pause Young (Normal) (G1 Evacuation Pause)
[2021-12-30T01:43:56.467+0530][7.174s] GC(6) Using 2 workers of 2 for evacuation
[2021-12-30T01:43:56.472+0530][7.179s] GC(6)   Pre Evacuate Collection Set: 0.1ms
[2021-12-30T01:43:56.472+0530][7.179s] GC(6)   Evacuate Collection Set: 3.9ms
[2021-12-30T01:43:56.472+0530][7.179s] GC(6)   Post Evacuate Collection Set: 0.4ms
[2021-12-30T01:43:56.472+0530][7.179s] GC(6)   Other: 0.3ms
[2021-12-30T01:43:56.472+0530][7.179s] GC(6) Eden regions: 34->0(67)
[2021-12-30T01:43:56.472+0530][7.179s] GC(6) Survivor regions: 3->1(5)
[2021-12-30T01:43:56.472+0530][7.179s] GC(6) Old regions: 18->20
[2021-12-30T01:43:56.472+0530][7.179s] GC(6) Archive regions: 0->0
[2021-12-30T01:43:56.472+0530][7.179s] GC(6) Humongous regions: 4->4
[2021-12-30T01:43:56.472+0530][7.179s] GC(6) Metaspace: 30409K->30409K(1077248K)
[2021-12-30T01:43:56.472+0530][7.179s] GC(6) Pause Young (Normal) (G1 Evacuation Pause) 57M->24M(512M) 4.823ms
[2021-12-30T01:43:56.472+0530][7.179s] GC(6) User=0.01s Sys=0.00s Real=0.01s
[2021-12-30T01:43:57.303+0530][8.010s] GC(7) Pause Young (Concurrent Start) (Metadata GC Threshold)
[2021-12-30T01:43:57.303+0530][8.010s] GC(7) Using 2 workers of 2 for evacuation
[2021-12-30T01:43:57.309+0530][8.016s] GC(7)   Pre Evacuate Collection Set: 0.2ms
[2021-12-30T01:43:57.309+0530][8.016s] GC(7)   Evacuate Collection Set: 4.9ms
[2021-12-30T01:43:57.309+0530][8.016s] GC(7)   Post Evacuate Collection Set: 0.6ms
[2021-12-30T01:43:57.309+0530][8.016s] GC(7)   Other: 0.2ms
[2021-12-30T01:43:57.309+0530][8.016s] GC(7) Eden regions: 27->0(78)
[2021-12-30T01:43:57.309+0530][8.016s] GC(7) Survivor regions: 1->2(9)
[2021-12-30T01:43:57.309+0530][8.016s] GC(7) Old regions: 20->20
[2021-12-30T01:43:57.309+0530][8.016s] GC(7) Archive regions: 0->0
[2021-12-30T01:43:57.309+0530][8.016s] GC(7) Humongous regions: 4->4
[2021-12-30T01:43:57.309+0530][8.016s] GC(7) Metaspace: 35032K->35032K(1081344K)
[2021-12-30T01:43:57.309+0530][8.016s] GC(7) Pause Young (Concurrent Start) (Metadata GC Threshold) 50M->24M(512M) 6.179ms
[2021-12-30T01:43:57.309+0530][8.016s] GC(7) User=0.00s Sys=0.00s Real=0.01s
[2021-12-30T01:43:57.309+0530][8.016s] GC(8) Concurrent Cycle
[2021-12-30T01:43:57.309+0530][8.016s] GC(8) Concurrent Clear Claimed Marks
[2021-12-30T01:43:57.309+0530][8.016s] GC(8) Concurrent Clear Claimed Marks 0.063ms
[2021-12-30T01:43:57.309+0530][8.016s] GC(8) Concurrent Scan Root Regions
[2021-12-30T01:43:57.311+0530][8.018s] GC(8) Concurrent Scan Root Regions 2.158ms
[2021-12-30T01:43:57.312+0530][8.018s] GC(8) Concurrent Mark (8.018s)
[2021-12-30T01:43:57.312+0530][8.018s] GC(8) Concurrent Mark From Roots
[2021-12-30T01:43:57.312+0530][8.018s] GC(8) Using 1 workers of 1 for marking
[2021-12-30T01:43:57.356+0530][8.063s] GC(8) Concurrent Mark From Roots 44.516ms
[2021-12-30T01:43:57.356+0530][8.063s] GC(8) Concurrent Preclean
[2021-12-30T01:43:57.356+0530][8.063s] GC(8) Concurrent Preclean 0.182ms
[2021-12-30T01:43:57.356+0530][8.063s] GC(8) Concurrent Mark (8.018s, 8.063s) 44.795ms
[2021-12-30T01:43:57.357+0530][8.063s] GC(8) Pause Remark
[2021-12-30T01:43:57.361+0530][8.068s] GC(8) Pause Remark 26M->26M(512M) 4.701ms
[2021-12-30T01:43:57.361+0530][8.068s] GC(8) User=0.01s Sys=0.00s Real=0.01s
[2021-12-30T01:43:57.367+0530][8.074s] GC(8) Concurrent Rebuild Remembered Sets
[2021-12-30T01:43:57.386+0530][8.093s] GC(8) Concurrent Rebuild Remembered Sets 20.068ms
[2021-12-30T01:43:57.387+0530][8.094s] GC(8) Pause Cleanup
[2021-12-30T01:43:57.387+0530][8.094s] GC(8) Pause Cleanup 26M->26M(512M) 0.269ms
[2021-12-30T01:43:57.387+0530][8.094s] GC(8) User=0.00s Sys=0.00s Real=0.00s
[2021-12-30T01:43:57.387+0530][8.094s] GC(8) Concurrent Cleanup for Next Mark
[2021-12-30T01:43:57.389+0530][8.096s] GC(8) Concurrent Cleanup for Next Mark 2.359ms
[2021-12-30T01:43:57.389+0530][8.096s] GC(8) Concurrent Cycle 80.278ms
[2021-12-30T01:58:00.951+0530][851.658s] GC(9) Pause Young (Concurrent Start) (G1 Evacuation Pause)
[2021-12-30T01:58:00.951+0530][851.658s] GC(9) Using 2 workers of 2 for evacuation
[2021-12-30T01:58:00.977+0530][851.684s] GC(9)   Pre Evacuate Collection Set: 0.1ms
[2021-12-30T01:58:00.977+0530][851.684s] GC(9)   Evacuate Collection Set: 24.4ms
[2021-12-30T01:58:00.977+0530][851.684s] GC(9)   Post Evacuate Collection Set: 1.3ms
[2021-12-30T01:58:00.977+0530][851.684s] GC(9)   Other: 0.3ms
[2021-12-30T01:58:00.977+0530][851.684s] GC(9) Eden regions: 82->0(124)
[2021-12-30T01:58:00.977+0530][851.684s] GC(9) Survivor regions: 2->6(11)
[2021-12-30T01:58:00.977+0530][851.684s] GC(9) Old regions: 20->20
[2021-12-30T01:58:00.977+0530][851.684s] GC(9) Archive regions: 0->0
[2021-12-30T01:58:00.977+0530][851.684s] GC(9) Humongous regions: 4->4
[2021-12-30T01:58:00.977+0530][851.684s] GC(9) Metaspace: 42634K->42634K(1087488K)
[2021-12-30T01:58:00.977+0530][851.684s] GC(9) Pause Young (Concurrent Start) (G1 Evacuation Pause) 106M->28M(512M) 26.370ms
[2021-12-30T01:58:00.977+0530][851.684s] GC(9) User=0.02s Sys=0.00s Real=0.02s
[2021-12-30T01:58:00.977+0530][851.684s] GC(10) Concurrent Cycle
[2021-12-30T01:58:00.977+0530][851.684s] GC(10) Concurrent Clear Claimed Marks
[2021-12-30T01:58:00.978+0530][851.684s] GC(10) Concurrent Clear Claimed Marks 0.080ms
[2021-12-30T01:58:00.978+0530][851.684s] GC(10) Concurrent Scan Root Regions
[2021-12-30T01:58:00.986+0530][851.693s] GC(10) Concurrent Scan Root Regions 8.653ms
[2021-12-30T01:58:00.986+0530][851.693s] GC(10) Concurrent Mark (851.693s)
[2021-12-30T01:58:00.986+0530][851.693s] GC(10) Concurrent Mark From Roots
[2021-12-30T01:58:00.986+0530][851.693s] GC(10) Using 1 workers of 1 for marking
[2021-12-30T01:58:01.034+0530][851.740s] GC(10) Concurrent Mark From Roots 47.336ms
[2021-12-30T01:58:01.034+0530][851.741s] GC(10) Concurrent Preclean
[2021-12-30T01:58:01.034+0530][851.741s] GC(10) Concurrent Preclean 0.208ms
[2021-12-30T01:58:01.034+0530][851.741s] GC(10) Concurrent Mark (851.693s, 851.741s) 47.728ms
[2021-12-30T01:58:01.034+0530][851.741s] GC(10) Pause Remark
[2021-12-30T01:58:01.045+0530][851.752s] GC(10) Pause Remark 33M->33M(512M) 10.935ms
[2021-12-30T01:58:01.045+0530][851.752s] GC(10) User=0.01s Sys=0.00s Real=0.01s
[2021-12-30T01:58:01.045+0530][851.752s] GC(10) Concurrent Rebuild Remembered Sets
[2021-12-30T01:58:01.067+0530][851.774s] GC(10) Concurrent Rebuild Remembered Sets 22.084ms
[2021-12-30T01:58:01.068+0530][851.775s] GC(10) Pause Cleanup
[2021-12-30T01:58:01.068+0530][851.775s] GC(10) Pause Cleanup 33M->33M(512M) 0.302ms
[2021-12-30T01:58:01.068+0530][851.775s] GC(10) User=0.00s Sys=0.00s Real=0.00s
[2021-12-30T01:58:01.068+0530][851.775s] GC(10) Concurrent Cleanup for Next Mark
[2021-12-30T01:58:01.071+0530][851.777s] GC(10) Concurrent Cleanup for Next Mark 2.470ms
[2021-12-30T01:58:01.071+0530][851.778s] GC(10) Concurrent Cycle 93.309ms
[2021-12-30T01:58:01.071+0530][851.778s] Heap
[2021-12-30T01:58:01.071+0530][851.778s]  garbage-first heap   total 524288K, used 34455K [0x00000000e0000000, 0x0000000100000000)
[2021-12-30T01:58:01.071+0530][851.778s]   region size 1024K, 12 young (12288K), 6 survivors (6144K)
[2021-12-30T01:58:01.071+0530][851.778s]  Metaspace       used 42632K, capacity 43341K, committed 43676K, reserved 1087488K
[2021-12-30T01:58:01.071+0530][851.778s]   class space    used 4633K, capacity 4944K, committed 5100K, reserved 1048576K
