[2021-12-20T05:33:34.955+0530][0.015s] Heap region size: 1M
[2021-12-20T05:33:35.341+0530][0.401s] Using G1
[2021-12-20T05:33:35.341+0530][0.401s] Heap address: 0x00000000e0000000, size: 512 MB, Compressed Oops mode: 32-bit
[2021-12-20T05:33:35.389+0530][0.449s] Periodic GC disabled
[2021-12-20T05:33:37.128+0530][2.188s] GC(0) Pause Young (Normal) (G1 Evacuation Pause)
[2021-12-20T05:33:37.136+0530][2.196s] GC(0) Using 2 workers of 2 for evacuation
[2021-12-20T05:33:37.151+0530][2.211s] GC(0)   Pre Evacuate Collection Set: 0.1ms
[2021-12-20T05:33:37.151+0530][2.211s] GC(0)   Evacuate Collection Set: 13.7ms
[2021-12-20T05:33:37.151+0530][2.211s] GC(0)   Post Evacuate Collection Set: 0.6ms
[2021-12-20T05:33:37.151+0530][2.211s] GC(0)   Other: 8.8ms
[2021-12-20T05:33:37.151+0530][2.211s] GC(0) Eden regions: 25->0(22)
[2021-12-20T05:33:37.151+0530][2.211s] GC(0) Survivor regions: 0->3(4)
[2021-12-20T05:33:37.151+0530][2.211s] GC(0) Old regions: 0->0
[2021-12-20T05:33:37.151+0530][2.211s] GC(0) Archive regions: 0->0
[2021-12-20T05:33:37.151+0530][2.211s] GC(0) Humongous regions: 0->0
[2021-12-20T05:33:37.151+0530][2.211s] GC(0) Metaspace: 13055K->13055K(1060864K)
[2021-12-20T05:33:37.151+0530][2.211s] GC(0) Pause Young (Normal) (G1 Evacuation Pause) 25M->2M(512M) 23.221ms
[2021-12-20T05:33:37.151+0530][2.211s] GC(0) User=0.01s Sys=0.00s Real=0.03s
[2021-12-20T05:33:38.620+0530][3.680s] GC(1) Pause Young (Normal) (G1 Evacuation Pause)
[2021-12-20T05:33:38.620+0530][3.680s] GC(1) Using 2 workers of 2 for evacuation
[2021-12-20T05:33:38.644+0530][3.704s] GC(1)   Pre Evacuate Collection Set: 0.1ms
[2021-12-20T05:33:38.644+0530][3.704s] GC(1)   Evacuate Collection Set: 23.2ms
[2021-12-20T05:33:38.644+0530][3.704s] GC(1)   Post Evacuate Collection Set: 1.0ms
[2021-12-20T05:33:38.644+0530][3.704s] GC(1)   Other: 0.3ms
[2021-12-20T05:33:38.644+0530][3.704s] GC(1) Eden regions: 22->0(21)
[2021-12-20T05:33:38.644+0530][3.704s] GC(1) Survivor regions: 3->4(4)
[2021-12-20T05:33:38.644+0530][3.705s] GC(1) Old regions: 0->8
[2021-12-20T05:33:38.644+0530][3.705s] GC(1) Archive regions: 0->0
[2021-12-20T05:33:38.644+0530][3.705s] GC(1) Humongous regions: 4->4
[2021-12-20T05:33:38.644+0530][3.705s] GC(1) Metaspace: 20075K->20075K(1067008K)
[2021-12-20T05:33:38.644+0530][3.705s] GC(1) Pause Young (Normal) (G1 Evacuation Pause) 28M->15M(512M) 24.643ms
[2021-12-20T05:33:38.645+0530][3.705s] GC(1) User=0.05s Sys=0.00s Real=0.02s
[2021-12-20T05:33:38.726+0530][3.786s] GC(2) Pause Young (Concurrent Start) (Metadata GC Threshold)
[2021-12-20T05:33:38.726+0530][3.786s] GC(2) Using 2 workers of 2 for evacuation
[2021-12-20T05:33:38.736+0530][3.796s] GC(2)   Pre Evacuate Collection Set: 0.1ms
[2021-12-20T05:33:38.736+0530][3.796s] GC(2)   Evacuate Collection Set: 8.0ms
[2021-12-20T05:33:38.736+0530][3.796s] GC(2)   Post Evacuate Collection Set: 1.3ms
[2021-12-20T05:33:38.736+0530][3.796s] GC(2)   Other: 0.3ms
[2021-12-20T05:33:38.736+0530][3.796s] GC(2) Eden regions: 2->0(24)
[2021-12-20T05:33:38.736+0530][3.796s] GC(2) Survivor regions: 4->1(4)
[2021-12-20T05:33:38.736+0530][3.796s] GC(2) Old regions: 8->12
[2021-12-20T05:33:38.736+0530][3.796s] GC(2) Archive regions: 0->0
[2021-12-20T05:33:38.736+0530][3.796s] GC(2) Humongous regions: 4->4
[2021-12-20T05:33:38.736+0530][3.796s] GC(2) Metaspace: 20759K->20759K(1069056K)
[2021-12-20T05:33:38.736+0530][3.796s] GC(2) Pause Young (Concurrent Start) (Metadata GC Threshold) 16M->16M(512M) 9.813ms
[2021-12-20T05:33:38.736+0530][3.796s] GC(2) User=0.02s Sys=0.00s Real=0.02s
[2021-12-20T05:33:38.736+0530][3.796s] GC(3) Concurrent Cycle
[2021-12-20T05:33:38.736+0530][3.796s] GC(3) Concurrent Clear Claimed Marks
[2021-12-20T05:33:38.736+0530][3.796s] GC(3) Concurrent Clear Claimed Marks 0.042ms
[2021-12-20T05:33:38.736+0530][3.796s] GC(3) Concurrent Scan Root Regions
[2021-12-20T05:33:38.739+0530][3.799s] GC(3) Concurrent Scan Root Regions 3.249ms
[2021-12-20T05:33:38.739+0530][3.799s] GC(3) Concurrent Mark (3.799s)
[2021-12-20T05:33:38.739+0530][3.799s] GC(3) Concurrent Mark From Roots
[2021-12-20T05:33:38.739+0530][3.799s] GC(3) Using 1 workers of 1 for marking
[2021-12-20T05:33:38.774+0530][3.834s] GC(3) Concurrent Mark From Roots 34.521ms
[2021-12-20T05:33:38.774+0530][3.834s] GC(3) Concurrent Preclean
[2021-12-20T05:33:38.774+0530][3.834s] GC(3) Concurrent Preclean 0.066ms
[2021-12-20T05:33:38.774+0530][3.834s] GC(3) Concurrent Mark (3.799s, 3.834s) 34.684ms
[2021-12-20T05:33:38.774+0530][3.834s] GC(3) Pause Remark
[2021-12-20T05:33:38.777+0530][3.837s] GC(3) Pause Remark 18M->18M(512M) 2.166ms
[2021-12-20T05:33:38.777+0530][3.837s] GC(3) User=0.01s Sys=0.00s Real=0.01s
[2021-12-20T05:33:38.777+0530][3.837s] GC(3) Concurrent Rebuild Remembered Sets
[2021-12-20T05:33:38.799+0530][3.859s] GC(3) Concurrent Rebuild Remembered Sets 22.071ms
[2021-12-20T05:33:38.799+0530][3.859s] GC(3) Pause Cleanup
[2021-12-20T05:33:38.799+0530][3.859s] GC(3) Pause Cleanup 18M->18M(512M) 0.227ms
[2021-12-20T05:33:38.799+0530][3.859s] GC(3) User=0.00s Sys=0.00s Real=0.00s
[2021-12-20T05:33:38.800+0530][3.860s] GC(3) Concurrent Cleanup for Next Mark
[2021-12-20T05:33:38.806+0530][3.866s] GC(3) Concurrent Cleanup for Next Mark 6.239ms
[2021-12-20T05:33:38.806+0530][3.866s] GC(3) Concurrent Cycle 70.105ms
[2021-12-20T05:33:40.126+0530][5.186s] GC(4) Pause Young (Normal) (G1 Evacuation Pause)
[2021-12-20T05:33:40.126+0530][5.186s] GC(4) Using 2 workers of 2 for evacuation
[2021-12-20T05:33:40.134+0530][5.194s] GC(4)   Pre Evacuate Collection Set: 0.1ms
[2021-12-20T05:33:40.134+0530][5.194s] GC(4)   Evacuate Collection Set: 7.1ms
[2021-12-20T05:33:40.134+0530][5.194s] GC(4)   Post Evacuate Collection Set: 0.8ms
[2021-12-20T05:33:40.134+0530][5.194s] GC(4)   Other: 0.3ms
[2021-12-20T05:33:40.134+0530][5.194s] GC(4) Eden regions: 24->0(28)
[2021-12-20T05:33:40.134+0530][5.194s] GC(4) Survivor regions: 1->4(4)
[2021-12-20T05:33:40.134+0530][5.194s] GC(4) Old regions: 12->14
[2021-12-20T05:33:40.134+0530][5.194s] GC(4) Archive regions: 0->0
[2021-12-20T05:33:40.134+0530][5.194s] GC(4) Humongous regions: 4->4
[2021-12-20T05:33:40.134+0530][5.194s] GC(4) Metaspace: 23626K->23626K(1071104K)
[2021-12-20T05:33:40.134+0530][5.195s] GC(4) Pause Young (Normal) (G1 Evacuation Pause) 40M->21M(512M) 8.386ms
[2021-12-20T05:33:40.134+0530][5.195s] GC(4) User=0.02s Sys=0.00s Real=0.01s
[2021-12-20T05:33:41.400+0530][6.460s] GC(5) Pause Young (Normal) (G1 Evacuation Pause)
[2021-12-20T05:33:41.400+0530][6.460s] GC(5) Using 2 workers of 2 for evacuation
[2021-12-20T05:33:41.409+0530][6.469s] GC(5)   Pre Evacuate Collection Set: 0.1ms
[2021-12-20T05:33:41.409+0530][6.469s] GC(5)   Evacuate Collection Set: 7.5ms
[2021-12-20T05:33:41.409+0530][6.469s] GC(5)   Post Evacuate Collection Set: 0.9ms
[2021-12-20T05:33:41.409+0530][6.469s] GC(5)   Other: 0.2ms
[2021-12-20T05:33:41.409+0530][6.469s] GC(5) Eden regions: 28->0(35)
[2021-12-20T05:33:41.409+0530][6.469s] GC(5) Survivor regions: 4->3(4)
[2021-12-20T05:33:41.409+0530][6.469s] GC(5) Old regions: 14->18
[2021-12-20T05:33:41.409+0530][6.469s] GC(5) Archive regions: 0->0
[2021-12-20T05:33:41.409+0530][6.469s] GC(5) Humongous regions: 4->4
[2021-12-20T05:33:41.409+0530][6.469s] GC(5) Metaspace: 27216K->27216K(1075200K)
[2021-12-20T05:33:41.409+0530][6.469s] GC(5) Pause Young (Normal) (G1 Evacuation Pause) 49M->23M(512M) 8.854ms
[2021-12-20T05:33:41.409+0530][6.469s] GC(5) User=0.01s Sys=0.00s Real=0.01s
[2021-12-20T05:33:42.593+0530][7.653s] GC(6) Pause Young (Normal) (G1 Evacuation Pause)
[2021-12-20T05:33:42.593+0530][7.653s] GC(6) Using 2 workers of 2 for evacuation
[2021-12-20T05:33:42.600+0530][7.660s] GC(6)   Pre Evacuate Collection Set: 0.1ms
[2021-12-20T05:33:42.600+0530][7.660s] GC(6)   Evacuate Collection Set: 6.0ms
[2021-12-20T05:33:42.600+0530][7.660s] GC(6)   Post Evacuate Collection Set: 0.6ms
[2021-12-20T05:33:42.600+0530][7.660s] GC(6)   Other: 0.3ms
[2021-12-20T05:33:42.600+0530][7.660s] GC(6) Eden regions: 35->0(64)
[2021-12-20T05:33:42.600+0530][7.660s] GC(6) Survivor regions: 3->3(5)
[2021-12-20T05:33:42.600+0530][7.660s] GC(6) Old regions: 18->18
[2021-12-20T05:33:42.600+0530][7.660s] GC(6) Archive regions: 0->0
[2021-12-20T05:33:42.600+0530][7.660s] GC(6) Humongous regions: 4->4
[2021-12-20T05:33:42.600+0530][7.660s] GC(6) Metaspace: 30687K->30687K(1077248K)
[2021-12-20T05:33:42.600+0530][7.660s] GC(6) Pause Young (Normal) (G1 Evacuation Pause) 58M->23M(512M) 7.149ms
[2021-12-20T05:33:42.600+0530][7.660s] GC(6) User=0.01s Sys=0.00s Real=0.01s
[2021-12-20T05:33:43.528+0530][8.588s] GC(7) Pause Young (Concurrent Start) (Metadata GC Threshold)
[2021-12-20T05:33:43.528+0530][8.588s] GC(7) Using 2 workers of 2 for evacuation
[2021-12-20T05:33:43.540+0530][8.600s] GC(7)   Pre Evacuate Collection Set: 0.1ms
[2021-12-20T05:33:43.540+0530][8.600s] GC(7)   Evacuate Collection Set: 7.5ms
[2021-12-20T05:33:43.540+0530][8.600s] GC(7)   Post Evacuate Collection Set: 4.5ms
[2021-12-20T05:33:43.540+0530][8.600s] GC(7)   Other: 0.3ms
[2021-12-20T05:33:43.540+0530][8.600s] GC(7) Eden regions: 25->0(68)
[2021-12-20T05:33:43.540+0530][8.600s] GC(7) Survivor regions: 3->4(9)
[2021-12-20T05:33:43.540+0530][8.600s] GC(7) Old regions: 18->18
[2021-12-20T05:33:43.540+0530][8.601s] GC(7) Archive regions: 0->0
[2021-12-20T05:33:43.540+0530][8.601s] GC(7) Humongous regions: 4->4
[2021-12-20T05:33:43.540+0530][8.601s] GC(7) Metaspace: 35038K->35038K(1081344K)
[2021-12-20T05:33:43.541+0530][8.601s] GC(7) Pause Young (Concurrent Start) (Metadata GC Threshold) 48M->25M(512M) 12.570ms
[2021-12-20T05:33:43.541+0530][8.601s] GC(7) User=0.02s Sys=0.00s Real=0.01s
[2021-12-20T05:33:43.541+0530][8.601s] GC(8) Concurrent Cycle
[2021-12-20T05:33:43.541+0530][8.601s] GC(8) Concurrent Clear Claimed Marks
[2021-12-20T05:33:43.541+0530][8.601s] GC(8) Concurrent Clear Claimed Marks 0.062ms
[2021-12-20T05:33:43.541+0530][8.601s] GC(8) Concurrent Scan Root Regions
[2021-12-20T05:33:43.544+0530][8.604s] GC(8) Concurrent Scan Root Regions 2.756ms
[2021-12-20T05:33:43.544+0530][8.604s] GC(8) Concurrent Mark (8.604s)
[2021-12-20T05:33:43.544+0530][8.604s] GC(8) Concurrent Mark From Roots
[2021-12-20T05:33:43.544+0530][8.604s] GC(8) Using 1 workers of 1 for marking
[2021-12-20T05:33:43.607+0530][8.667s] GC(8) Concurrent Mark From Roots 63.650ms
[2021-12-20T05:33:43.607+0530][8.667s] GC(8) Concurrent Preclean
[2021-12-20T05:33:43.608+0530][8.668s] GC(8) Concurrent Preclean 0.107ms
[2021-12-20T05:33:43.608+0530][8.668s] GC(8) Concurrent Mark (8.604s, 8.668s) 63.858ms
[2021-12-20T05:33:43.608+0530][8.668s] GC(8) Pause Remark
[2021-12-20T05:33:43.610+0530][8.670s] GC(8) Pause Remark 26M->26M(512M) 2.500ms
[2021-12-20T05:33:43.610+0530][8.670s] GC(8) User=0.00s Sys=0.00s Real=0.00s
[2021-12-20T05:33:43.610+0530][8.670s] GC(8) Concurrent Rebuild Remembered Sets
[2021-12-20T05:33:43.632+0530][8.692s] GC(8) Concurrent Rebuild Remembered Sets 21.913ms
[2021-12-20T05:33:43.653+0530][8.713s] GC(8) Pause Cleanup
[2021-12-20T05:33:43.654+0530][8.714s] GC(8) Pause Cleanup 26M->26M(512M) 0.243ms
[2021-12-20T05:33:43.654+0530][8.714s] GC(8) User=0.00s Sys=0.00s Real=0.00s
[2021-12-20T05:33:43.654+0530][8.714s] GC(8) Concurrent Cleanup for Next Mark
[2021-12-20T05:33:43.662+0530][8.722s] GC(8) Concurrent Cleanup for Next Mark 8.252ms
[2021-12-20T05:33:43.662+0530][8.722s] GC(8) Concurrent Cycle 121.139ms
[2021-12-20T05:33:45.248+0530][10.308s] GC(9) Pause Young (Concurrent Start) (G1 Evacuation Pause)
[2021-12-20T05:33:45.248+0530][10.308s] GC(9) Using 2 workers of 2 for evacuation
[2021-12-20T05:33:45.272+0530][10.332s] GC(9)   Pre Evacuate Collection Set: 0.1ms
[2021-12-20T05:33:45.272+0530][10.332s] GC(9)   Evacuate Collection Set: 22.9ms
[2021-12-20T05:33:45.272+0530][10.332s] GC(9)   Post Evacuate Collection Set: 1.0ms
[2021-12-20T05:33:45.272+0530][10.332s] GC(9)   Other: 0.3ms
[2021-12-20T05:33:45.272+0530][10.332s] GC(9) Eden regions: 71->0(93)
[2021-12-20T05:33:45.272+0530][10.332s] GC(9) Survivor regions: 4->7(10)
[2021-12-20T05:33:45.272+0530][10.332s] GC(9) Old regions: 18->18
[2021-12-20T05:33:45.272+0530][10.332s] GC(9) Archive regions: 0->0
[2021-12-20T05:33:45.272+0530][10.332s] GC(9) Humongous regions: 4->4
[2021-12-20T05:33:45.272+0530][10.332s] GC(9) Metaspace: 40286K->40286K(1085440K)
[2021-12-20T05:33:45.272+0530][10.332s] GC(9) Pause Young (Concurrent Start) (G1 Evacuation Pause) 96M->27M(512M) 24.597ms
[2021-12-20T05:33:45.272+0530][10.332s] GC(9) User=0.03s Sys=0.00s Real=0.02s
[2021-12-20T05:33:45.272+0530][10.332s] GC(10) Concurrent Cycle
[2021-12-20T05:33:45.272+0530][10.332s] GC(10) Concurrent Clear Claimed Marks
[2021-12-20T05:33:45.273+0530][10.333s] GC(10) Concurrent Clear Claimed Marks 0.085ms
[2021-12-20T05:33:45.273+0530][10.333s] GC(10) Concurrent Scan Root Regions
[2021-12-20T05:33:45.283+0530][10.343s] GC(10) Concurrent Scan Root Regions 10.221ms
[2021-12-20T05:33:45.283+0530][10.343s] GC(10) Concurrent Mark (10.343s)
[2021-12-20T05:33:45.283+0530][10.343s] GC(10) Concurrent Mark From Roots
[2021-12-20T05:33:45.283+0530][10.343s] GC(10) Using 1 workers of 1 for marking
[2021-12-20T05:33:45.328+0530][10.388s] GC(10) Concurrent Mark From Roots 44.801ms
[2021-12-20T05:33:45.328+0530][10.388s] GC(10) Concurrent Preclean
[2021-12-20T05:33:45.328+0530][10.388s] GC(10) Concurrent Preclean 0.120ms
[2021-12-20T05:33:45.328+0530][10.388s] GC(10) Concurrent Mark (10.343s, 10.388s) 45.017ms
[2021-12-20T05:33:45.328+0530][10.388s] GC(10) Pause Remark
[2021-12-20T05:33:45.334+0530][10.394s] GC(10) Pause Remark 30M->30M(512M) 5.514ms
[2021-12-20T05:33:45.334+0530][10.394s] GC(10) User=0.01s Sys=0.00s Real=0.00s
[2021-12-20T05:33:45.334+0530][10.394s] GC(10) Concurrent Rebuild Remembered Sets
[2021-12-20T05:33:45.360+0530][10.421s] GC(10) Concurrent Rebuild Remembered Sets 26.827ms
[2021-12-20T05:33:45.361+0530][10.421s] GC(10) Pause Cleanup
[2021-12-20T05:33:45.361+0530][10.421s] GC(10) Pause Cleanup 34M->34M(512M) 0.325ms
[2021-12-20T05:33:45.361+0530][10.421s] GC(10) User=0.00s Sys=0.00s Real=0.00s
[2021-12-20T05:33:45.361+0530][10.421s] GC(10) Concurrent Cleanup for Next Mark
[2021-12-20T05:33:45.371+0530][10.431s] GC(10) Concurrent Cleanup for Next Mark 9.516ms
[2021-12-20T05:33:45.371+0530][10.431s] GC(10) Concurrent Cycle 98.572ms
[2021-12-20T05:33:46.332+0530][11.392s] GC(11) Pause Young (Normal) (G1 Evacuation Pause)
[2021-12-20T05:33:46.332+0530][11.392s] GC(11) Using 2 workers of 2 for evacuation
[2021-12-20T05:33:46.347+0530][11.407s] GC(11)   Pre Evacuate Collection Set: 0.1ms
[2021-12-20T05:33:46.347+0530][11.407s] GC(11)   Evacuate Collection Set: 13.9ms
[2021-12-20T05:33:46.347+0530][11.407s] GC(11)   Post Evacuate Collection Set: 0.9ms
[2021-12-20T05:33:46.347+0530][11.407s] GC(11)   Other: 0.3ms
[2021-12-20T05:33:46.347+0530][11.407s] GC(11) Eden regions: 95->0(126)
[2021-12-20T05:33:46.347+0530][11.407s] GC(11) Survivor regions: 7->6(13)
[2021-12-20T05:33:46.347+0530][11.407s] GC(11) Old regions: 18->20
[2021-12-20T05:33:46.347+0530][11.407s] GC(11) Archive regions: 0->0
[2021-12-20T05:33:46.347+0530][11.407s] GC(11) Humongous regions: 4->4
[2021-12-20T05:33:46.347+0530][11.407s] GC(11) Metaspace: 42549K->42549K(1087488K)
[2021-12-20T05:33:46.347+0530][11.407s] GC(11) Pause Young (Normal) (G1 Evacuation Pause) 122M->29M(512M) 15.282ms
[2021-12-20T05:33:46.347+0530][11.407s] GC(11) User=0.02s Sys=0.00s Real=0.01s
[2021-12-20T05:33:47.612+0530][12.672s] GC(12) Pause Young (Normal) (G1 Evacuation Pause)
[2021-12-20T05:33:47.612+0530][12.672s] GC(12) Using 2 workers of 2 for evacuation
[2021-12-20T05:33:47.626+0530][12.687s] GC(12)   Pre Evacuate Collection Set: 0.1ms
[2021-12-20T05:33:47.627+0530][12.687s] GC(12)   Evacuate Collection Set: 12.9ms
[2021-12-20T05:33:47.627+0530][12.687s] GC(12)   Post Evacuate Collection Set: 1.0ms
[2021-12-20T05:33:47.627+0530][12.687s] GC(12)   Other: 0.3ms
[2021-12-20T05:33:47.627+0530][12.687s] GC(12) Eden regions: 126->0(171)
[2021-12-20T05:33:47.627+0530][12.687s] GC(12) Survivor regions: 6->8(17)
[2021-12-20T05:33:47.627+0530][12.687s] GC(12) Old regions: 20->20
[2021-12-20T05:33:47.627+0530][12.687s] GC(12) Archive regions: 0->0
[2021-12-20T05:33:47.627+0530][12.687s] GC(12) Humongous regions: 5->4
[2021-12-20T05:33:47.627+0530][12.687s] GC(12) Metaspace: 45693K->45693K(1091584K)
[2021-12-20T05:33:47.627+0530][12.687s] GC(12) Pause Young (Normal) (G1 Evacuation Pause) 156M->31M(512M) 14.338ms
[2021-12-20T05:33:47.627+0530][12.687s] GC(12) User=0.02s Sys=0.00s Real=0.01s
[2021-12-20T05:36:10.464+0530][155.524s] GC(13) Pause Young (Normal) (G1 Evacuation Pause)
[2021-12-20T05:36:10.464+0530][155.524s] GC(13) Using 2 workers of 2 for evacuation
[2021-12-20T05:36:10.489+0530][155.549s] GC(13)   Pre Evacuate Collection Set: 0.1ms
[2021-12-20T05:36:10.489+0530][155.550s] GC(13)   Evacuate Collection Set: 16.0ms
[2021-12-20T05:36:10.489+0530][155.550s] GC(13)   Post Evacuate Collection Set: 8.7ms
[2021-12-20T05:36:10.489+0530][155.550s] GC(13)   Other: 0.3ms
[2021-12-20T05:36:10.490+0530][155.550s] GC(13) Eden regions: 171->0(219)
[2021-12-20T05:36:10.490+0530][155.550s] GC(13) Survivor regions: 8->13(23)
[2021-12-20T05:36:10.490+0530][155.550s] GC(13) Old regions: 20->20
[2021-12-20T05:36:10.490+0530][155.550s] GC(13) Archive regions: 0->0
[2021-12-20T05:36:10.490+0530][155.550s] GC(13) Humongous regions: 4->4
[2021-12-20T05:36:10.490+0530][155.550s] GC(13) Metaspace: 54139K->54139K(1097728K)
[2021-12-20T05:36:10.490+0530][155.550s] GC(13) Pause Young (Normal) (G1 Evacuation Pause) 202M->36M(512M) 25.272ms
[2021-12-20T05:36:10.490+0530][155.550s] GC(13) User=0.04s Sys=0.00s Real=0.03s
[2021-12-20T06:52:13.593+0530][4718.653s] Heap
[2021-12-20T06:52:13.650+0530][4718.710s]  garbage-first heap   total 524288K, used 230019K [0x00000000e0000000, 0x0000000100000000)
[2021-12-20T06:52:13.650+0530][4718.710s]   region size 1024K, 199 young (203776K), 13 survivors (13312K)
[2021-12-20T06:52:13.650+0530][4718.710s]  Metaspace       used 59002K, capacity 60059K, committed 60188K, reserved 1101824K
[2021-12-20T06:52:13.650+0530][4718.710s]   class space    used 6539K, capacity 6940K, committed 7020K, reserved 1048576K
