[2021-12-30T00:20:27.915+0530][0.015s] Heap region size: 1M
[2021-12-30T00:20:28.174+0530][0.274s] Using G1
[2021-12-30T00:20:28.174+0530][0.274s] Heap address: 0x00000000e0000000, size: 512 MB, Compressed Oops mode: 32-bit
[2021-12-30T00:20:28.215+0530][0.315s] Periodic GC disabled
[2021-12-30T00:20:29.523+0530][1.623s] GC(0) Pause Young (Normal) (G1 Evacuation Pause)
[2021-12-30T00:20:29.523+0530][1.623s] GC(0) Using 2 workers of 2 for evacuation
[2021-12-30T00:20:29.530+0530][1.630s] GC(0)   Pre Evacuate Collection Set: 0.1ms
[2021-12-30T00:20:29.530+0530][1.630s] GC(0)   Evacuate Collection Set: 6.6ms
[2021-12-30T00:20:29.530+0530][1.630s] GC(0)   Post Evacuate Collection Set: 0.7ms
[2021-12-30T00:20:29.531+0530][1.631s] GC(0)   Other: 0.4ms
[2021-12-30T00:20:29.531+0530][1.631s] GC(0) Eden regions: 25->0(22)
[2021-12-30T00:20:29.531+0530][1.631s] GC(0) Survivor regions: 0->3(4)
[2021-12-30T00:20:29.531+0530][1.631s] GC(0) Old regions: 0->0
[2021-12-30T00:20:29.531+0530][1.631s] GC(0) Archive regions: 0->0
[2021-12-30T00:20:29.531+0530][1.631s] GC(0) Humongous regions: 0->0
[2021-12-30T00:20:29.531+0530][1.631s] GC(0) Metaspace: 12646K->12646K(1060864K)
[2021-12-30T00:20:29.531+0530][1.631s] GC(0) Pause Young (Normal) (G1 Evacuation Pause) 25M->2M(512M) 8.008ms
[2021-12-30T00:20:29.531+0530][1.631s] GC(0) User=0.01s Sys=0.00s Real=0.01s
[2021-12-30T00:20:30.768+0530][2.868s] GC(1) Pause Young (Normal) (G1 Evacuation Pause)
[2021-12-30T00:20:30.768+0530][2.868s] GC(1) Using 2 workers of 2 for evacuation
[2021-12-30T00:20:30.794+0530][2.894s] GC(1)   Pre Evacuate Collection Set: 0.1ms
[2021-12-30T00:20:30.794+0530][2.894s] GC(1)   Evacuate Collection Set: 25.4ms
[2021-12-30T00:20:30.794+0530][2.894s] GC(1)   Post Evacuate Collection Set: 0.9ms
[2021-12-30T00:20:30.794+0530][2.894s] GC(1)   Other: 0.3ms
[2021-12-30T00:20:30.794+0530][2.894s] GC(1) Eden regions: 22->0(21)
[2021-12-30T00:20:30.794+0530][2.894s] GC(1) Survivor regions: 3->4(4)
[2021-12-30T00:20:30.794+0530][2.894s] GC(1) Old regions: 0->8
[2021-12-30T00:20:30.794+0530][2.894s] GC(1) Archive regions: 0->0
[2021-12-30T00:20:30.794+0530][2.894s] GC(1) Humongous regions: 4->4
[2021-12-30T00:20:30.794+0530][2.895s] GC(1) Metaspace: 19925K->19925K(1067008K)
[2021-12-30T00:20:30.795+0530][2.895s] GC(1) Pause Young (Normal) (G1 Evacuation Pause) 28M->15M(512M) 26.838ms
[2021-12-30T00:20:30.795+0530][2.895s] GC(1) User=0.05s Sys=0.00s Real=0.03s
[2021-12-30T00:20:30.888+0530][2.988s] GC(2) Pause Young (Concurrent Start) (Metadata GC Threshold)
[2021-12-30T00:20:30.888+0530][2.988s] GC(2) Using 2 workers of 2 for evacuation
[2021-12-30T00:20:30.900+0530][3.000s] GC(2)   Pre Evacuate Collection Set: 0.1ms
[2021-12-30T00:20:30.900+0530][3.000s] GC(2)   Evacuate Collection Set: 11.1ms
[2021-12-30T00:20:30.900+0530][3.000s] GC(2)   Post Evacuate Collection Set: 0.5ms
[2021-12-30T00:20:30.900+0530][3.000s] GC(2)   Other: 0.3ms
[2021-12-30T00:20:30.900+0530][3.000s] GC(2) Eden regions: 2->0(24)
[2021-12-30T00:20:30.900+0530][3.000s] GC(2) Survivor regions: 4->1(4)
[2021-12-30T00:20:30.900+0530][3.000s] GC(2) Old regions: 8->12
[2021-12-30T00:20:30.900+0530][3.000s] GC(2) Archive regions: 0->0
[2021-12-30T00:20:30.900+0530][3.000s] GC(2) Humongous regions: 4->4
[2021-12-30T00:20:30.900+0530][3.000s] GC(2) Metaspace: 20654K->20654K(1069056K)
[2021-12-30T00:20:30.900+0530][3.000s] GC(2) Pause Young (Concurrent Start) (Metadata GC Threshold) 16M->16M(512M) 12.238ms
[2021-12-30T00:20:30.900+0530][3.001s] GC(2) User=0.02s Sys=0.00s Real=0.01s
[2021-12-30T00:20:30.901+0530][3.001s] GC(3) Concurrent Cycle
[2021-12-30T00:20:30.901+0530][3.001s] GC(3) Concurrent Clear Claimed Marks
[2021-12-30T00:20:30.901+0530][3.001s] GC(3) Concurrent Clear Claimed Marks 0.046ms
[2021-12-30T00:20:30.901+0530][3.001s] GC(3) Concurrent Scan Root Regions
[2021-12-30T00:20:30.904+0530][3.004s] GC(3) Concurrent Scan Root Regions 3.798ms
[2021-12-30T00:20:30.905+0530][3.005s] GC(3) Concurrent Mark (3.005s)
[2021-12-30T00:20:30.905+0530][3.005s] GC(3) Concurrent Mark From Roots
[2021-12-30T00:20:30.905+0530][3.005s] GC(3) Using 1 workers of 1 for marking
[2021-12-30T00:20:30.936+0530][3.036s] GC(3) Concurrent Mark From Roots 31.388ms
[2021-12-30T00:20:30.936+0530][3.036s] GC(3) Concurrent Preclean
[2021-12-30T00:20:30.936+0530][3.036s] GC(3) Concurrent Preclean 0.070ms
[2021-12-30T00:20:30.936+0530][3.036s] GC(3) Concurrent Mark (3.005s, 3.036s) 31.582ms
[2021-12-30T00:20:30.936+0530][3.036s] GC(3) Pause Remark
[2021-12-30T00:20:30.940+0530][3.040s] GC(3) Pause Remark 17M->17M(512M) 3.675ms
[2021-12-30T00:20:30.940+0530][3.040s] GC(3) User=0.00s Sys=0.00s Real=0.00s
[2021-12-30T00:20:30.940+0530][3.040s] GC(3) Concurrent Rebuild Remembered Sets
[2021-12-30T00:20:30.960+0530][3.060s] GC(3) Concurrent Rebuild Remembered Sets 19.774ms
[2021-12-30T00:20:30.960+0530][3.060s] GC(3) Pause Cleanup
[2021-12-30T00:20:30.961+0530][3.061s] GC(3) Pause Cleanup 17M->17M(512M) 0.207ms
[2021-12-30T00:20:30.961+0530][3.061s] GC(3) User=0.00s Sys=0.00s Real=0.00s
[2021-12-30T00:20:30.961+0530][3.061s] GC(3) Concurrent Cleanup for Next Mark
[2021-12-30T00:20:30.968+0530][3.068s] GC(3) Concurrent Cleanup for Next Mark 7.368ms
[2021-12-30T00:20:30.968+0530][3.068s] GC(3) Concurrent Cycle 67.528ms
[2021-12-30T00:20:32.415+0530][4.515s] GC(4) Pause Young (Normal) (G1 Evacuation Pause)
[2021-12-30T00:20:32.415+0530][4.515s] GC(4) Using 2 workers of 2 for evacuation
[2021-12-30T00:20:32.421+0530][4.521s] GC(4)   Pre Evacuate Collection Set: 0.1ms
[2021-12-30T00:20:32.421+0530][4.521s] GC(4)   Evacuate Collection Set: 5.7ms
[2021-12-30T00:20:32.421+0530][4.521s] GC(4)   Post Evacuate Collection Set: 0.7ms
[2021-12-30T00:20:32.421+0530][4.521s] GC(4)   Other: 0.3ms
[2021-12-30T00:20:32.421+0530][4.521s] GC(4) Eden regions: 24->0(28)
[2021-12-30T00:20:32.421+0530][4.522s] GC(4) Survivor regions: 1->4(4)
[2021-12-30T00:20:32.421+0530][4.522s] GC(4) Old regions: 12->14
[2021-12-30T00:20:32.422+0530][4.522s] GC(4) Archive regions: 0->0
[2021-12-30T00:20:32.422+0530][4.522s] GC(4) Humongous regions: 4->4
[2021-12-30T00:20:32.422+0530][4.522s] GC(4) Metaspace: 23627K->23627K(1071104K)
[2021-12-30T00:20:32.422+0530][4.522s] GC(4) Pause Young (Normal) (G1 Evacuation Pause) 40M->21M(512M) 7.039ms
[2021-12-30T00:20:32.422+0530][4.522s] GC(4) User=0.01s Sys=0.00s Real=0.01s
[2021-12-30T00:20:33.724+0530][5.824s] GC(5) Pause Young (Normal) (G1 Evacuation Pause)
[2021-12-30T00:20:33.724+0530][5.824s] GC(5) Using 2 workers of 2 for evacuation
[2021-12-30T00:20:33.736+0530][5.836s] GC(5)   Pre Evacuate Collection Set: 0.1ms
[2021-12-30T00:20:33.736+0530][5.836s] GC(5)   Evacuate Collection Set: 6.9ms
[2021-12-30T00:20:33.736+0530][5.836s] GC(5)   Post Evacuate Collection Set: 4.3ms
[2021-12-30T00:20:33.736+0530][5.836s] GC(5)   Other: 0.3ms
[2021-12-30T00:20:33.736+0530][5.836s] GC(5) Eden regions: 28->0(34)
[2021-12-30T00:20:33.736+0530][5.836s] GC(5) Survivor regions: 4->3(4)
[2021-12-30T00:20:33.736+0530][5.836s] GC(5) Old regions: 14->18
[2021-12-30T00:20:33.736+0530][5.836s] GC(5) Archive regions: 0->0
[2021-12-30T00:20:33.736+0530][5.836s] GC(5) Humongous regions: 4->4
[2021-12-30T00:20:33.736+0530][5.836s] GC(5) Metaspace: 27214K->27214K(1075200K)
[2021-12-30T00:20:33.736+0530][5.836s] GC(5) Pause Young (Normal) (G1 Evacuation Pause) 49M->23M(512M) 11.826ms
[2021-12-30T00:20:33.736+0530][5.836s] GC(5) User=0.01s Sys=0.00s Real=0.01s
[2021-12-30T00:20:34.763+0530][6.863s] GC(6) Pause Young (Normal) (G1 Evacuation Pause)
[2021-12-30T00:20:34.763+0530][6.863s] GC(6) Using 2 workers of 2 for evacuation
[2021-12-30T00:20:34.768+0530][6.868s] GC(6)   Pre Evacuate Collection Set: 0.1ms
[2021-12-30T00:20:34.768+0530][6.868s] GC(6)   Evacuate Collection Set: 3.8ms
[2021-12-30T00:20:34.768+0530][6.868s] GC(6)   Post Evacuate Collection Set: 0.7ms
[2021-12-30T00:20:34.768+0530][6.868s] GC(6)   Other: 0.3ms
[2021-12-30T00:20:34.768+0530][6.868s] GC(6) Eden regions: 34->0(75)
[2021-12-30T00:20:34.768+0530][6.868s] GC(6) Survivor regions: 3->3(5)
[2021-12-30T00:20:34.768+0530][6.868s] GC(6) Old regions: 18->18
[2021-12-30T00:20:34.768+0530][6.868s] GC(6) Archive regions: 0->0
[2021-12-30T00:20:34.768+0530][6.868s] GC(6) Humongous regions: 4->4
[2021-12-30T00:20:34.768+0530][6.868s] GC(6) Metaspace: 30196K->30196K(1077248K)
[2021-12-30T00:20:34.768+0530][6.868s] GC(6) Pause Young (Normal) (G1 Evacuation Pause) 57M->23M(512M) 5.202ms
[2021-12-30T00:20:34.768+0530][6.868s] GC(6) User=0.00s Sys=0.00s Real=0.00s
[2021-12-30T00:20:35.626+0530][7.726s] GC(7) Pause Young (Concurrent Start) (Metadata GC Threshold)
[2021-12-30T00:20:35.627+0530][7.727s] GC(7) Using 2 workers of 2 for evacuation
[2021-12-30T00:20:35.636+0530][7.736s] GC(7)   Pre Evacuate Collection Set: 0.1ms
[2021-12-30T00:20:35.636+0530][7.736s] GC(7)   Evacuate Collection Set: 7.5ms
[2021-12-30T00:20:35.636+0530][7.736s] GC(7)   Post Evacuate Collection Set: 1.7ms
[2021-12-30T00:20:35.636+0530][7.736s] GC(7)   Other: 0.3ms
[2021-12-30T00:20:35.636+0530][7.736s] GC(7) Eden regions: 28->0(80)
[2021-12-30T00:20:35.636+0530][7.736s] GC(7) Survivor regions: 3->4(10)
[2021-12-30T00:20:35.636+0530][7.736s] GC(7) Old regions: 18->18
[2021-12-30T00:20:35.636+0530][7.736s] GC(7) Archive regions: 0->0
[2021-12-30T00:20:35.636+0530][7.736s] GC(7) Humongous regions: 4->4
[2021-12-30T00:20:35.636+0530][7.736s] GC(7) Metaspace: 35078K->35078K(1081344K)
[2021-12-30T00:20:35.636+0530][7.736s] GC(7) Pause Young (Concurrent Start) (Metadata GC Threshold) 51M->25M(512M) 9.836ms
[2021-12-30T00:20:35.636+0530][7.736s] GC(7) User=0.01s Sys=0.00s Real=0.01s
[2021-12-30T00:20:35.636+0530][7.736s] GC(8) Concurrent Cycle
[2021-12-30T00:20:35.636+0530][7.736s] GC(8) Concurrent Clear Claimed Marks
[2021-12-30T00:20:35.636+0530][7.736s] GC(8) Concurrent Clear Claimed Marks 0.066ms
[2021-12-30T00:20:35.636+0530][7.736s] GC(8) Concurrent Scan Root Regions
[2021-12-30T00:20:35.639+0530][7.739s] GC(8) Concurrent Scan Root Regions 2.904ms
[2021-12-30T00:20:35.639+0530][7.739s] GC(8) Concurrent Mark (7.739s)
[2021-12-30T00:20:35.639+0530][7.739s] GC(8) Concurrent Mark From Roots
[2021-12-30T00:20:35.639+0530][7.739s] GC(8) Using 1 workers of 1 for marking
[2021-12-30T00:20:35.731+0530][7.831s] GC(8) Concurrent Mark From Roots 91.827ms
[2021-12-30T00:20:35.731+0530][7.831s] GC(8) Concurrent Preclean
[2021-12-30T00:20:35.731+0530][7.832s] GC(8) Concurrent Preclean 0.122ms
[2021-12-30T00:20:35.732+0530][7.832s] GC(8) Concurrent Mark (7.739s, 7.832s) 92.077ms
[2021-12-30T00:20:35.733+0530][7.833s] GC(8) Pause Remark
[2021-12-30T00:20:35.742+0530][7.842s] GC(8) Pause Remark 26M->26M(512M) 8.887ms
[2021-12-30T00:20:35.742+0530][7.842s] GC(8) User=0.01s Sys=0.00s Real=0.01s
[2021-12-30T00:20:35.742+0530][7.842s] GC(8) Concurrent Rebuild Remembered Sets
[2021-12-30T00:20:35.780+0530][7.880s] GC(8) Concurrent Rebuild Remembered Sets 38.615ms
[2021-12-30T00:20:35.781+0530][7.881s] GC(8) Pause Cleanup
[2021-12-30T00:20:35.782+0530][7.882s] GC(8) Pause Cleanup 27M->27M(512M) 0.546ms
[2021-12-30T00:20:35.782+0530][7.882s] GC(8) User=0.00s Sys=0.00s Real=0.00s
[2021-12-30T00:20:35.782+0530][7.882s] GC(8) Concurrent Cleanup for Next Mark
[2021-12-30T00:20:35.784+0530][7.884s] GC(8) Concurrent Cleanup for Next Mark 2.225ms
[2021-12-30T00:20:35.784+0530][7.884s] GC(8) Concurrent Cycle 148.049ms
[2021-12-30T00:31:16.008+0530][648.109s] GC(9) Pause Young (Concurrent Start) (G1 Evacuation Pause)
[2021-12-30T00:31:16.028+0530][648.128s] GC(9) Using 2 workers of 2 for evacuation
[2021-12-30T00:31:16.073+0530][648.173s] GC(9)   Pre Evacuate Collection Set: 0.2ms
[2021-12-30T00:31:16.073+0530][648.173s] GC(9)   Evacuate Collection Set: 41.9ms
[2021-12-30T00:31:16.073+0530][648.173s] GC(9)   Post Evacuate Collection Set: 2.3ms
[2021-12-30T00:31:16.073+0530][648.173s] GC(9)   Other: 20.3ms
[2021-12-30T00:31:16.073+0530][648.173s] GC(9) Eden regions: 84->0(105)
[2021-12-30T00:31:16.073+0530][648.173s] GC(9) Survivor regions: 4->9(11)
[2021-12-30T00:31:16.073+0530][648.173s] GC(9) Old regions: 18->18
[2021-12-30T00:31:16.073+0530][648.173s] GC(9) Archive regions: 0->0
[2021-12-30T00:31:16.073+0530][648.173s] GC(9) Humongous regions: 4->4
[2021-12-30T00:31:16.073+0530][648.173s] GC(9) Metaspace: 42670K->42670K(1087488K)
[2021-12-30T00:31:16.074+0530][648.174s] GC(9) Pause Young (Concurrent Start) (G1 Evacuation Pause) 109M->29M(512M) 65.027ms
[2021-12-30T00:31:16.074+0530][648.174s] GC(9) User=0.05s Sys=0.00s Real=0.07s
[2021-12-30T00:31:16.074+0530][648.174s] GC(10) Concurrent Cycle
[2021-12-30T00:31:16.074+0530][648.174s] GC(10) Concurrent Clear Claimed Marks
[2021-12-30T00:31:16.074+0530][648.174s] GC(10) Concurrent Clear Claimed Marks 0.111ms
[2021-12-30T00:31:16.074+0530][648.174s] GC(10) Concurrent Scan Root Regions
[2021-12-30T00:31:16.086+0530][648.186s] GC(10) Concurrent Scan Root Regions 11.962ms
[2021-12-30T00:31:16.086+0530][648.186s] GC(10) Concurrent Mark (648.186s)
[2021-12-30T00:31:16.086+0530][648.186s] GC(10) Concurrent Mark From Roots
[2021-12-30T00:31:16.086+0530][648.186s] GC(10) Using 1 workers of 1 for marking
[2021-12-30T00:31:16.125+0530][648.226s] GC(10) Concurrent Mark From Roots 39.130ms
[2021-12-30T00:31:16.126+0530][648.226s] GC(10) Concurrent Preclean
[2021-12-30T00:31:16.126+0530][648.226s] GC(10) Concurrent Preclean 0.217ms
[2021-12-30T00:31:16.126+0530][648.226s] GC(10) Concurrent Mark (648.186s, 648.226s) 39.483ms
[2021-12-30T00:31:16.155+0530][648.255s] GC(10) Pause Remark
[2021-12-30T00:31:16.165+0530][648.265s] GC(10) Pause Remark 31M->31M(512M) 9.778ms
[2021-12-30T00:31:16.165+0530][648.265s] GC(10) User=0.02s Sys=0.00s Real=0.01s
[2021-12-30T00:31:16.173+0530][648.273s] GC(10) Concurrent Rebuild Remembered Sets
[2021-12-30T00:31:16.208+0530][648.308s] GC(10) Concurrent Rebuild Remembered Sets 35.334ms
[2021-12-30T00:31:16.208+0530][648.309s] GC(10) Pause Cleanup
[2021-12-30T00:31:16.209+0530][648.309s] GC(10) Pause Cleanup 31M->31M(512M) 0.260ms
[2021-12-30T00:31:16.209+0530][648.309s] GC(10) User=0.00s Sys=0.00s Real=0.00s
[2021-12-30T00:31:16.209+0530][648.309s] GC(10) Concurrent Cleanup for Next Mark
[2021-12-30T00:31:16.215+0530][648.315s] GC(10) Concurrent Cleanup for Next Mark 6.517ms
[2021-12-30T00:31:16.216+0530][648.316s] GC(10) Concurrent Cycle 141.510ms
[2021-12-30T00:31:16.278+0530][648.378s] Heap
[2021-12-30T00:31:16.278+0530][648.378s]  garbage-first heap   total 524288K, used 35589K [0x00000000e0000000, 0x0000000100000000)
[2021-12-30T00:31:16.278+0530][648.378s]   region size 1024K, 15 young (15360K), 9 survivors (9216K)
[2021-12-30T00:31:16.278+0530][648.378s]  Metaspace       used 42738K, capacity 43619K, committed 43804K, reserved 1087488K
[2021-12-30T00:31:16.278+0530][648.378s]   class space    used 4636K, capacity 4953K, committed 4992K, reserved 1048576K
