[2021-12-29T23:40:26.162+0530][0.030s] Heap region size: 1M
[2021-12-29T23:40:26.452+0530][0.319s] Using G1
[2021-12-29T23:40:26.452+0530][0.319s] Heap address: 0x00000000e0000000, size: 512 MB, Compressed Oops mode: 32-bit
[2021-12-29T23:40:26.533+0530][0.401s] Periodic GC disabled
[2021-12-29T23:40:28.500+0530][2.368s] GC(0) Pause Young (Normal) (G1 Evacuation Pause)
[2021-12-29T23:40:28.501+0530][2.368s] GC(0) Using 2 workers of 2 for evacuation
[2021-12-29T23:40:28.508+0530][2.375s] GC(0)   Pre Evacuate Collection Set: 0.1ms
[2021-12-29T23:40:28.508+0530][2.375s] GC(0)   Evacuate Collection Set: 6.5ms
[2021-12-29T23:40:28.508+0530][2.375s] GC(0)   Post Evacuate Collection Set: 0.5ms
[2021-12-29T23:40:28.508+0530][2.375s] GC(0)   Other: 0.4ms
[2021-12-29T23:40:28.508+0530][2.375s] GC(0) Eden regions: 25->0(22)
[2021-12-29T23:40:28.508+0530][2.375s] GC(0) Survivor regions: 0->3(4)
[2021-12-29T23:40:28.508+0530][2.375s] GC(0) Old regions: 0->0
[2021-12-29T23:40:28.508+0530][2.375s] GC(0) Archive regions: 0->0
[2021-12-29T23:40:28.508+0530][2.376s] GC(0) Humongous regions: 0->0
[2021-12-29T23:40:28.508+0530][2.376s] GC(0) Metaspace: 12646K->12646K(1060864K)
[2021-12-29T23:40:28.508+0530][2.376s] GC(0) Pause Young (Normal) (G1 Evacuation Pause) 25M->2M(512M) 7.626ms
[2021-12-29T23:40:28.508+0530][2.376s] GC(0) User=0.01s Sys=0.00s Real=0.01s
[2021-12-29T23:40:30.146+0530][4.013s] GC(1) Pause Young (Normal) (G1 Evacuation Pause)
[2021-12-29T23:40:30.146+0530][4.014s] GC(1) Using 2 workers of 2 for evacuation
[2021-12-29T23:40:30.168+0530][4.036s] GC(1)   Pre Evacuate Collection Set: 0.1ms
[2021-12-29T23:40:30.168+0530][4.036s] GC(1)   Evacuate Collection Set: 21.2ms
[2021-12-29T23:40:30.168+0530][4.036s] GC(1)   Post Evacuate Collection Set: 0.9ms
[2021-12-29T23:40:30.168+0530][4.036s] GC(1)   Other: 0.3ms
[2021-12-29T23:40:30.168+0530][4.036s] GC(1) Eden regions: 22->0(21)
[2021-12-29T23:40:30.168+0530][4.036s] GC(1) Survivor regions: 3->4(4)
[2021-12-29T23:40:30.168+0530][4.036s] GC(1) Old regions: 0->8
[2021-12-29T23:40:30.168+0530][4.036s] GC(1) Archive regions: 0->0
[2021-12-29T23:40:30.168+0530][4.036s] GC(1) Humongous regions: 4->4
[2021-12-29T23:40:30.168+0530][4.036s] GC(1) Metaspace: 19989K->19989K(1067008K)
[2021-12-29T23:40:30.169+0530][4.036s] GC(1) Pause Young (Normal) (G1 Evacuation Pause) 28M->15M(512M) 22.599ms
[2021-12-29T23:40:30.169+0530][4.036s] GC(1) User=0.04s Sys=0.00s Real=0.02s
[2021-12-29T23:40:30.263+0530][4.131s] GC(2) Pause Young (Concurrent Start) (Metadata GC Threshold)
[2021-12-29T23:40:30.263+0530][4.131s] GC(2) Using 2 workers of 2 for evacuation
[2021-12-29T23:40:30.272+0530][4.140s] GC(2)   Pre Evacuate Collection Set: 0.1ms
[2021-12-29T23:40:30.272+0530][4.140s] GC(2)   Evacuate Collection Set: 8.3ms
[2021-12-29T23:40:30.272+0530][4.140s] GC(2)   Post Evacuate Collection Set: 0.5ms
[2021-12-29T23:40:30.273+0530][4.140s] GC(2)   Other: 0.3ms
[2021-12-29T23:40:30.273+0530][4.140s] GC(2) Eden regions: 2->0(24)
[2021-12-29T23:40:30.273+0530][4.140s] GC(2) Survivor regions: 4->1(4)
[2021-12-29T23:40:30.273+0530][4.140s] GC(2) Old regions: 8->12
[2021-12-29T23:40:30.273+0530][4.140s] GC(2) Archive regions: 0->0
[2021-12-29T23:40:30.273+0530][4.140s] GC(2) Humongous regions: 4->4
[2021-12-29T23:40:30.273+0530][4.140s] GC(2) Metaspace: 20654K->20654K(1069056K)
[2021-12-29T23:40:30.273+0530][4.140s] GC(2) Pause Young (Concurrent Start) (Metadata GC Threshold) 16M->16M(512M) 9.241ms
[2021-12-29T23:40:30.273+0530][4.140s] GC(2) User=0.02s Sys=0.00s Real=0.01s
[2021-12-29T23:40:30.273+0530][4.140s] GC(3) Concurrent Cycle
[2021-12-29T23:40:30.273+0530][4.140s] GC(3) Concurrent Clear Claimed Marks
[2021-12-29T23:40:30.273+0530][4.140s] GC(3) Concurrent Clear Claimed Marks 0.042ms
[2021-12-29T23:40:30.273+0530][4.140s] GC(3) Concurrent Scan Root Regions
[2021-12-29T23:40:30.277+0530][4.144s] GC(3) Concurrent Scan Root Regions 3.760ms
[2021-12-29T23:40:30.277+0530][4.144s] GC(3) Concurrent Mark (4.144s)
[2021-12-29T23:40:30.277+0530][4.144s] GC(3) Concurrent Mark From Roots
[2021-12-29T23:40:30.277+0530][4.144s] GC(3) Using 1 workers of 1 for marking
[2021-12-29T23:40:30.306+0530][4.174s] GC(3) Concurrent Mark From Roots 29.693ms
[2021-12-29T23:40:30.306+0530][4.174s] GC(3) Concurrent Preclean
[2021-12-29T23:40:30.306+0530][4.174s] GC(3) Concurrent Preclean 0.074ms
[2021-12-29T23:40:30.306+0530][4.174s] GC(3) Concurrent Mark (4.144s, 4.174s) 29.870ms
[2021-12-29T23:40:30.307+0530][4.174s] GC(3) Pause Remark
[2021-12-29T23:40:30.309+0530][4.177s] GC(3) Pause Remark 17M->17M(512M) 2.627ms
[2021-12-29T23:40:30.309+0530][4.177s] GC(3) User=0.00s Sys=0.00s Real=0.01s
[2021-12-29T23:40:30.309+0530][4.177s] GC(3) Concurrent Rebuild Remembered Sets
[2021-12-29T23:40:30.325+0530][4.193s] GC(3) Concurrent Rebuild Remembered Sets 15.920ms
[2021-12-29T23:40:30.326+0530][4.193s] GC(3) Pause Cleanup
[2021-12-29T23:40:30.326+0530][4.193s] GC(3) Pause Cleanup 18M->18M(512M) 0.236ms
[2021-12-29T23:40:30.326+0530][4.193s] GC(3) User=0.00s Sys=0.00s Real=0.00s
[2021-12-29T23:40:30.326+0530][4.194s] GC(3) Concurrent Cleanup for Next Mark
[2021-12-29T23:40:30.328+0530][4.196s] GC(3) Concurrent Cleanup for Next Mark 2.393ms
[2021-12-29T23:40:30.328+0530][4.196s] GC(3) Concurrent Cycle 55.793ms
[2021-12-29T23:40:31.868+0530][5.736s] GC(4) Pause Young (Normal) (G1 Evacuation Pause)
[2021-12-29T23:40:31.868+0530][5.736s] GC(4) Using 2 workers of 2 for evacuation
[2021-12-29T23:40:31.878+0530][5.745s] GC(4)   Pre Evacuate Collection Set: 0.1ms
[2021-12-29T23:40:31.878+0530][5.746s] GC(4)   Evacuate Collection Set: 8.4ms
[2021-12-29T23:40:31.878+0530][5.746s] GC(4)   Post Evacuate Collection Set: 0.7ms
[2021-12-29T23:40:31.878+0530][5.746s] GC(4)   Other: 0.3ms
[2021-12-29T23:40:31.878+0530][5.746s] GC(4) Eden regions: 24->0(29)
[2021-12-29T23:40:31.878+0530][5.746s] GC(4) Survivor regions: 1->4(4)
[2021-12-29T23:40:31.878+0530][5.746s] GC(4) Old regions: 12->14
[2021-12-29T23:40:31.878+0530][5.746s] GC(4) Archive regions: 0->0
[2021-12-29T23:40:31.878+0530][5.746s] GC(4) Humongous regions: 4->4
[2021-12-29T23:40:31.878+0530][5.746s] GC(4) Metaspace: 23657K->23657K(1071104K)
[2021-12-29T23:40:31.878+0530][5.746s] GC(4) Pause Young (Normal) (G1 Evacuation Pause) 40M->21M(512M) 9.827ms
[2021-12-29T23:40:31.878+0530][5.746s] GC(4) User=0.02s Sys=0.00s Real=0.01s
[2021-12-29T23:40:33.241+0530][7.109s] GC(5) Pause Young (Normal) (G1 Evacuation Pause)
[2021-12-29T23:40:33.241+0530][7.109s] GC(5) Using 2 workers of 2 for evacuation
[2021-12-29T23:40:33.252+0530][7.120s] GC(5)   Pre Evacuate Collection Set: 0.1ms
[2021-12-29T23:40:33.252+0530][7.120s] GC(5)   Evacuate Collection Set: 9.3ms
[2021-12-29T23:40:33.252+0530][7.120s] GC(5)   Post Evacuate Collection Set: 1.6ms
[2021-12-29T23:40:33.252+0530][7.120s] GC(5)   Other: 0.3ms
[2021-12-29T23:40:33.252+0530][7.120s] GC(5) Eden regions: 29->0(35)
[2021-12-29T23:40:33.252+0530][7.120s] GC(5) Survivor regions: 4->3(5)
[2021-12-29T23:40:33.252+0530][7.120s] GC(5) Old regions: 14->18
[2021-12-29T23:40:33.252+0530][7.120s] GC(5) Archive regions: 0->0
[2021-12-29T23:40:33.252+0530][7.120s] GC(5) Humongous regions: 4->4
[2021-12-29T23:40:33.253+0530][7.120s] GC(5) Metaspace: 27263K->27263K(1075200K)
[2021-12-29T23:40:33.253+0530][7.120s] GC(5) Pause Young (Normal) (G1 Evacuation Pause) 50M->24M(512M) 11.614ms
[2021-12-29T23:40:33.253+0530][7.120s] GC(5) User=0.02s Sys=0.00s Real=0.01s
[2021-12-29T23:40:34.424+0530][8.291s] GC(6) Pause Young (Normal) (G1 Evacuation Pause)
[2021-12-29T23:40:34.424+0530][8.291s] GC(6) Using 2 workers of 2 for evacuation
[2021-12-29T23:40:34.431+0530][8.298s] GC(6)   Pre Evacuate Collection Set: 0.1ms
[2021-12-29T23:40:34.431+0530][8.298s] GC(6)   Evacuate Collection Set: 6.3ms
[2021-12-29T23:40:34.431+0530][8.298s] GC(6)   Post Evacuate Collection Set: 0.5ms
[2021-12-29T23:40:34.431+0530][8.298s] GC(6)   Other: 0.2ms
[2021-12-29T23:40:34.431+0530][8.298s] GC(6) Eden regions: 35->0(64)
[2021-12-29T23:40:34.431+0530][8.298s] GC(6) Survivor regions: 3->1(5)
[2021-12-29T23:40:34.431+0530][8.298s] GC(6) Old regions: 18->21
[2021-12-29T23:40:34.431+0530][8.298s] GC(6) Archive regions: 0->0
[2021-12-29T23:40:34.431+0530][8.298s] GC(6) Humongous regions: 4->4
[2021-12-29T23:40:34.431+0530][8.298s] GC(6) Metaspace: 30517K->30517K(1077248K)
[2021-12-29T23:40:34.431+0530][8.298s] GC(6) Pause Young (Normal) (G1 Evacuation Pause) 59M->24M(512M) 7.323ms
[2021-12-29T23:40:34.431+0530][8.298s] GC(6) User=0.02s Sys=0.00s Real=0.01s
[2021-12-29T23:40:35.537+0530][9.405s] GC(7) Pause Young (Concurrent Start) (Metadata GC Threshold)
[2021-12-29T23:40:35.537+0530][9.405s] GC(7) Using 2 workers of 2 for evacuation
[2021-12-29T23:40:35.542+0530][9.409s] GC(7)   Pre Evacuate Collection Set: 0.1ms
[2021-12-29T23:40:35.542+0530][9.409s] GC(7)   Evacuate Collection Set: 3.8ms
[2021-12-29T23:40:35.542+0530][9.409s] GC(7)   Post Evacuate Collection Set: 0.5ms
[2021-12-29T23:40:35.542+0530][9.409s] GC(7)   Other: 0.3ms
[2021-12-29T23:40:35.542+0530][9.410s] GC(7) Eden regions: 25->0(75)
[2021-12-29T23:40:35.542+0530][9.410s] GC(7) Survivor regions: 1->2(9)
[2021-12-29T23:40:35.542+0530][9.410s] GC(7) Old regions: 21->21
[2021-12-29T23:40:35.542+0530][9.410s] GC(7) Archive regions: 0->0
[2021-12-29T23:40:35.542+0530][9.410s] GC(7) Humongous regions: 4->4
[2021-12-29T23:40:35.542+0530][9.410s] GC(7) Metaspace: 35046K->35046K(1081344K)
[2021-12-29T23:40:35.542+0530][9.410s] GC(7) Pause Young (Concurrent Start) (Metadata GC Threshold) 49M->25M(512M) 4.937ms
[2021-12-29T23:40:35.542+0530][9.410s] GC(7) User=0.01s Sys=0.00s Real=0.01s
[2021-12-29T23:40:35.542+0530][9.410s] GC(8) Concurrent Cycle
[2021-12-29T23:40:35.542+0530][9.410s] GC(8) Concurrent Clear Claimed Marks
[2021-12-29T23:40:35.542+0530][9.410s] GC(8) Concurrent Clear Claimed Marks 0.065ms
[2021-12-29T23:40:35.542+0530][9.410s] GC(8) Concurrent Scan Root Regions
[2021-12-29T23:40:35.544+0530][9.412s] GC(8) Concurrent Scan Root Regions 1.840ms
[2021-12-29T23:40:35.544+0530][9.412s] GC(8) Concurrent Mark (9.412s)
[2021-12-29T23:40:35.544+0530][9.412s] GC(8) Concurrent Mark From Roots
[2021-12-29T23:40:35.544+0530][9.412s] GC(8) Using 1 workers of 1 for marking
[2021-12-29T23:40:35.609+0530][9.477s] GC(8) Concurrent Mark From Roots 65.139ms
[2021-12-29T23:40:35.609+0530][9.477s] GC(8) Concurrent Preclean
[2021-12-29T23:40:35.610+0530][9.477s] GC(8) Concurrent Preclean 0.148ms
[2021-12-29T23:40:35.610+0530][9.477s] GC(8) Concurrent Mark (9.412s, 9.477s) 65.386ms
[2021-12-29T23:40:35.610+0530][9.477s] GC(8) Pause Remark
[2021-12-29T23:40:35.613+0530][9.480s] GC(8) Pause Remark 27M->27M(512M) 3.017ms
[2021-12-29T23:40:35.613+0530][9.480s] GC(8) User=0.01s Sys=0.00s Real=0.00s
[2021-12-29T23:40:35.613+0530][9.480s] GC(8) Concurrent Rebuild Remembered Sets
[2021-12-29T23:40:35.657+0530][9.524s] GC(8) Concurrent Rebuild Remembered Sets 43.916ms
[2021-12-29T23:40:35.670+0530][9.538s] GC(8) Pause Cleanup
[2021-12-29T23:40:35.671+0530][9.538s] GC(8) Pause Cleanup 27M->27M(512M) 0.307ms
[2021-12-29T23:40:35.671+0530][9.538s] GC(8) User=0.00s Sys=0.00s Real=0.00s
[2021-12-29T23:40:35.671+0530][9.538s] GC(8) Concurrent Cleanup for Next Mark
[2021-12-29T23:40:35.673+0530][9.541s] GC(8) Concurrent Cleanup for Next Mark 2.603ms
[2021-12-29T23:40:35.673+0530][9.541s] GC(8) Concurrent Cycle 131.182ms
[2021-12-30T00:03:52.987+0530][1406.855s] Heap
[2021-12-30T00:03:52.987+0530][1406.855s]  garbage-first heap   total 524288K, used 96079K [0x00000000e0000000, 0x0000000100000000)
[2021-12-30T00:03:52.987+0530][1406.855s]   region size 1024K, 71 young (72704K), 2 survivors (2048K)
[2021-12-30T00:03:52.987+0530][1406.855s]  Metaspace       used 40664K, capacity 41364K, committed 41500K, reserved 1085440K
[2021-12-30T00:03:52.987+0530][1406.855s]   class space    used 4410K, capacity 4674K, committed 4716K, reserved 1048576K
