[2021-12-21T00:50:01.088+0530][0.015s] Heap region size: 1M
[2021-12-21T00:50:01.442+0530][0.369s] Using G1
[2021-12-21T00:50:01.442+0530][0.369s] Heap address: 0x00000000e0000000, size: 512 MB, Compressed Oops mode: 32-bit
[2021-12-21T00:50:01.489+0530][0.416s] Periodic GC disabled
[2021-12-21T00:50:04.159+0530][3.086s] GC(0) Pause Young (Normal) (G1 Evacuation Pause)
[2021-12-21T00:50:04.159+0530][3.086s] GC(0) Using 2 workers of 2 for evacuation
[2021-12-21T00:50:04.165+0530][3.092s] GC(0)   Pre Evacuate Collection Set: 0.1ms
[2021-12-21T00:50:04.165+0530][3.092s] GC(0)   Evacuate Collection Set: 4.8ms
[2021-12-21T00:50:04.165+0530][3.092s] GC(0)   Post Evacuate Collection Set: 0.5ms
[2021-12-21T00:50:04.165+0530][3.092s] GC(0)   Other: 0.4ms
[2021-12-21T00:50:04.165+0530][3.092s] GC(0) Eden regions: 25->0(22)
[2021-12-21T00:50:04.165+0530][3.092s] GC(0) Survivor regions: 0->3(4)
[2021-12-21T00:50:04.165+0530][3.092s] GC(0) Old regions: 0->0
[2021-12-21T00:50:04.165+0530][3.092s] GC(0) Archive regions: 0->0
[2021-12-21T00:50:04.165+0530][3.092s] GC(0) Humongous regions: 0->0
[2021-12-21T00:50:04.165+0530][3.092s] GC(0) Metaspace: 12958K->12958K(1060864K)
[2021-12-21T00:50:04.165+0530][3.092s] GC(0) Pause Young (Normal) (G1 Evacuation Pause) 25M->2M(512M) 5.882ms
[2021-12-21T00:50:04.165+0530][3.092s] GC(0) User=0.01s Sys=0.00s Real=0.00s
[2021-12-21T00:50:05.712+0530][4.640s] GC(1) Pause Young (Normal) (G1 Evacuation Pause)
[2021-12-21T00:50:05.712+0530][4.640s] GC(1) Using 2 workers of 2 for evacuation
[2021-12-21T00:50:05.739+0530][4.666s] GC(1)   Pre Evacuate Collection Set: 0.1ms
[2021-12-21T00:50:05.739+0530][4.666s] GC(1)   Evacuate Collection Set: 25.3ms
[2021-12-21T00:50:05.739+0530][4.666s] GC(1)   Post Evacuate Collection Set: 0.8ms
[2021-12-21T00:50:05.739+0530][4.666s] GC(1)   Other: 0.3ms
[2021-12-21T00:50:05.739+0530][4.666s] GC(1) Eden regions: 22->0(21)
[2021-12-21T00:50:05.739+0530][4.666s] GC(1) Survivor regions: 3->4(4)
[2021-12-21T00:50:05.739+0530][4.666s] GC(1) Old regions: 0->8
[2021-12-21T00:50:05.739+0530][4.666s] GC(1) Archive regions: 0->0
[2021-12-21T00:50:05.739+0530][4.666s] GC(1) Humongous regions: 4->4
[2021-12-21T00:50:05.739+0530][4.666s] GC(1) Metaspace: 20055K->20055K(1067008K)
[2021-12-21T00:50:05.739+0530][4.666s] GC(1) Pause Young (Normal) (G1 Evacuation Pause) 28M->15M(512M) 26.661ms
[2021-12-21T00:50:05.739+0530][4.666s] GC(1) User=0.04s Sys=0.00s Real=0.03s
[2021-12-21T00:50:05.789+0530][4.716s] GC(2) Pause Young (Concurrent Start) (Metadata GC Threshold)
[2021-12-21T00:50:05.789+0530][4.716s] GC(2) Using 2 workers of 2 for evacuation
[2021-12-21T00:50:05.797+0530][4.725s] GC(2)   Pre Evacuate Collection Set: 0.1ms
[2021-12-21T00:50:05.797+0530][4.725s] GC(2)   Evacuate Collection Set: 7.7ms
[2021-12-21T00:50:05.797+0530][4.725s] GC(2)   Post Evacuate Collection Set: 0.5ms
[2021-12-21T00:50:05.797+0530][4.725s] GC(2)   Other: 0.3ms
[2021-12-21T00:50:05.797+0530][4.725s] GC(2) Eden regions: 1->0(24)
[2021-12-21T00:50:05.797+0530][4.725s] GC(2) Survivor regions: 4->1(4)
[2021-12-21T00:50:05.797+0530][4.725s] GC(2) Old regions: 8->12
[2021-12-21T00:50:05.797+0530][4.725s] GC(2) Archive regions: 0->0
[2021-12-21T00:50:05.797+0530][4.725s] GC(2) Humongous regions: 4->4
[2021-12-21T00:50:05.797+0530][4.725s] GC(2) Metaspace: 20414K->20414K(1069056K)
[2021-12-21T00:50:05.797+0530][4.725s] GC(2) Pause Young (Concurrent Start) (Metadata GC Threshold) 16M->16M(512M) 8.645ms
[2021-12-21T00:50:05.797+0530][4.725s] GC(2) User=0.02s Sys=0.00s Real=0.01s
[2021-12-21T00:50:05.798+0530][4.725s] GC(3) Concurrent Cycle
[2021-12-21T00:50:05.798+0530][4.725s] GC(3) Concurrent Clear Claimed Marks
[2021-12-21T00:50:05.798+0530][4.725s] GC(3) Concurrent Clear Claimed Marks 0.044ms
[2021-12-21T00:50:05.798+0530][4.725s] GC(3) Concurrent Scan Root Regions
[2021-12-21T00:50:05.802+0530][4.729s] GC(3) Concurrent Scan Root Regions 4.104ms
[2021-12-21T00:50:05.802+0530][4.729s] GC(3) Concurrent Mark (4.729s)
[2021-12-21T00:50:05.802+0530][4.729s] GC(3) Concurrent Mark From Roots
[2021-12-21T00:50:05.802+0530][4.729s] GC(3) Using 1 workers of 1 for marking
[2021-12-21T00:50:05.824+0530][4.751s] GC(3) Concurrent Mark From Roots 21.804ms
[2021-12-21T00:50:05.824+0530][4.751s] GC(3) Concurrent Preclean
[2021-12-21T00:50:05.824+0530][4.751s] GC(3) Concurrent Preclean 0.067ms
[2021-12-21T00:50:05.824+0530][4.751s] GC(3) Concurrent Mark (4.729s, 4.751s) 21.973ms
[2021-12-21T00:50:05.824+0530][4.751s] GC(3) Pause Remark
[2021-12-21T00:50:05.826+0530][4.754s] GC(3) Pause Remark 17M->17M(512M) 2.397ms
[2021-12-21T00:50:05.826+0530][4.754s] GC(3) User=0.00s Sys=0.00s Real=0.00s
[2021-12-21T00:50:05.826+0530][4.754s] GC(3) Concurrent Rebuild Remembered Sets
[2021-12-21T00:50:05.855+0530][4.782s] GC(3) Concurrent Rebuild Remembered Sets 28.450ms
[2021-12-21T00:50:05.855+0530][4.783s] GC(3) Pause Cleanup
[2021-12-21T00:50:05.856+0530][4.783s] GC(3) Pause Cleanup 18M->18M(512M) 0.238ms
[2021-12-21T00:50:05.856+0530][4.783s] GC(3) User=0.00s Sys=0.00s Real=0.00s
[2021-12-21T00:50:05.856+0530][4.783s] GC(3) Concurrent Cleanup for Next Mark
[2021-12-21T00:50:05.858+0530][4.785s] GC(3) Concurrent Cleanup for Next Mark 2.277ms
[2021-12-21T00:50:05.858+0530][4.785s] GC(3) Concurrent Cycle 60.496ms
[2021-12-21T00:50:07.278+0530][6.205s] GC(4) Pause Young (Normal) (G1 Evacuation Pause)
[2021-12-21T00:50:07.278+0530][6.205s] GC(4) Using 2 workers of 2 for evacuation
[2021-12-21T00:50:07.285+0530][6.212s] GC(4)   Pre Evacuate Collection Set: 0.1ms
[2021-12-21T00:50:07.285+0530][6.212s] GC(4)   Evacuate Collection Set: 6.4ms
[2021-12-21T00:50:07.285+0530][6.212s] GC(4)   Post Evacuate Collection Set: 0.4ms
[2021-12-21T00:50:07.285+0530][6.212s] GC(4)   Other: 0.2ms
[2021-12-21T00:50:07.285+0530][6.212s] GC(4) Eden regions: 24->0(28)
[2021-12-21T00:50:07.285+0530][6.212s] GC(4) Survivor regions: 1->4(4)
[2021-12-21T00:50:07.285+0530][6.212s] GC(4) Old regions: 12->14
[2021-12-21T00:50:07.285+0530][6.212s] GC(4) Archive regions: 0->0
[2021-12-21T00:50:07.285+0530][6.212s] GC(4) Humongous regions: 4->4
[2021-12-21T00:50:07.285+0530][6.212s] GC(4) Metaspace: 23636K->23636K(1071104K)
[2021-12-21T00:50:07.285+0530][6.212s] GC(4) Pause Young (Normal) (G1 Evacuation Pause) 40M->21M(512M) 7.316ms
[2021-12-21T00:50:07.285+0530][6.213s] GC(4) User=0.02s Sys=0.00s Real=0.00s
[2021-12-21T00:50:08.559+0530][7.486s] GC(5) Pause Young (Normal) (G1 Evacuation Pause)
[2021-12-21T00:50:08.559+0530][7.486s] GC(5) Using 2 workers of 2 for evacuation
[2021-12-21T00:50:08.569+0530][7.496s] GC(5)   Pre Evacuate Collection Set: 0.1ms
[2021-12-21T00:50:08.569+0530][7.496s] GC(5)   Evacuate Collection Set: 8.6ms
[2021-12-21T00:50:08.569+0530][7.496s] GC(5)   Post Evacuate Collection Set: 1.0ms
[2021-12-21T00:50:08.569+0530][7.496s] GC(5)   Other: 0.2ms
[2021-12-21T00:50:08.569+0530][7.496s] GC(5) Eden regions: 28->0(34)
[2021-12-21T00:50:08.569+0530][7.496s] GC(5) Survivor regions: 4->3(4)
[2021-12-21T00:50:08.569+0530][7.496s] GC(5) Old regions: 14->18
[2021-12-21T00:50:08.569+0530][7.496s] GC(5) Archive regions: 0->0
[2021-12-21T00:50:08.569+0530][7.496s] GC(5) Humongous regions: 4->4
[2021-12-21T00:50:08.569+0530][7.496s] GC(5) Metaspace: 27225K->27225K(1075200K)
[2021-12-21T00:50:08.569+0530][7.496s] GC(5) Pause Young (Normal) (G1 Evacuation Pause) 49M->24M(512M) 10.040ms
[2021-12-21T00:50:08.569+0530][7.496s] GC(5) User=0.02s Sys=0.00s Real=0.01s
[2021-12-21T00:50:09.601+0530][8.528s] GC(6) Pause Young (Normal) (G1 Evacuation Pause)
[2021-12-21T00:50:09.601+0530][8.528s] GC(6) Using 2 workers of 2 for evacuation
[2021-12-21T00:50:09.606+0530][8.533s] GC(6)   Pre Evacuate Collection Set: 0.1ms
[2021-12-21T00:50:09.606+0530][8.533s] GC(6)   Evacuate Collection Set: 4.5ms
[2021-12-21T00:50:09.606+0530][8.533s] GC(6)   Post Evacuate Collection Set: 0.5ms
[2021-12-21T00:50:09.606+0530][8.533s] GC(6)   Other: 0.2ms
[2021-12-21T00:50:09.606+0530][8.533s] GC(6) Eden regions: 34->0(59)
[2021-12-21T00:50:09.606+0530][8.533s] GC(6) Survivor regions: 3->3(5)
[2021-12-21T00:50:09.606+0530][8.533s] GC(6) Old regions: 18->18
[2021-12-21T00:50:09.606+0530][8.533s] GC(6) Archive regions: 0->0
[2021-12-21T00:50:09.606+0530][8.534s] GC(6) Humongous regions: 4->4
[2021-12-21T00:50:09.606+0530][8.534s] GC(6) Metaspace: 29592K->29592K(1077248K)
[2021-12-21T00:50:09.606+0530][8.534s] GC(6) Pause Young (Normal) (G1 Evacuation Pause) 58M->24M(512M) 5.425ms
[2021-12-21T00:50:09.606+0530][8.534s] GC(6) User=0.01s Sys=0.00s Real=0.00s
[2021-12-21T00:50:10.761+0530][9.689s] GC(7) Pause Young (Concurrent Start) (Metadata GC Threshold)
[2021-12-21T00:50:10.761+0530][9.689s] GC(7) Using 2 workers of 2 for evacuation
[2021-12-21T00:50:10.774+0530][9.702s] GC(7)   Pre Evacuate Collection Set: 0.1ms
[2021-12-21T00:50:10.775+0530][9.702s] GC(7)   Evacuate Collection Set: 10.0ms
[2021-12-21T00:50:10.775+0530][9.702s] GC(7)   Post Evacuate Collection Set: 2.8ms
[2021-12-21T00:50:10.775+0530][9.702s] GC(7)   Other: 0.3ms
[2021-12-21T00:50:10.775+0530][9.702s] GC(7) Eden regions: 30->0(70)
[2021-12-21T00:50:10.775+0530][9.702s] GC(7) Survivor regions: 3->4(8)
[2021-12-21T00:50:10.775+0530][9.702s] GC(7) Old regions: 18->18
[2021-12-21T00:50:10.775+0530][9.702s] GC(7) Archive regions: 0->0
[2021-12-21T00:50:10.775+0530][9.702s] GC(7) Humongous regions: 4->4
[2021-12-21T00:50:10.775+0530][9.702s] GC(7) Metaspace: 35023K->35023K(1081344K)
[2021-12-21T00:50:10.775+0530][9.702s] GC(7) Pause Young (Concurrent Start) (Metadata GC Threshold) 53M->25M(512M) 13.447ms
[2021-12-21T00:50:10.775+0530][9.702s] GC(7) User=0.02s Sys=0.00s Real=0.01s
[2021-12-21T00:50:10.775+0530][9.702s] GC(8) Concurrent Cycle
[2021-12-21T00:50:10.775+0530][9.702s] GC(8) Concurrent Clear Claimed Marks
[2021-12-21T00:50:10.775+0530][9.702s] GC(8) Concurrent Clear Claimed Marks 0.059ms
[2021-12-21T00:50:10.775+0530][9.702s] GC(8) Concurrent Scan Root Regions
[2021-12-21T00:50:10.778+0530][9.705s] GC(8) Concurrent Scan Root Regions 2.755ms
[2021-12-21T00:50:10.778+0530][9.705s] GC(8) Concurrent Mark (9.705s)
[2021-12-21T00:50:10.778+0530][9.705s] GC(8) Concurrent Mark From Roots
[2021-12-21T00:50:10.778+0530][9.705s] GC(8) Using 1 workers of 1 for marking
[2021-12-21T00:50:10.843+0530][9.771s] GC(8) Concurrent Mark From Roots 65.488ms
[2021-12-21T00:50:10.843+0530][9.771s] GC(8) Concurrent Preclean
[2021-12-21T00:50:10.844+0530][9.771s] GC(8) Concurrent Preclean 0.119ms
[2021-12-21T00:50:10.844+0530][9.771s] GC(8) Concurrent Mark (9.705s, 9.771s) 65.702ms
[2021-12-21T00:50:10.844+0530][9.772s] GC(8) Pause Remark
[2021-12-21T00:50:10.849+0530][9.776s] GC(8) Pause Remark 26M->26M(512M) 4.264ms
[2021-12-21T00:50:10.849+0530][9.776s] GC(8) User=0.00s Sys=0.00s Real=0.01s
[2021-12-21T00:50:10.849+0530][9.776s] GC(8) Concurrent Rebuild Remembered Sets
[2021-12-21T00:50:10.871+0530][9.798s] GC(8) Concurrent Rebuild Remembered Sets 21.985ms
[2021-12-21T00:50:10.877+0530][9.804s] GC(8) Pause Cleanup
[2021-12-21T00:50:10.877+0530][9.805s] GC(8) Pause Cleanup 26M->26M(512M) 0.290ms
[2021-12-21T00:50:10.877+0530][9.805s] GC(8) User=0.00s Sys=0.00s Real=0.00s
[2021-12-21T00:50:10.877+0530][9.805s] GC(8) Concurrent Cleanup for Next Mark
[2021-12-21T00:50:10.880+0530][9.807s] GC(8) Concurrent Cleanup for Next Mark 2.254ms
[2021-12-21T00:50:10.880+0530][9.807s] GC(8) Concurrent Cycle 104.775ms
[2021-12-21T00:50:12.573+0530][11.500s] GC(9) Pause Young (Concurrent Start) (G1 Evacuation Pause)
[2021-12-21T00:50:12.573+0530][11.500s] GC(9) Using 2 workers of 2 for evacuation
[2021-12-21T00:50:12.588+0530][11.515s] GC(9)   Pre Evacuate Collection Set: 0.1ms
[2021-12-21T00:50:12.588+0530][11.515s] GC(9)   Evacuate Collection Set: 13.2ms
[2021-12-21T00:50:12.588+0530][11.515s] GC(9)   Post Evacuate Collection Set: 0.9ms
[2021-12-21T00:50:12.588+0530][11.515s] GC(9)   Other: 0.4ms
[2021-12-21T00:50:12.588+0530][11.515s] GC(9) Eden regions: 73->0(101)
[2021-12-21T00:50:12.588+0530][11.515s] GC(9) Survivor regions: 4->7(10)
[2021-12-21T00:50:12.588+0530][11.515s] GC(9) Old regions: 18->18
[2021-12-21T00:50:12.588+0530][11.515s] GC(9) Archive regions: 0->0
[2021-12-21T00:50:12.588+0530][11.515s] GC(9) Humongous regions: 4->4
[2021-12-21T00:50:12.588+0530][11.515s] GC(9) Metaspace: 40441K->40441K(1085440K)
[2021-12-21T00:50:12.588+0530][11.515s] GC(9) Pause Young (Concurrent Start) (G1 Evacuation Pause) 98M->28M(512M) 14.896ms
[2021-12-21T00:50:12.588+0530][11.515s] GC(9) User=0.02s Sys=0.00s Real=0.01s
[2021-12-21T00:50:12.588+0530][11.515s] GC(10) Concurrent Cycle
[2021-12-21T00:50:12.588+0530][11.515s] GC(10) Concurrent Clear Claimed Marks
[2021-12-21T00:50:12.588+0530][11.515s] GC(10) Concurrent Clear Claimed Marks 0.085ms
[2021-12-21T00:50:12.588+0530][11.515s] GC(10) Concurrent Scan Root Regions
[2021-12-21T00:50:12.599+0530][11.526s] GC(10) Concurrent Scan Root Regions 10.915ms
[2021-12-21T00:50:12.599+0530][11.526s] GC(10) Concurrent Mark (11.526s)
[2021-12-21T00:50:12.599+0530][11.526s] GC(10) Concurrent Mark From Roots
[2021-12-21T00:50:12.599+0530][11.526s] GC(10) Using 1 workers of 1 for marking
[2021-12-21T00:50:12.676+0530][11.603s] GC(10) Concurrent Mark From Roots 76.903ms
[2021-12-21T00:50:12.676+0530][11.603s] GC(10) Concurrent Preclean
[2021-12-21T00:50:12.676+0530][11.603s] GC(10) Concurrent Preclean 0.110ms
[2021-12-21T00:50:12.676+0530][11.603s] GC(10) Concurrent Mark (11.526s, 11.603s) 77.123ms
[2021-12-21T00:50:12.676+0530][11.604s] GC(10) Pause Remark
[2021-12-21T00:50:12.682+0530][11.609s] GC(10) Pause Remark 39M->39M(512M) 5.800ms
[2021-12-21T00:50:12.682+0530][11.609s] GC(10) User=0.00s Sys=0.00s Real=0.00s
[2021-12-21T00:50:12.682+0530][11.610s] GC(10) Concurrent Rebuild Remembered Sets
[2021-12-21T00:50:12.742+0530][11.669s] GC(10) Concurrent Rebuild Remembered Sets 59.667ms
[2021-12-21T00:50:12.742+0530][11.669s] GC(10) Pause Cleanup
[2021-12-21T00:50:12.742+0530][11.670s] GC(10) Pause Cleanup 45M->45M(512M) 0.324ms
[2021-12-21T00:50:12.742+0530][11.670s] GC(10) User=0.00s Sys=0.00s Real=0.00s
[2021-12-21T00:50:12.742+0530][11.670s] GC(10) Concurrent Cleanup for Next Mark
[2021-12-21T00:50:12.745+0530][11.672s] GC(10) Concurrent Cleanup for Next Mark 2.125ms
[2021-12-21T00:50:12.745+0530][11.672s] GC(10) Concurrent Cycle 156.876ms
[2021-12-21T00:50:13.506+0530][12.433s] GC(11) Pause Young (Normal) (G1 Evacuation Pause)
[2021-12-21T00:50:13.506+0530][12.433s] GC(11) Using 2 workers of 2 for evacuation
[2021-12-21T00:50:13.520+0530][12.447s] GC(11)   Pre Evacuate Collection Set: 0.1ms
[2021-12-21T00:50:13.520+0530][12.447s] GC(11)   Evacuate Collection Set: 12.9ms
[2021-12-21T00:50:13.520+0530][12.447s] GC(11)   Post Evacuate Collection Set: 0.9ms
[2021-12-21T00:50:13.520+0530][12.447s] GC(11)   Other: 0.3ms
[2021-12-21T00:50:13.520+0530][12.447s] GC(11) Eden regions: 104->0(137)
[2021-12-21T00:50:13.520+0530][12.447s] GC(11) Survivor regions: 7->8(14)
[2021-12-21T00:50:13.520+0530][12.447s] GC(11) Old regions: 18->18
[2021-12-21T00:50:13.520+0530][12.447s] GC(11) Archive regions: 0->0
[2021-12-21T00:50:13.520+0530][12.447s] GC(11) Humongous regions: 4->4
[2021-12-21T00:50:13.520+0530][12.447s] GC(11) Metaspace: 42649K->42649K(1087488K)
[2021-12-21T00:50:13.520+0530][12.447s] GC(11) Pause Young (Normal) (G1 Evacuation Pause) 132M->29M(512M) 14.473ms
[2021-12-21T00:50:13.520+0530][12.447s] GC(11) User=0.02s Sys=0.00s Real=0.02s
[2021-12-21T00:50:15.699+0530][14.627s] GC(12) Pause Young (Normal) (G1 Evacuation Pause)
[2021-12-21T00:50:15.699+0530][14.627s] GC(12) Using 2 workers of 2 for evacuation
[2021-12-21T00:50:15.724+0530][14.651s] GC(12)   Pre Evacuate Collection Set: 0.1ms
[2021-12-21T00:50:15.724+0530][14.652s] GC(12)   Evacuate Collection Set: 23.1ms
[2021-12-21T00:50:15.724+0530][14.652s] GC(12)   Post Evacuate Collection Set: 1.3ms
[2021-12-21T00:50:15.724+0530][14.652s] GC(12)   Other: 0.3ms
[2021-12-21T00:50:15.724+0530][14.652s] GC(12) Eden regions: 137->0(184)
[2021-12-21T00:50:15.724+0530][14.652s] GC(12) Survivor regions: 8->12(19)
[2021-12-21T00:50:15.724+0530][14.652s] GC(12) Old regions: 18->18
[2021-12-21T00:50:15.724+0530][14.652s] GC(12) Archive regions: 0->0
[2021-12-21T00:50:15.724+0530][14.652s] GC(12) Humongous regions: 4->4
[2021-12-21T00:50:15.724+0530][14.652s] GC(12) Metaspace: 50727K->50727K(1095680K)
[2021-12-21T00:50:15.724+0530][14.652s] GC(12) Pause Young (Normal) (G1 Evacuation Pause) 166M->33M(512M) 24.986ms
[2021-12-21T00:50:15.724+0530][14.652s] GC(12) User=0.05s Sys=0.00s Real=0.02s
[2021-12-21T00:53:41.102+0530][220.029s] Heap
[2021-12-21T00:53:41.102+0530][220.029s]  garbage-first heap   total 524288K, used 62145K [0x00000000e0000000, 0x0000000100000000)
[2021-12-21T00:53:41.102+0530][220.029s]   region size 1024K, 40 young (40960K), 12 survivors (12288K)
[2021-12-21T00:53:41.102+0530][220.029s]  Metaspace       used 52411K, capacity 53299K, committed 53756K, reserved 1097728K
[2021-12-21T00:53:41.102+0530][220.029s]   class space    used 5936K, capacity 6308K, committed 6400K, reserved 1048576K
