[2021-12-24T23:21:22.500+0530][0.010s] Heap region size: 1M
[2021-12-24T23:21:22.754+0530][0.264s] Using G1
[2021-12-24T23:21:22.754+0530][0.264s] Heap address: 0x00000000e0000000, size: 512 MB, Compressed Oops mode: 32-bit
[2021-12-24T23:21:22.797+0530][0.307s] Periodic GC disabled
[2021-12-24T23:21:25.280+0530][2.791s] GC(0) Pause Young (Normal) (G1 Evacuation Pause)
[2021-12-24T23:21:25.280+0530][2.791s] GC(0) Using 2 workers of 2 for evacuation
[2021-12-24T23:21:25.287+0530][2.798s] GC(0)   Pre Evacuate Collection Set: 0.1ms
[2021-12-24T23:21:25.287+0530][2.798s] GC(0)   Evacuate Collection Set: 6.2ms
[2021-12-24T23:21:25.287+0530][2.798s] GC(0)   Post Evacuate Collection Set: 0.5ms
[2021-12-24T23:21:25.287+0530][2.798s] GC(0)   Other: 0.4ms
[2021-12-24T23:21:25.287+0530][2.798s] GC(0) Eden regions: 25->0(22)
[2021-12-24T23:21:25.287+0530][2.798s] GC(0) Survivor regions: 0->3(4)
[2021-12-24T23:21:25.287+0530][2.798s] GC(0) Old regions: 0->0
[2021-12-24T23:21:25.287+0530][2.798s] GC(0) Archive regions: 0->0
[2021-12-24T23:21:25.287+0530][2.798s] GC(0) Humongous regions: 0->0
[2021-12-24T23:21:25.287+0530][2.798s] GC(0) Metaspace: 12661K->12661K(1060864K)
[2021-12-24T23:21:25.287+0530][2.798s] GC(0) Pause Young (Normal) (G1 Evacuation Pause) 25M->2M(512M) 7.291ms
[2021-12-24T23:21:25.287+0530][2.798s] GC(0) User=0.01s Sys=0.00s Real=0.01s
[2021-12-24T23:21:26.862+0530][4.373s] GC(1) Pause Young (Normal) (G1 Evacuation Pause)
[2021-12-24T23:21:26.862+0530][4.373s] GC(1) Using 2 workers of 2 for evacuation
[2021-12-24T23:21:26.884+0530][4.395s] GC(1)   Pre Evacuate Collection Set: 0.1ms
[2021-12-24T23:21:26.884+0530][4.395s] GC(1)   Evacuate Collection Set: 21.3ms
[2021-12-24T23:21:26.884+0530][4.395s] GC(1)   Post Evacuate Collection Set: 0.8ms
[2021-12-24T23:21:26.884+0530][4.395s] GC(1)   Other: 0.3ms
[2021-12-24T23:21:26.884+0530][4.395s] GC(1) Eden regions: 22->0(21)
[2021-12-24T23:21:26.884+0530][4.395s] GC(1) Survivor regions: 3->4(4)
[2021-12-24T23:21:26.884+0530][4.395s] GC(1) Old regions: 0->8
[2021-12-24T23:21:26.884+0530][4.395s] GC(1) Archive regions: 0->0
[2021-12-24T23:21:26.884+0530][4.395s] GC(1) Humongous regions: 4->4
[2021-12-24T23:21:26.884+0530][4.395s] GC(1) Metaspace: 19957K->19957K(1067008K)
[2021-12-24T23:21:26.885+0530][4.395s] GC(1) Pause Young (Normal) (G1 Evacuation Pause) 28M->15M(512M) 22.650ms
[2021-12-24T23:21:26.885+0530][4.395s] GC(1) User=0.04s Sys=0.00s Real=0.03s
[2021-12-24T23:21:26.950+0530][4.461s] GC(2) Pause Young (Concurrent Start) (Metadata GC Threshold)
[2021-12-24T23:21:26.950+0530][4.461s] GC(2) Using 2 workers of 2 for evacuation
[2021-12-24T23:21:26.958+0530][4.469s] GC(2)   Pre Evacuate Collection Set: 0.1ms
[2021-12-24T23:21:26.958+0530][4.469s] GC(2)   Evacuate Collection Set: 7.7ms
[2021-12-24T23:21:26.958+0530][4.469s] GC(2)   Post Evacuate Collection Set: 0.4ms
[2021-12-24T23:21:26.959+0530][4.469s] GC(2)   Other: 0.3ms
[2021-12-24T23:21:26.959+0530][4.469s] GC(2) Eden regions: 2->0(24)
[2021-12-24T23:21:26.959+0530][4.469s] GC(2) Survivor regions: 4->1(4)
[2021-12-24T23:21:26.959+0530][4.469s] GC(2) Old regions: 8->12
[2021-12-24T23:21:26.959+0530][4.469s] GC(2) Archive regions: 0->0
[2021-12-24T23:21:26.959+0530][4.469s] GC(2) Humongous regions: 4->4
[2021-12-24T23:21:26.959+0530][4.469s] GC(2) Metaspace: 20653K->20653K(1069056K)
[2021-12-24T23:21:26.959+0530][4.469s] GC(2) Pause Young (Concurrent Start) (Metadata GC Threshold) 16M->16M(512M) 8.627ms
[2021-12-24T23:21:26.959+0530][4.469s] GC(2) User=0.01s Sys=0.00s Real=0.01s
[2021-12-24T23:21:26.959+0530][4.469s] GC(3) Concurrent Cycle
[2021-12-24T23:21:26.959+0530][4.469s] GC(3) Concurrent Clear Claimed Marks
[2021-12-24T23:21:26.959+0530][4.469s] GC(3) Concurrent Clear Claimed Marks 0.040ms
[2021-12-24T23:21:26.959+0530][4.469s] GC(3) Concurrent Scan Root Regions
[2021-12-24T23:21:26.962+0530][4.473s] GC(3) Concurrent Scan Root Regions 3.625ms
[2021-12-24T23:21:26.962+0530][4.473s] GC(3) Concurrent Mark (4.473s)
[2021-12-24T23:21:26.962+0530][4.473s] GC(3) Concurrent Mark From Roots
[2021-12-24T23:21:26.962+0530][4.473s] GC(3) Using 1 workers of 1 for marking
[2021-12-24T23:21:27.023+0530][4.533s] GC(3) Concurrent Mark From Roots 60.208ms
[2021-12-24T23:21:27.023+0530][4.533s] GC(3) Concurrent Preclean
[2021-12-24T23:21:27.023+0530][4.533s] GC(3) Concurrent Preclean 0.064ms
[2021-12-24T23:21:27.023+0530][4.533s] GC(3) Concurrent Mark (4.473s, 4.533s) 60.376ms
[2021-12-24T23:21:27.023+0530][4.534s] GC(3) Pause Remark
[2021-12-24T23:21:27.026+0530][4.537s] GC(3) Pause Remark 19M->19M(512M) 2.792ms
[2021-12-24T23:21:27.026+0530][4.537s] GC(3) User=0.00s Sys=0.00s Real=0.01s
[2021-12-24T23:21:27.027+0530][4.538s] GC(3) Concurrent Rebuild Remembered Sets
[2021-12-24T23:21:27.054+0530][4.565s] GC(3) Concurrent Rebuild Remembered Sets 26.993ms
[2021-12-24T23:21:27.054+0530][4.565s] GC(3) Pause Cleanup
[2021-12-24T23:21:27.054+0530][4.565s] GC(3) Pause Cleanup 19M->19M(512M) 0.183ms
[2021-12-24T23:21:27.054+0530][4.565s] GC(3) User=0.00s Sys=0.00s Real=0.00s
[2021-12-24T23:21:27.054+0530][4.565s] GC(3) Concurrent Cleanup for Next Mark
[2021-12-24T23:21:27.059+0530][4.569s] GC(3) Concurrent Cleanup for Next Mark 4.068ms
[2021-12-24T23:21:27.059+0530][4.569s] GC(3) Concurrent Cycle 99.970ms
[2021-12-24T23:21:28.473+0530][5.983s] GC(4) Pause Young (Concurrent Start) (G1 Evacuation Pause)
[2021-12-24T23:21:28.473+0530][5.983s] GC(4) Using 2 workers of 2 for evacuation
[2021-12-24T23:21:28.480+0530][5.991s] GC(4)   Pre Evacuate Collection Set: 0.1ms
[2021-12-24T23:21:28.480+0530][5.991s] GC(4)   Evacuate Collection Set: 6.9ms
[2021-12-24T23:21:28.480+0530][5.991s] GC(4)   Post Evacuate Collection Set: 0.5ms
[2021-12-24T23:21:28.480+0530][5.991s] GC(4)   Other: 0.3ms
[2021-12-24T23:21:28.480+0530][5.991s] GC(4) Eden regions: 24->0(26)
[2021-12-24T23:21:28.480+0530][5.991s] GC(4) Survivor regions: 1->4(4)
[2021-12-24T23:21:28.480+0530][5.991s] GC(4) Old regions: 12->13
[2021-12-24T23:21:28.480+0530][5.991s] GC(4) Archive regions: 0->0
[2021-12-24T23:21:28.480+0530][5.991s] GC(4) Humongous regions: 4->4
[2021-12-24T23:21:28.480+0530][5.991s] GC(4) Metaspace: 23644K->23644K(1071104K)
[2021-12-24T23:21:28.481+0530][5.991s] GC(4) Pause Young (Concurrent Start) (G1 Evacuation Pause) 40M->21M(512M) 7.905ms
[2021-12-24T23:21:28.481+0530][5.991s] GC(4) User=0.01s Sys=0.00s Real=0.00s
[2021-12-24T23:21:28.481+0530][5.991s] GC(5) Concurrent Cycle
[2021-12-24T23:21:28.481+0530][5.991s] GC(5) Concurrent Clear Claimed Marks
[2021-12-24T23:21:28.481+0530][5.991s] GC(5) Concurrent Clear Claimed Marks 0.042ms
[2021-12-24T23:21:28.481+0530][5.991s] GC(5) Concurrent Scan Root Regions
[2021-12-24T23:21:28.482+0530][5.993s] GC(5) Concurrent Scan Root Regions 1.472ms
[2021-12-24T23:21:28.482+0530][5.993s] GC(5) Concurrent Mark (5.993s)
[2021-12-24T23:21:28.482+0530][5.993s] GC(5) Concurrent Mark From Roots
[2021-12-24T23:21:28.482+0530][5.993s] GC(5) Using 1 workers of 1 for marking
[2021-12-24T23:21:28.519+0530][6.030s] GC(5) Concurrent Mark From Roots 37.130ms
[2021-12-24T23:21:28.519+0530][6.030s] GC(5) Concurrent Preclean
[2021-12-24T23:21:28.519+0530][6.030s] GC(5) Concurrent Preclean 0.071ms
[2021-12-24T23:21:28.519+0530][6.030s] GC(5) Concurrent Mark (5.993s, 6.030s) 37.301ms
[2021-12-24T23:21:28.520+0530][6.030s] GC(5) Pause Remark
[2021-12-24T23:21:28.523+0530][6.033s] GC(5) Pause Remark 22M->22M(512M) 3.220ms
[2021-12-24T23:21:28.523+0530][6.033s] GC(5) User=0.01s Sys=0.00s Real=0.00s
[2021-12-24T23:21:28.523+0530][6.034s] GC(5) Concurrent Rebuild Remembered Sets
[2021-12-24T23:21:28.540+0530][6.051s] GC(5) Concurrent Rebuild Remembered Sets 17.083ms
[2021-12-24T23:21:28.540+0530][6.051s] GC(5) Pause Cleanup
[2021-12-24T23:21:28.540+0530][6.051s] GC(5) Pause Cleanup 22M->22M(512M) 0.204ms
[2021-12-24T23:21:28.541+0530][6.051s] GC(5) User=0.00s Sys=0.00s Real=0.00s
[2021-12-24T23:21:28.541+0530][6.051s] GC(5) Concurrent Cleanup for Next Mark
[2021-12-24T23:21:28.544+0530][6.054s] GC(5) Concurrent Cleanup for Next Mark 3.212ms
[2021-12-24T23:21:28.544+0530][6.054s] GC(5) Concurrent Cycle 63.261ms
[2021-12-24T23:21:29.768+0530][7.278s] GC(6) Pause Young (Normal) (G1 Evacuation Pause)
[2021-12-24T23:21:29.768+0530][7.278s] GC(6) Using 2 workers of 2 for evacuation
[2021-12-24T23:21:29.782+0530][7.293s] GC(6)   Pre Evacuate Collection Set: 0.1ms
[2021-12-24T23:21:29.782+0530][7.293s] GC(6)   Evacuate Collection Set: 13.4ms
[2021-12-24T23:21:29.782+0530][7.293s] GC(6)   Post Evacuate Collection Set: 0.9ms
[2021-12-24T23:21:29.782+0530][7.293s] GC(6)   Other: 0.3ms
[2021-12-24T23:21:29.782+0530][7.293s] GC(6) Eden regions: 26->0(34)
[2021-12-24T23:21:29.782+0530][7.293s] GC(6) Survivor regions: 4->3(4)
[2021-12-24T23:21:29.782+0530][7.293s] GC(6) Old regions: 13->17
[2021-12-24T23:21:29.782+0530][7.293s] GC(6) Archive regions: 0->0
[2021-12-24T23:21:29.782+0530][7.293s] GC(6) Humongous regions: 4->4
[2021-12-24T23:21:29.782+0530][7.293s] GC(6) Metaspace: 27099K->27099K(1075200K)
[2021-12-24T23:21:29.783+0530][7.293s] GC(6) Pause Young (Normal) (G1 Evacuation Pause) 47M->23M(512M) 14.764ms
[2021-12-24T23:21:29.783+0530][7.293s] GC(6) User=0.02s Sys=0.00s Real=0.01s
[2021-12-24T23:21:30.961+0530][8.471s] GC(7) Pause Young (Normal) (G1 Evacuation Pause)
[2021-12-24T23:21:30.961+0530][8.471s] GC(7) Using 2 workers of 2 for evacuation
[2021-12-24T23:21:30.966+0530][8.477s] GC(7)   Pre Evacuate Collection Set: 0.1ms
[2021-12-24T23:21:30.966+0530][8.477s] GC(7)   Evacuate Collection Set: 4.7ms
[2021-12-24T23:21:30.966+0530][8.477s] GC(7)   Post Evacuate Collection Set: 0.4ms
[2021-12-24T23:21:30.966+0530][8.477s] GC(7)   Other: 0.2ms
[2021-12-24T23:21:30.966+0530][8.477s] GC(7) Eden regions: 34->0(59)
[2021-12-24T23:21:30.966+0530][8.477s] GC(7) Survivor regions: 3->1(5)
[2021-12-24T23:21:30.966+0530][8.477s] GC(7) Old regions: 17->20
[2021-12-24T23:21:30.966+0530][8.477s] GC(7) Archive regions: 0->0
[2021-12-24T23:21:30.966+0530][8.477s] GC(7) Humongous regions: 4->4
[2021-12-24T23:21:30.966+0530][8.477s] GC(7) Metaspace: 29749K->29749K(1077248K)
[2021-12-24T23:21:30.966+0530][8.477s] GC(7) Pause Young (Normal) (G1 Evacuation Pause) 57M->23M(512M) 5.544ms
[2021-12-24T23:21:30.966+0530][8.477s] GC(7) User=0.01s Sys=0.00s Real=0.01s
[2021-12-24T23:21:32.873+0530][10.384s] GC(8) Pause Young (Normal) (G1 Evacuation Pause)
[2021-12-24T23:21:32.873+0530][10.384s] GC(8) Using 2 workers of 2 for evacuation
[2021-12-24T23:21:32.884+0530][10.394s] GC(8)   Pre Evacuate Collection Set: 0.1ms
[2021-12-24T23:21:32.884+0530][10.394s] GC(8)   Evacuate Collection Set: 9.2ms
[2021-12-24T23:21:32.884+0530][10.394s] GC(8)   Post Evacuate Collection Set: 0.9ms
[2021-12-24T23:21:32.884+0530][10.394s] GC(8)   Other: 0.3ms
[2021-12-24T23:21:32.884+0530][10.394s] GC(8) Eden regions: 59->0(102)
[2021-12-24T23:21:32.884+0530][10.394s] GC(8) Survivor regions: 1->4(8)
[2021-12-24T23:21:32.884+0530][10.394s] GC(8) Old regions: 20->20
[2021-12-24T23:21:32.884+0530][10.394s] GC(8) Archive regions: 0->0
[2021-12-24T23:21:32.884+0530][10.394s] GC(8) Humongous regions: 4->4
[2021-12-24T23:21:32.884+0530][10.394s] GC(8) Metaspace: 37802K->37802K(1083392K)
[2021-12-24T23:21:32.884+0530][10.394s] GC(8) Pause Young (Normal) (G1 Evacuation Pause) 82M->26M(512M) 10.586ms
[2021-12-24T23:21:32.884+0530][10.394s] GC(8) User=0.02s Sys=0.00s Real=0.00s
[2021-12-24T23:21:33.685+0530][11.195s] GC(9) Pause Young (Concurrent Start) (Metadata GC Threshold)
[2021-12-24T23:21:33.685+0530][11.195s] GC(9) Using 2 workers of 2 for evacuation
[2021-12-24T23:21:33.696+0530][11.206s] GC(9)   Pre Evacuate Collection Set: 0.1ms
[2021-12-24T23:21:33.696+0530][11.206s] GC(9)   Evacuate Collection Set: 10.1ms
[2021-12-24T23:21:33.696+0530][11.206s] GC(9)   Post Evacuate Collection Set: 0.7ms
[2021-12-24T23:21:33.696+0530][11.206s] GC(9)   Other: 0.3ms
[2021-12-24T23:21:33.696+0530][11.206s] GC(9) Eden regions: 24->0(97)
[2021-12-24T23:21:33.696+0530][11.206s] GC(9) Survivor regions: 4->5(14)
[2021-12-24T23:21:33.696+0530][11.207s] GC(9) Old regions: 20->20
[2021-12-24T23:21:33.696+0530][11.207s] GC(9) Archive regions: 0->0
[2021-12-24T23:21:33.696+0530][11.207s] GC(9) Humongous regions: 4->4
[2021-12-24T23:21:33.696+0530][11.207s] GC(9) Metaspace: 39718K->39718K(1085440K)
[2021-12-24T23:21:33.696+0530][11.207s] GC(9) Pause Young (Concurrent Start) (Metadata GC Threshold) 50M->28M(512M) 11.358ms
[2021-12-24T23:21:33.696+0530][11.207s] GC(9) User=0.01s Sys=0.00s Real=0.01s
[2021-12-24T23:21:33.696+0530][11.207s] GC(10) Concurrent Cycle
[2021-12-24T23:21:33.696+0530][11.207s] GC(10) Concurrent Clear Claimed Marks
[2021-12-24T23:21:33.696+0530][11.207s] GC(10) Concurrent Clear Claimed Marks 0.086ms
[2021-12-24T23:21:33.696+0530][11.207s] GC(10) Concurrent Scan Root Regions
[2021-12-24T23:21:33.700+0530][11.211s] GC(10) Concurrent Scan Root Regions 3.893ms
[2021-12-24T23:21:33.700+0530][11.211s] GC(10) Concurrent Mark (11.211s)
[2021-12-24T23:21:33.700+0530][11.211s] GC(10) Concurrent Mark From Roots
[2021-12-24T23:21:33.700+0530][11.211s] GC(10) Using 1 workers of 1 for marking
[2021-12-24T23:21:33.817+0530][11.328s] GC(10) Concurrent Mark From Roots 117.285ms
[2021-12-24T23:21:33.817+0530][11.328s] GC(10) Concurrent Preclean
[2021-12-24T23:21:33.818+0530][11.328s] GC(10) Concurrent Preclean 0.153ms
[2021-12-24T23:21:33.818+0530][11.328s] GC(10) Concurrent Mark (11.211s, 11.328s) 117.545ms
[2021-12-24T23:21:33.821+0530][11.331s] GC(10) Pause Remark
[2021-12-24T23:21:33.829+0530][11.339s] GC(10) Pause Remark 38M->38M(512M) 8.064ms
[2021-12-24T23:21:33.829+0530][11.339s] GC(10) User=0.01s Sys=0.00s Real=0.01s
[2021-12-24T23:21:33.829+0530][11.340s] GC(10) Concurrent Rebuild Remembered Sets
[2021-12-24T23:21:33.889+0530][11.400s] GC(10) Concurrent Rebuild Remembered Sets 59.706ms
[2021-12-24T23:21:33.889+0530][11.400s] GC(10) Pause Cleanup
[2021-12-24T23:21:33.890+0530][11.400s] GC(10) Pause Cleanup 44M->44M(512M) 0.198ms
[2021-12-24T23:21:33.890+0530][11.400s] GC(10) User=0.00s Sys=0.00s Real=0.00s
[2021-12-24T23:21:33.890+0530][11.400s] GC(10) Concurrent Cleanup for Next Mark
[2021-12-24T23:21:33.897+0530][11.408s] GC(10) Concurrent Cleanup for Next Mark 7.784ms
[2021-12-24T23:21:33.898+0530][11.408s] GC(10) Concurrent Cycle 201.526ms
[2021-12-24T23:21:34.702+0530][12.212s] GC(11) Pause Young (Concurrent Start) (G1 Evacuation Pause)
[2021-12-24T23:21:34.702+0530][12.212s] GC(11) Using 2 workers of 2 for evacuation
[2021-12-24T23:21:34.720+0530][12.231s] GC(11)   Pre Evacuate Collection Set: 0.1ms
[2021-12-24T23:21:34.720+0530][12.231s] GC(11)   Evacuate Collection Set: 17.3ms
[2021-12-24T23:21:34.720+0530][12.231s] GC(11)   Post Evacuate Collection Set: 0.9ms
[2021-12-24T23:21:34.721+0530][12.231s] GC(11)   Other: 0.3ms
[2021-12-24T23:21:34.721+0530][12.231s] GC(11) Eden regions: 102->0(130)
[2021-12-24T23:21:34.721+0530][12.231s] GC(11) Survivor regions: 5->6(14)
[2021-12-24T23:21:34.721+0530][12.231s] GC(11) Old regions: 20->20
[2021-12-24T23:21:34.721+0530][12.231s] GC(11) Archive regions: 0->0
[2021-12-24T23:21:34.721+0530][12.231s] GC(11) Humongous regions: 4->4
[2021-12-24T23:21:34.721+0530][12.231s] GC(11) Metaspace: 42604K->42604K(1087488K)
[2021-12-24T23:21:34.721+0530][12.231s] GC(11) Pause Young (Concurrent Start) (G1 Evacuation Pause) 130M->29M(512M) 18.915ms
[2021-12-24T23:21:34.721+0530][12.231s] GC(11) User=0.04s Sys=0.00s Real=0.02s
[2021-12-24T23:21:34.721+0530][12.231s] GC(12) Concurrent Cycle
[2021-12-24T23:21:34.721+0530][12.231s] GC(12) Concurrent Clear Claimed Marks
[2021-12-24T23:21:34.721+0530][12.231s] GC(12) Concurrent Clear Claimed Marks 0.089ms
[2021-12-24T23:21:34.721+0530][12.231s] GC(12) Concurrent Scan Root Regions
[2021-12-24T23:21:34.735+0530][12.245s] GC(12) Concurrent Scan Root Regions 13.986ms
[2021-12-24T23:21:34.735+0530][12.246s] GC(12) Concurrent Mark (12.246s)
[2021-12-24T23:21:34.735+0530][12.246s] GC(12) Concurrent Mark From Roots
[2021-12-24T23:21:34.735+0530][12.246s] GC(12) Using 1 workers of 1 for marking
[2021-12-24T23:21:34.801+0530][12.312s] GC(12) Concurrent Mark From Roots 66.201ms
[2021-12-24T23:21:34.801+0530][12.312s] GC(12) Concurrent Preclean
[2021-12-24T23:21:34.801+0530][12.312s] GC(12) Concurrent Preclean 0.120ms
[2021-12-24T23:21:34.801+0530][12.312s] GC(12) Concurrent Mark (12.246s, 12.312s) 66.415ms
[2021-12-24T23:21:34.802+0530][12.312s] GC(12) Pause Remark
[2021-12-24T23:21:34.806+0530][12.317s] GC(12) Pause Remark 49M->49M(512M) 4.883ms
[2021-12-24T23:21:34.806+0530][12.317s] GC(12) User=0.01s Sys=0.00s Real=0.01s
[2021-12-24T23:21:34.807+0530][12.317s] GC(12) Concurrent Rebuild Remembered Sets
[2021-12-24T23:21:34.854+0530][12.365s] GC(12) Concurrent Rebuild Remembered Sets 47.331ms
[2021-12-24T23:21:34.854+0530][12.365s] GC(12) Pause Cleanup
[2021-12-24T23:21:34.855+0530][12.365s] GC(12) Pause Cleanup 55M->55M(512M) 0.296ms
[2021-12-24T23:21:34.855+0530][12.365s] GC(12) User=0.01s Sys=0.00s Real=0.00s
[2021-12-24T23:21:34.855+0530][12.365s] GC(12) Concurrent Cleanup for Next Mark
[2021-12-24T23:21:34.861+0530][12.371s] GC(12) Concurrent Cleanup for Next Mark 5.892ms
[2021-12-24T23:21:34.861+0530][12.371s] GC(12) Concurrent Cycle 139.958ms
[2021-12-24T23:21:36.501+0530][14.012s] GC(13) Pause Young (Normal) (G1 Evacuation Pause)
[2021-12-24T23:21:36.501+0530][14.012s] GC(13) Using 2 workers of 2 for evacuation
[2021-12-24T23:21:36.528+0530][14.038s] GC(13)   Pre Evacuate Collection Set: 0.1ms
[2021-12-24T23:21:36.528+0530][14.038s] GC(13)   Evacuate Collection Set: 25.6ms
[2021-12-24T23:21:36.528+0530][14.038s] GC(13)   Post Evacuate Collection Set: 0.8ms
[2021-12-24T23:21:36.528+0530][14.038s] GC(13)   Other: 0.3ms
[2021-12-24T23:21:36.528+0530][14.038s] GC(13) Eden regions: 133->0(174)
[2021-12-24T23:21:36.528+0530][14.038s] GC(13) Survivor regions: 6->8(18)
[2021-12-24T23:21:36.528+0530][14.038s] GC(13) Old regions: 20->20
[2021-12-24T23:21:36.528+0530][14.038s] GC(13) Archive regions: 0->0
[2021-12-24T23:21:36.528+0530][14.038s] GC(13) Humongous regions: 4->4
[2021-12-24T23:21:36.528+0530][14.038s] GC(13) Metaspace: 48483K->48483K(1093632K)
[2021-12-24T23:21:36.528+0530][14.039s] GC(13) Pause Young (Normal) (G1 Evacuation Pause) 162M->31M(512M) 26.950ms
[2021-12-24T23:21:36.528+0530][14.039s] GC(13) User=0.05s Sys=0.00s Real=0.03s
