[2021-12-28T22:57:20.919+0530][0.012s] Heap region size: 1M
[2021-12-28T22:57:21.212+0530][0.305s] Using G1
[2021-12-28T22:57:21.212+0530][0.305s] Heap address: 0x00000000e0000000, size: 512 MB, Compressed Oops mode: 32-bit
[2021-12-28T22:57:21.258+0530][0.351s] Periodic GC disabled
[2021-12-28T22:57:23.109+0530][2.202s] GC(0) Pause Young (Normal) (G1 Evacuation Pause)
[2021-12-28T22:57:23.109+0530][2.202s] GC(0) Using 2 workers of 2 for evacuation
[2021-12-28T22:57:23.116+0530][2.209s] GC(0)   Pre Evacuate Collection Set: 0.1ms
[2021-12-28T22:57:23.116+0530][2.209s] GC(0)   Evacuate Collection Set: 6.3ms
[2021-12-28T22:57:23.116+0530][2.209s] GC(0)   Post Evacuate Collection Set: 0.6ms
[2021-12-28T22:57:23.116+0530][2.209s] GC(0)   Other: 0.3ms
[2021-12-28T22:57:23.116+0530][2.209s] GC(0) Eden regions: 25->0(22)
[2021-12-28T22:57:23.116+0530][2.209s] GC(0) Survivor regions: 0->3(4)
[2021-12-28T22:57:23.116+0530][2.209s] GC(0) Old regions: 0->0
[2021-12-28T22:57:23.116+0530][2.209s] GC(0) Archive regions: 0->0
[2021-12-28T22:57:23.116+0530][2.209s] GC(0) Humongous regions: 0->0
[2021-12-28T22:57:23.116+0530][2.209s] GC(0) Metaspace: 12642K->12642K(1060864K)
[2021-12-28T22:57:23.116+0530][2.209s] GC(0) Pause Young (Normal) (G1 Evacuation Pause) 25M->2M(512M) 7.472ms
[2021-12-28T22:57:23.116+0530][2.209s] GC(0) User=0.01s Sys=0.00s Real=0.01s
[2021-12-28T22:57:24.670+0530][3.763s] GC(1) Pause Young (Normal) (G1 Evacuation Pause)
[2021-12-28T22:57:24.670+0530][3.763s] GC(1) Using 2 workers of 2 for evacuation
[2021-12-28T22:57:24.693+0530][3.787s] GC(1)   Pre Evacuate Collection Set: 0.1ms
[2021-12-28T22:57:24.693+0530][3.787s] GC(1)   Evacuate Collection Set: 22.1ms
[2021-12-28T22:57:24.693+0530][3.787s] GC(1)   Post Evacuate Collection Set: 1.0ms
[2021-12-28T22:57:24.693+0530][3.787s] GC(1)   Other: 0.2ms
[2021-12-28T22:57:24.693+0530][3.787s] GC(1) Eden regions: 22->0(21)
[2021-12-28T22:57:24.693+0530][3.787s] GC(1) Survivor regions: 3->4(4)
[2021-12-28T22:57:24.693+0530][3.787s] GC(1) Old regions: 0->8
[2021-12-28T22:57:24.693+0530][3.787s] GC(1) Archive regions: 0->0
[2021-12-28T22:57:24.693+0530][3.787s] GC(1) Humongous regions: 4->4
[2021-12-28T22:57:24.693+0530][3.787s] GC(1) Metaspace: 19957K->19957K(1067008K)
[2021-12-28T22:57:24.694+0530][3.787s] GC(1) Pause Young (Normal) (G1 Evacuation Pause) 28M->15M(512M) 23.609ms
[2021-12-28T22:57:24.694+0530][3.787s] GC(1) User=0.04s Sys=0.00s Real=0.03s
[2021-12-28T22:57:24.744+0530][3.837s] GC(2) Pause Young (Concurrent Start) (Metadata GC Threshold)
[2021-12-28T22:57:24.744+0530][3.837s] GC(2) Using 2 workers of 2 for evacuation
[2021-12-28T22:57:24.753+0530][3.846s] GC(2)   Pre Evacuate Collection Set: 0.1ms
[2021-12-28T22:57:24.753+0530][3.846s] GC(2)   Evacuate Collection Set: 7.9ms
[2021-12-28T22:57:24.753+0530][3.846s] GC(2)   Post Evacuate Collection Set: 0.5ms
[2021-12-28T22:57:24.753+0530][3.846s] GC(2)   Other: 0.3ms
[2021-12-28T22:57:24.753+0530][3.846s] GC(2) Eden regions: 2->0(24)
[2021-12-28T22:57:24.753+0530][3.846s] GC(2) Survivor regions: 4->1(4)
[2021-12-28T22:57:24.753+0530][3.846s] GC(2) Old regions: 8->12
[2021-12-28T22:57:24.753+0530][3.846s] GC(2) Archive regions: 0->0
[2021-12-28T22:57:24.753+0530][3.846s] GC(2) Humongous regions: 4->4
[2021-12-28T22:57:24.753+0530][3.846s] GC(2) Metaspace: 20409K->20409K(1069056K)
[2021-12-28T22:57:24.753+0530][3.846s] GC(2) Pause Young (Concurrent Start) (Metadata GC Threshold) 16M->16M(512M) 8.925ms
[2021-12-28T22:57:24.753+0530][3.846s] GC(2) User=0.01s Sys=0.00s Real=0.02s
[2021-12-28T22:57:24.753+0530][3.846s] GC(3) Concurrent Cycle
[2021-12-28T22:57:24.753+0530][3.846s] GC(3) Concurrent Clear Claimed Marks
[2021-12-28T22:57:24.753+0530][3.846s] GC(3) Concurrent Clear Claimed Marks 0.041ms
[2021-12-28T22:57:24.753+0530][3.846s] GC(3) Concurrent Scan Root Regions
[2021-12-28T22:57:24.757+0530][3.850s] GC(3) Concurrent Scan Root Regions 3.764ms
[2021-12-28T22:57:24.757+0530][3.850s] GC(3) Concurrent Mark (3.850s)
[2021-12-28T22:57:24.757+0530][3.850s] GC(3) Concurrent Mark From Roots
[2021-12-28T22:57:24.757+0530][3.850s] GC(3) Using 1 workers of 1 for marking
[2021-12-28T22:57:24.808+0530][3.901s] GC(3) Concurrent Mark From Roots 51.139ms
[2021-12-28T22:57:24.808+0530][3.901s] GC(3) Concurrent Preclean
[2021-12-28T22:57:24.808+0530][3.901s] GC(3) Concurrent Preclean 0.076ms
[2021-12-28T22:57:24.808+0530][3.901s] GC(3) Concurrent Mark (3.850s, 3.901s) 51.329ms
[2021-12-28T22:57:24.808+0530][3.902s] GC(3) Pause Remark
[2021-12-28T22:57:24.810+0530][3.903s] GC(3) Pause Remark 18M->18M(512M) 1.530ms
[2021-12-28T22:57:24.810+0530][3.903s] GC(3) User=0.01s Sys=0.00s Real=0.00s
[2021-12-28T22:57:24.810+0530][3.903s] GC(3) Concurrent Rebuild Remembered Sets
[2021-12-28T22:57:24.831+0530][3.924s] GC(3) Concurrent Rebuild Remembered Sets 20.585ms
[2021-12-28T22:57:24.831+0530][3.924s] GC(3) Pause Cleanup
[2021-12-28T22:57:24.831+0530][3.925s] GC(3) Pause Cleanup 18M->18M(512M) 0.233ms
[2021-12-28T22:57:24.831+0530][3.925s] GC(3) User=0.00s Sys=0.00s Real=0.00s
[2021-12-28T22:57:24.831+0530][3.925s] GC(3) Concurrent Cleanup for Next Mark
[2021-12-28T22:57:24.834+0530][3.927s] GC(3) Concurrent Cleanup for Next Mark 2.425ms
[2021-12-28T22:57:24.834+0530][3.927s] GC(3) Concurrent Cycle 80.923ms
[2021-12-28T22:57:25.475+0530][4.568s] GC(4) Pause Young (Concurrent Start) (G1 Evacuation Pause)
[2021-12-28T22:57:25.475+0530][4.568s] GC(4) Using 2 workers of 2 for evacuation
[2021-12-28T22:57:25.482+0530][4.576s] GC(4)   Pre Evacuate Collection Set: 0.1ms
[2021-12-28T22:57:25.482+0530][4.576s] GC(4)   Evacuate Collection Set: 6.6ms
[2021-12-28T22:57:25.482+0530][4.576s] GC(4)   Post Evacuate Collection Set: 0.5ms
[2021-12-28T22:57:25.482+0530][4.576s] GC(4)   Other: 0.3ms
[2021-12-28T22:57:25.482+0530][4.576s] GC(4) Eden regions: 24->0(26)
[2021-12-28T22:57:25.482+0530][4.576s] GC(4) Survivor regions: 1->4(4)
[2021-12-28T22:57:25.482+0530][4.576s] GC(4) Old regions: 12->13
[2021-12-28T22:57:25.483+0530][4.576s] GC(4) Archive regions: 0->0
[2021-12-28T22:57:25.483+0530][4.576s] GC(4) Humongous regions: 4->4
[2021-12-28T22:57:25.483+0530][4.576s] GC(4) Metaspace: 23599K->23599K(1071104K)
[2021-12-28T22:57:25.483+0530][4.576s] GC(4) Pause Young (Concurrent Start) (G1 Evacuation Pause) 40M->21M(512M) 7.554ms
[2021-12-28T22:57:25.483+0530][4.576s] GC(4) User=0.01s Sys=0.00s Real=0.00s
[2021-12-28T22:57:25.483+0530][4.576s] GC(5) Concurrent Cycle
[2021-12-28T22:57:25.483+0530][4.576s] GC(5) Concurrent Clear Claimed Marks
[2021-12-28T22:57:25.483+0530][4.576s] GC(5) Concurrent Clear Claimed Marks 0.040ms
[2021-12-28T22:57:25.483+0530][4.576s] GC(5) Concurrent Scan Root Regions
[2021-12-28T22:57:25.484+0530][4.578s] GC(5) Concurrent Scan Root Regions 1.587ms
[2021-12-28T22:57:25.484+0530][4.578s] GC(5) Concurrent Mark (4.578s)
[2021-12-28T22:57:25.484+0530][4.578s] GC(5) Concurrent Mark From Roots
[2021-12-28T22:57:25.484+0530][4.578s] GC(5) Using 1 workers of 1 for marking
[2021-12-28T22:57:25.573+0530][4.666s] GC(5) Concurrent Mark From Roots 88.371ms
[2021-12-28T22:57:25.573+0530][4.666s] GC(5) Concurrent Preclean
[2021-12-28T22:57:25.573+0530][4.666s] GC(5) Concurrent Preclean 0.077ms
[2021-12-28T22:57:25.573+0530][4.666s] GC(5) Concurrent Mark (4.578s, 4.666s) 88.544ms
[2021-12-28T22:57:25.573+0530][4.666s] GC(5) Pause Remark
[2021-12-28T22:57:25.576+0530][4.670s] GC(5) Pause Remark 25M->25M(512M) 3.239ms
[2021-12-28T22:57:25.576+0530][4.670s] GC(5) User=0.00s Sys=0.00s Real=0.00s
[2021-12-28T22:57:25.576+0530][4.670s] GC(5) Concurrent Rebuild Remembered Sets
[2021-12-28T22:57:25.629+0530][4.722s] GC(5) Concurrent Rebuild Remembered Sets 52.637ms
[2021-12-28T22:57:25.633+0530][4.726s] GC(5) Pause Cleanup
[2021-12-28T22:57:25.633+0530][4.726s] GC(5) Pause Cleanup 26M->26M(512M) 0.319ms
[2021-12-28T22:57:25.633+0530][4.726s] GC(5) User=0.00s Sys=0.00s Real=0.00s
[2021-12-28T22:57:25.633+0530][4.726s] GC(5) Concurrent Cleanup for Next Mark
[2021-12-28T22:57:25.646+0530][4.739s] GC(5) Concurrent Cleanup for Next Mark 12.463ms
[2021-12-28T22:57:25.646+0530][4.739s] GC(5) Concurrent Cycle 163.067ms
[2021-12-28T22:57:26.242+0530][5.335s] GC(6) Pause Young (Normal) (G1 Evacuation Pause)
[2021-12-28T22:57:26.242+0530][5.335s] GC(6) Using 2 workers of 2 for evacuation
[2021-12-28T22:57:26.252+0530][5.346s] GC(6)   Pre Evacuate Collection Set: 0.1ms
[2021-12-28T22:57:26.252+0530][5.346s] GC(6)   Evacuate Collection Set: 9.0ms
[2021-12-28T22:57:26.252+0530][5.346s] GC(6)   Post Evacuate Collection Set: 1.2ms
[2021-12-28T22:57:26.252+0530][5.346s] GC(6)   Other: 0.4ms
[2021-12-28T22:57:26.252+0530][5.346s] GC(6) Eden regions: 26->0(34)
[2021-12-28T22:57:26.252+0530][5.346s] GC(6) Survivor regions: 4->3(4)
[2021-12-28T22:57:26.252+0530][5.346s] GC(6) Old regions: 13->18
[2021-12-28T22:57:26.252+0530][5.346s] GC(6) Archive regions: 0->0
[2021-12-28T22:57:26.252+0530][5.346s] GC(6) Humongous regions: 4->4
[2021-12-28T22:57:26.252+0530][5.346s] GC(6) Metaspace: 27066K->27066K(1075200K)
[2021-12-28T22:57:26.253+0530][5.346s] GC(6) Pause Young (Normal) (G1 Evacuation Pause) 47M->24M(512M) 10.865ms
[2021-12-28T22:57:26.253+0530][5.346s] GC(6) User=0.01s Sys=0.00s Real=0.01s
[2021-12-28T22:57:27.199+0530][6.292s] GC(7) Pause Young (Normal) (G1 Evacuation Pause)
[2021-12-28T22:57:27.199+0530][6.292s] GC(7) Using 2 workers of 2 for evacuation
[2021-12-28T22:57:27.203+0530][6.296s] GC(7)   Pre Evacuate Collection Set: 0.1ms
[2021-12-28T22:57:27.203+0530][6.296s] GC(7)   Evacuate Collection Set: 3.5ms
[2021-12-28T22:57:27.203+0530][6.297s] GC(7)   Post Evacuate Collection Set: 0.4ms
[2021-12-28T22:57:27.203+0530][6.297s] GC(7)   Other: 0.3ms
[2021-12-28T22:57:27.203+0530][6.297s] GC(7) Eden regions: 34->0(69)
[2021-12-28T22:57:27.203+0530][6.297s] GC(7) Survivor regions: 3->1(5)
[2021-12-28T22:57:27.203+0530][6.297s] GC(7) Old regions: 18->21
[2021-12-28T22:57:27.203+0530][6.297s] GC(7) Archive regions: 0->0
[2021-12-28T22:57:27.203+0530][6.297s] GC(7) Humongous regions: 4->4
[2021-12-28T22:57:27.203+0530][6.297s] GC(7) Metaspace: 29531K->29531K(1077248K)
[2021-12-28T22:57:27.203+0530][6.297s] GC(7) Pause Young (Normal) (G1 Evacuation Pause) 58M->24M(512M) 4.422ms
[2021-12-28T22:57:27.203+0530][6.297s] GC(7) User=0.01s Sys=0.00s Real=0.00s
[2021-12-28T22:57:29.241+0530][8.334s] GC(8) Pause Young (Normal) (G1 Evacuation Pause)
[2021-12-28T22:57:29.241+0530][8.334s] GC(8) Using 2 workers of 2 for evacuation
[2021-12-28T22:57:29.250+0530][8.343s] GC(8)   Pre Evacuate Collection Set: 0.1ms
[2021-12-28T22:57:29.250+0530][8.343s] GC(8)   Evacuate Collection Set: 8.0ms
[2021-12-28T22:57:29.250+0530][8.343s] GC(8)   Post Evacuate Collection Set: 1.0ms
[2021-12-28T22:57:29.250+0530][8.343s] GC(8)   Other: 0.3ms
[2021-12-28T22:57:29.250+0530][8.343s] GC(8) Eden regions: 69->0(113)
[2021-12-28T22:57:29.250+0530][8.343s] GC(8) Survivor regions: 1->4(9)
[2021-12-28T22:57:29.250+0530][8.343s] GC(8) Old regions: 21->21
[2021-12-28T22:57:29.250+0530][8.343s] GC(8) Archive regions: 0->0
[2021-12-28T22:57:29.250+0530][8.343s] GC(8) Humongous regions: 4->4
[2021-12-28T22:57:29.250+0530][8.343s] GC(8) Metaspace: 38354K->38354K(1085440K)
[2021-12-28T22:57:29.250+0530][8.343s] GC(8) Pause Young (Normal) (G1 Evacuation Pause) 93M->28M(512M) 9.571ms
[2021-12-28T22:57:29.250+0530][8.343s] GC(8) User=0.01s Sys=0.01s Real=0.01s
[2021-12-28T22:57:29.724+0530][8.818s] GC(9) Pause Young (Concurrent Start) (Metadata GC Threshold)
[2021-12-28T22:57:29.725+0530][8.818s] GC(9) Using 2 workers of 2 for evacuation
[2021-12-28T22:57:29.735+0530][8.829s] GC(9)   Pre Evacuate Collection Set: 0.1ms
[2021-12-28T22:57:29.735+0530][8.829s] GC(9)   Evacuate Collection Set: 9.6ms
[2021-12-28T22:57:29.735+0530][8.829s] GC(9)   Post Evacuate Collection Set: 0.8ms
[2021-12-28T22:57:29.735+0530][8.829s] GC(9)   Other: 0.3ms
[2021-12-28T22:57:29.736+0530][8.829s] GC(9) Eden regions: 20->0(88)
[2021-12-28T22:57:29.736+0530][8.829s] GC(9) Survivor regions: 4->5(15)
[2021-12-28T22:57:29.736+0530][8.829s] GC(9) Old regions: 21->21
[2021-12-28T22:57:29.736+0530][8.829s] GC(9) Archive regions: 0->0
[2021-12-28T22:57:29.736+0530][8.829s] GC(9) Humongous regions: 4->4
[2021-12-28T22:57:29.736+0530][8.829s] GC(9) Metaspace: 39753K->39753K(1085440K)
[2021-12-28T22:57:29.736+0530][8.829s] GC(9) Pause Young (Concurrent Start) (Metadata GC Threshold) 48M->29M(512M) 11.157ms
[2021-12-28T22:57:29.736+0530][8.829s] GC(9) User=0.02s Sys=0.00s Real=0.02s
[2021-12-28T22:57:29.736+0530][8.829s] GC(10) Concurrent Cycle
[2021-12-28T22:57:29.736+0530][8.829s] GC(10) Concurrent Clear Claimed Marks
[2021-12-28T22:57:29.736+0530][8.829s] GC(10) Concurrent Clear Claimed Marks 0.089ms
[2021-12-28T22:57:29.736+0530][8.829s] GC(10) Concurrent Scan Root Regions
[2021-12-28T22:57:29.741+0530][8.834s] GC(10) Concurrent Scan Root Regions 4.500ms
[2021-12-28T22:57:29.741+0530][8.834s] GC(10) Concurrent Mark (8.834s)
[2021-12-28T22:57:29.741+0530][8.834s] GC(10) Concurrent Mark From Roots
[2021-12-28T22:57:29.741+0530][8.834s] GC(10) Using 1 workers of 1 for marking
[2021-12-28T22:57:29.854+0530][8.947s] GC(10) Concurrent Mark From Roots 113.092ms
[2021-12-28T22:57:29.854+0530][8.947s] GC(10) Concurrent Preclean
[2021-12-28T22:57:29.854+0530][8.947s] GC(10) Concurrent Preclean 0.189ms
[2021-12-28T22:57:29.854+0530][8.947s] GC(10) Concurrent Mark (8.834s, 8.947s) 113.380ms
[2021-12-28T22:57:29.854+0530][8.948s] GC(10) Pause Remark
[2021-12-28T22:57:29.858+0530][8.951s] GC(10) Pause Remark 41M->41M(512M) 3.261ms
[2021-12-28T22:57:29.858+0530][8.951s] GC(10) User=0.01s Sys=0.00s Real=0.00s
[2021-12-28T22:57:29.858+0530][8.951s] GC(10) Concurrent Rebuild Remembered Sets
[2021-12-28T22:57:29.900+0530][8.993s] GC(10) Concurrent Rebuild Remembered Sets 41.862ms
[2021-12-28T22:57:29.900+0530][8.993s] GC(10) Pause Cleanup
[2021-12-28T22:57:29.900+0530][8.993s] GC(10) Pause Cleanup 44M->44M(512M) 0.189ms
[2021-12-28T22:57:29.900+0530][8.993s] GC(10) User=0.00s Sys=0.00s Real=0.00s
[2021-12-28T22:57:29.900+0530][8.993s] GC(10) Concurrent Cleanup for Next Mark
[2021-12-28T22:57:29.902+0530][8.996s] GC(10) Concurrent Cleanup for Next Mark 2.404ms
[2021-12-28T22:57:29.903+0530][8.996s] GC(10) Concurrent Cycle 166.585ms
[2021-12-28T22:57:30.480+0530][9.574s] GC(11) Pause Young (Concurrent Start) (G1 Evacuation Pause)
[2021-12-28T22:57:30.480+0530][9.574s] GC(11) Using 2 workers of 2 for evacuation
[2021-12-28T22:57:30.501+0530][9.594s] GC(11)   Pre Evacuate Collection Set: 0.2ms
[2021-12-28T22:57:30.501+0530][9.594s] GC(11)   Evacuate Collection Set: 19.2ms
[2021-12-28T22:57:30.501+0530][9.594s] GC(11)   Post Evacuate Collection Set: 1.0ms
[2021-12-28T22:57:30.501+0530][9.594s] GC(11)   Other: 0.4ms
[2021-12-28T22:57:30.501+0530][9.594s] GC(11) Eden regions: 92->0(114)
[2021-12-28T22:57:30.501+0530][9.594s] GC(11) Survivor regions: 5->6(13)
[2021-12-28T22:57:30.501+0530][9.594s] GC(11) Old regions: 21->21
[2021-12-28T22:57:30.501+0530][9.594s] GC(11) Archive regions: 0->0
[2021-12-28T22:57:30.501+0530][9.594s] GC(11) Humongous regions: 4->4
[2021-12-28T22:57:30.501+0530][9.594s] GC(11) Metaspace: 42490K->42490K(1087488K)
[2021-12-28T22:57:30.501+0530][9.594s] GC(11) Pause Young (Concurrent Start) (G1 Evacuation Pause) 121M->30M(512M) 20.835ms
[2021-12-28T22:57:30.501+0530][9.594s] GC(11) User=0.03s Sys=0.00s Real=0.02s
[2021-12-28T22:57:30.501+0530][9.594s] GC(12) Concurrent Cycle
[2021-12-28T22:57:30.501+0530][9.595s] GC(12) Concurrent Clear Claimed Marks
[2021-12-28T22:57:30.501+0530][9.595s] GC(12) Concurrent Clear Claimed Marks 0.095ms
[2021-12-28T22:57:30.501+0530][9.595s] GC(12) Concurrent Scan Root Regions
[2021-12-28T22:57:30.514+0530][9.608s] GC(12) Concurrent Scan Root Regions 12.892ms
[2021-12-28T22:57:30.514+0530][9.608s] GC(12) Concurrent Mark (9.608s)
[2021-12-28T22:57:30.514+0530][9.608s] GC(12) Concurrent Mark From Roots
[2021-12-28T22:57:30.514+0530][9.608s] GC(12) Using 1 workers of 1 for marking
[2021-12-28T22:57:30.580+0530][9.674s] GC(12) Concurrent Mark From Roots 65.852ms
[2021-12-28T22:57:30.580+0530][9.674s] GC(12) Concurrent Preclean
[2021-12-28T22:57:30.580+0530][9.674s] GC(12) Concurrent Preclean 0.166ms
[2021-12-28T22:57:30.580+0530][9.674s] GC(12) Concurrent Mark (9.608s, 9.674s) 66.122ms
[2021-12-28T22:57:30.581+0530][9.674s] GC(12) Pause Remark
[2021-12-28T22:57:30.588+0530][9.681s] GC(12) Pause Remark 46M->46M(512M) 6.860ms
[2021-12-28T22:57:30.588+0530][9.681s] GC(12) User=0.01s Sys=0.00s Real=0.01s
[2021-12-28T22:57:30.588+0530][9.681s] GC(12) Concurrent Rebuild Remembered Sets
[2021-12-28T22:57:30.606+0530][9.700s] GC(12) Concurrent Rebuild Remembered Sets 18.630ms
[2021-12-28T22:57:30.616+0530][9.710s] GC(12) Pause Cleanup
[2021-12-28T22:57:30.617+0530][9.710s] GC(12) Pause Cleanup 52M->52M(512M) 0.360ms
[2021-12-28T22:57:30.617+0530][9.710s] GC(12) User=0.00s Sys=0.00s Real=0.00s
[2021-12-28T22:57:30.617+0530][9.710s] GC(12) Concurrent Cleanup for Next Mark
[2021-12-28T22:57:30.619+0530][9.713s] GC(12) Concurrent Cleanup for Next Mark 2.517ms
[2021-12-28T22:57:30.619+0530][9.713s] GC(12) Concurrent Cycle 118.300ms
[2021-12-28T22:57:32.033+0530][11.126s] GC(13) Pause Young (Normal) (G1 Evacuation Pause)
[2021-12-28T22:57:32.033+0530][11.126s] GC(13) Using 2 workers of 2 for evacuation
[2021-12-28T22:57:32.051+0530][11.144s] GC(13)   Pre Evacuate Collection Set: 0.1ms
[2021-12-28T22:57:32.051+0530][11.144s] GC(13)   Evacuate Collection Set: 16.4ms
[2021-12-28T22:57:32.051+0530][11.144s] GC(13)   Post Evacuate Collection Set: 1.1ms
[2021-12-28T22:57:32.051+0530][11.144s] GC(13)   Other: 0.3ms
[2021-12-28T22:57:32.051+0530][11.144s] GC(13) Eden regions: 117->0(222)
[2021-12-28T22:57:32.051+0530][11.144s] GC(13) Survivor regions: 6->8(16)
[2021-12-28T22:57:32.051+0530][11.144s] GC(13) Old regions: 21->21
[2021-12-28T22:57:32.051+0530][11.144s] GC(13) Archive regions: 0->0
[2021-12-28T22:57:32.051+0530][11.144s] GC(13) Humongous regions: 4->4
[2021-12-28T22:57:32.051+0530][11.144s] GC(13) Metaspace: 47233K->47233K(1091584K)
[2021-12-28T22:57:32.051+0530][11.144s] GC(13) Pause Young (Normal) (G1 Evacuation Pause) 147M->31M(512M) 18.054ms
[2021-12-28T22:57:32.051+0530][11.144s] GC(13) User=0.04s Sys=0.00s Real=0.01s
[2021-12-29T05:24:34.813+0530][19874.260s] Heap
[2021-12-29T05:24:34.945+0530][19874.393s]  garbage-first heap   total 524288K, used 233264K [0x00000000e0000000, 0x0000000100000000)
[2021-12-29T05:24:34.945+0530][19874.393s]   region size 1024K, 205 young (209920K), 8 survivors (8192K)
[2021-12-29T05:24:34.945+0530][19874.393s]  Metaspace       used 56005K, capacity 56969K, committed 57468K, reserved 1099776K
[2021-12-29T05:24:34.945+0530][19874.393s]   class space    used 6304K, capacity 6668K, committed 6784K, reserved 1048576K
